
Memory Configuration

Name             Origin             Length             Attributes
SRAM             0x20041f00         0x000000fc         xr
*default*        0x00000000         0xffffffff

Linker script and memory map

                0x20041f00                . = ORIGIN (SRAM)

.text           0x20041f00       0x4c
 *(.entry)
 *(.text)
 .text          0x20041f00       0x4c pico-sdk/src/rp2_common/boot_stage2/CMakeFiles/bs2_default.dir/boot2_generic_03h.S.obj
                0x20041f00                _stage2_boot
                0x20041f34                literals
LOAD pico-sdk/src/rp2_common/boot_stage2/CMakeFiles/bs2_default.dir/boot2_generic_03h.S.obj
START GROUP
LOAD c:/users/adewa/code/rppico/gcc-arm-none-eabi/bin/../lib/gcc/arm-none-eabi/10.3.1/thumb/v6-m/nofp\libgcc.a
LOAD c:/users/adewa/code/rppico/gcc-arm-none-eabi/bin/../lib/gcc/arm-none-eabi/10.3.1/../../../../arm-none-eabi/lib/thumb/v6-m/nofp\libg.a
LOAD c:/users/adewa/code/rppico/gcc-arm-none-eabi/bin/../lib/gcc/arm-none-eabi/10.3.1/../../../../arm-none-eabi/lib/thumb/v6-m/nofp\libc.a
END GROUP
START GROUP
LOAD c:/users/adewa/code/rppico/gcc-arm-none-eabi/bin/../lib/gcc/arm-none-eabi/10.3.1/thumb/v6-m/nofp\libgcc.a
LOAD c:/users/adewa/code/rppico/gcc-arm-none-eabi/bin/../lib/gcc/arm-none-eabi/10.3.1/../../../../arm-none-eabi/lib/thumb/v6-m/nofp\libc.a
LOAD c:/users/adewa/code/rppico/gcc-arm-none-eabi/bin/../lib/gcc/arm-none-eabi/10.3.1/../../../../arm-none-eabi/lib/thumb/v6-m/nofp\libnosys.a
END GROUP
OUTPUT(pico-sdk\src\rp2_common\boot_stage2\bs2_default.elf elf32-littlearm)
LOAD linker stubs

.data           0x20041f4c        0x0
 .data          0x20041f4c        0x0 pico-sdk/src/rp2_common/boot_stage2/CMakeFiles/bs2_default.dir/boot2_generic_03h.S.obj

.glue_7         0x20041f4c        0x0
 .glue_7        0x20041f4c        0x0 linker stubs

.glue_7t        0x20041f4c        0x0
 .glue_7t       0x20041f4c        0x0 linker stubs

.vfp11_veneer   0x20041f4c        0x0
 .vfp11_veneer  0x20041f4c        0x0 linker stubs

.v4_bx          0x20041f4c        0x0
 .v4_bx         0x20041f4c        0x0 linker stubs

.bss            0x20041f4c        0x0
 .bss           0x20041f4c        0x0 pico-sdk/src/rp2_common/boot_stage2/CMakeFiles/bs2_default.dir/boot2_generic_03h.S.obj

.ARM.attributes
                0x00000000       0x22
 .ARM.attributes
                0x00000000       0x22 pico-sdk/src/rp2_common/boot_stage2/CMakeFiles/bs2_default.dir/boot2_generic_03h.S.obj

.debug_line     0x00000000      0x11c
 .debug_line    0x00000000      0x11c pico-sdk/src/rp2_common/boot_stage2/CMakeFiles/bs2_default.dir/boot2_generic_03h.S.obj

.debug_info     0x00000000       0x26
 .debug_info    0x00000000       0x26 pico-sdk/src/rp2_common/boot_stage2/CMakeFiles/bs2_default.dir/boot2_generic_03h.S.obj

.debug_abbrev   0x00000000       0x14
 .debug_abbrev  0x00000000       0x14 pico-sdk/src/rp2_common/boot_stage2/CMakeFiles/bs2_default.dir/boot2_generic_03h.S.obj

.debug_aranges  0x00000000       0x20
 .debug_aranges
                0x00000000       0x20 pico-sdk/src/rp2_common/boot_stage2/CMakeFiles/bs2_default.dir/boot2_generic_03h.S.obj

.debug_str      0x00000000       0x89
 .debug_str     0x00000000       0x89 pico-sdk/src/rp2_common/boot_stage2/CMakeFiles/bs2_default.dir/boot2_generic_03h.S.obj
