Archive member included to satisfy reference by file (symbol)

c:/progra~1/raspbe~1/picosd~1.1/gcc-ar~1/bin/../lib/gcc/arm-none-eabi/10.3.1/thumb/v6-m/nofp\libgcc.a(_dvmd_tls.o)
                              usb_msc/CMakeFiles/usb_msc.dir/C_/Program_Files/Raspberry_Pi/Pico_SDK_v1.5.1/pico-sdk/src/rp2_common/pico_divider/divider.S.obj (__aeabi_idiv0)
c:/progra~1/raspbe~1/picosd~1.1/gcc-ar~1/bin/../lib/gcc/arm-none-eabi/10.3.1/../../../../arm-none-eabi/lib/thumb/v6-m/nofp\libc.a(lib_a-calloc.o)
                              usb_msc/CMakeFiles/usb_msc.dir/C_/Program_Files/Raspberry_Pi/Pico_SDK_v1.5.1/pico-sdk/src/rp2_common/pico_malloc/pico_malloc.c.obj (calloc)
c:/progra~1/raspbe~1/picosd~1.1/gcc-ar~1/bin/../lib/gcc/arm-none-eabi/10.3.1/../../../../arm-none-eabi/lib/thumb/v6-m/nofp\libc.a(lib_a-callocr.o)
                              c:/progra~1/raspbe~1/picosd~1.1/gcc-ar~1/bin/../lib/gcc/arm-none-eabi/10.3.1/../../../../arm-none-eabi/lib/thumb/v6-m/nofp\libc.a(lib_a-calloc.o) (_calloc_r)
c:/progra~1/raspbe~1/picosd~1.1/gcc-ar~1/bin/../lib/gcc/arm-none-eabi/10.3.1/../../../../arm-none-eabi/lib/thumb/v6-m/nofp\libc.a(lib_a-errno.o)
                              c:/progra~1/raspbe~1/picosd~1.1/gcc-ar~1/bin/../lib/gcc/arm-none-eabi/10.3.1/../../../../arm-none-eabi/lib/thumb/v6-m/nofp\libc.a(lib_a-callocr.o) (__errno)
c:/progra~1/raspbe~1/picosd~1.1/gcc-ar~1/bin/../lib/gcc/arm-none-eabi/10.3.1/../../../../arm-none-eabi/lib/thumb/v6-m/nofp\libc.a(lib_a-impure.o)
                              c:/progra~1/raspbe~1/picosd~1.1/gcc-ar~1/bin/../lib/gcc/arm-none-eabi/10.3.1/../../../../arm-none-eabi/lib/thumb/v6-m/nofp\libc.a(lib_a-calloc.o) (_impure_ptr)
c:/progra~1/raspbe~1/picosd~1.1/gcc-ar~1/bin/../lib/gcc/arm-none-eabi/10.3.1/../../../../arm-none-eabi/lib/thumb/v6-m/nofp\libc.a(lib_a-init.o)
                              c:/progra~1/raspbe~1/picosd~1.1/gcc-ar~1/bin/../lib/gcc/arm-none-eabi/10.3.1/../../../../arm-none-eabi/lib/thumb/v6-m/nofp/crt0.o (__libc_init_array)
c:/progra~1/raspbe~1/picosd~1.1/gcc-ar~1/bin/../lib/gcc/arm-none-eabi/10.3.1/../../../../arm-none-eabi/lib/thumb/v6-m/nofp\libc.a(lib_a-malloc.o)
                              usb_msc/CMakeFiles/usb_msc.dir/C_/Program_Files/Raspberry_Pi/Pico_SDK_v1.5.1/pico-sdk/src/rp2_common/pico_malloc/pico_malloc.c.obj (malloc)
c:/progra~1/raspbe~1/picosd~1.1/gcc-ar~1/bin/../lib/gcc/arm-none-eabi/10.3.1/../../../../arm-none-eabi/lib/thumb/v6-m/nofp\libc.a(lib_a-mallocr.o)
                              c:/progra~1/raspbe~1/picosd~1.1/gcc-ar~1/bin/../lib/gcc/arm-none-eabi/10.3.1/../../../../arm-none-eabi/lib/thumb/v6-m/nofp\libc.a(lib_a-callocr.o) (_malloc_r)
c:/progra~1/raspbe~1/picosd~1.1/gcc-ar~1/bin/../lib/gcc/arm-none-eabi/10.3.1/../../../../arm-none-eabi/lib/thumb/v6-m/nofp\libc.a(lib_a-memmove.o)
                              usb_msc/CMakeFiles/usb_msc.dir/C_/Program_Files/Raspberry_Pi/Pico_SDK_v1.5.1/pico-sdk/lib/tinyusb/src/class/msc/msc_device.c.obj (memmove)
c:/progra~1/raspbe~1/picosd~1.1/gcc-ar~1/bin/../lib/gcc/arm-none-eabi/10.3.1/../../../../arm-none-eabi/lib/thumb/v6-m/nofp\libc.a(lib_a-mlock.o)
                              c:/progra~1/raspbe~1/picosd~1.1/gcc-ar~1/bin/../lib/gcc/arm-none-eabi/10.3.1/../../../../arm-none-eabi/lib/thumb/v6-m/nofp\libc.a(lib_a-mallocr.o) (__malloc_lock)
c:/progra~1/raspbe~1/picosd~1.1/gcc-ar~1/bin/../lib/gcc/arm-none-eabi/10.3.1/../../../../arm-none-eabi/lib/thumb/v6-m/nofp\libc.a(lib_a-realloc.o)
                              usb_msc/CMakeFiles/usb_msc.dir/C_/Program_Files/Raspberry_Pi/Pico_SDK_v1.5.1/pico-sdk/src/rp2_common/pico_malloc/pico_malloc.c.obj (realloc)
c:/progra~1/raspbe~1/picosd~1.1/gcc-ar~1/bin/../lib/gcc/arm-none-eabi/10.3.1/../../../../arm-none-eabi/lib/thumb/v6-m/nofp\libc.a(lib_a-reallocr.o)
                              c:/progra~1/raspbe~1/picosd~1.1/gcc-ar~1/bin/../lib/gcc/arm-none-eabi/10.3.1/../../../../arm-none-eabi/lib/thumb/v6-m/nofp\libc.a(lib_a-realloc.o) (_realloc_r)
c:/progra~1/raspbe~1/picosd~1.1/gcc-ar~1/bin/../lib/gcc/arm-none-eabi/10.3.1/../../../../arm-none-eabi/lib/thumb/v6-m/nofp\libc.a(lib_a-sbrkr.o)
                              c:/progra~1/raspbe~1/picosd~1.1/gcc-ar~1/bin/../lib/gcc/arm-none-eabi/10.3.1/../../../../arm-none-eabi/lib/thumb/v6-m/nofp\libc.a(lib_a-mallocr.o) (_sbrk_r)
c:/progra~1/raspbe~1/picosd~1.1/gcc-ar~1/bin/../lib/gcc/arm-none-eabi/10.3.1/../../../../arm-none-eabi/lib/thumb/v6-m/nofp\libc.a(lib_a-strlen-stub.o)
                              usb_msc/CMakeFiles/usb_msc.dir/usb_descriptors.c.obj (strlen)
c:/progra~1/raspbe~1/picosd~1.1/gcc-ar~1/bin/../lib/gcc/arm-none-eabi/10.3.1/../../../../arm-none-eabi/lib/thumb/v6-m/nofp\libc.a(lib_a-freer.o)
                              c:/progra~1/raspbe~1/picosd~1.1/gcc-ar~1/bin/../lib/gcc/arm-none-eabi/10.3.1/../../../../arm-none-eabi/lib/thumb/v6-m/nofp\libc.a(lib_a-malloc.o) (_free_r)
[...]
Memory Configuration

Name             Origin             Length             Attributes
FLASH            0x10000000         0x00200000         xr
RAM              0x20000000         0x00040000         xrw
SCRATCH_X        0x20040000         0x00001000         xrw
SCRATCH_Y        0x20041000         0x00001000         xrw
*default*        0x00000000         0xffffffff

Linker script and memory map

LOAD c:/progra~1/raspbe~1/picosd~1.1/gcc-ar~1/bin/../lib/gcc/arm-none-eabi/10.3.1/thumb/v6-m/nofp/crti.o
LOAD c:/progra~1/raspbe~1/picosd~1.1/gcc-ar~1/bin/../lib/gcc/arm-none-eabi/10.3.1/thumb/v6-m/nofp/crtbegin.o
LOAD c:/progra~1/raspbe~1/picosd~1.1/gcc-ar~1/bin/../lib/gcc/arm-none-eabi/10.3.1/../../../../arm-none-eabi/lib/thumb/v6-m/nofp/crt0.o

.flash_begin    0x10000000        0x0
                0x10000000                __flash_binary_start = .

.boot2          0x10000000      0x100
                0x10000000                __boot2_start__ = .
 *(.boot2)
 .boot2         0x10000000      0x100 C:\Users\adewa\AppData\Local\Temp\ccCyAvBb.o
                0x10000100                __boot2_end__ = .
                0x00000001                ASSERT (((__boot2_end__ - __boot2_start__) == 0x100), ERROR: Pico second stage bootloader must be 256 bytes in size)

.text           0x10000100     0x4980
                0x10000100                __logical_binary_start = .
 *(.vectors)
 .vectors       0x10000100       0xd4 usb_msc/CMakeFiles/usb_msc.dir/C_/Program_Files/Raspberry_Pi/Pico_SDK_v1.5.1/pico-sdk/src/rp2_common/pico_standard_link/crt0.S.obj
                0x10000100                __VECTOR_TABLE
                0x10000100                __vectors
                0x100001c0                isr_invalid
                0x100001c0                __default_isrs_start
                0x100001c2                isr_nmi
                0x100001c4                isr_hardfault
                0x100001c6                isr_svcall
                0x100001c8                isr_pendsv
                0x100001ca                isr_systick
                0x100001cc                isr_irq23
                0x100001cc                isr_irq18
                0x100001cc                isr_irq11
                0x100001cc                isr_irq28
                0x100001cc                isr_irq19
                0x100001cc                isr_irq0
                0x100001cc                isr_irq6
                0x100001cc                isr_irq5
                0x100001cc                isr_irq12
                0x100001cc                isr_irq22
                0x100001cc                isr_irq31
                0x100001cc                isr_irq17
                0x100001cc                isr_irq27
                0x100001cc                isr_irq30
                0x100001cc                isr_irq2
                0x100001cc                isr_irq10
                0x100001cc                isr_irq8
                0x100001cc                isr_irq24
                0x100001cc                isr_irq1
                0x100001cc                isr_irq7
                0x100001cc                isr_irq21
                0x100001cc                isr_irq20
                0x100001cc                isr_irq15
                0x100001cc                isr_irq25
                0x100001cc                isr_irq13
                0x100001cc                __unhandled_user_irq
                0x100001cc                isr_irq4
                0x100001cc                isr_irq16
                0x100001cc                isr_irq29
                0x100001cc                isr_irq26
                0x100001cc                __default_isrs_end
                0x100001cc                isr_irq3
                0x100001cc                isr_irq14
                0x100001cc                isr_irq9
                0x100001d2                unhandled_user_irq_num_in_r0
 *(.binary_info_header)
 .binary_info_header
                0x100001d4       0x14 usb_msc/CMakeFiles/usb_msc.dir/C_/Program_Files/Raspberry_Pi/Pico_SDK_v1.5.1/pico-sdk/src/rp2_common/pico_standard_link/crt0.S.obj
                0x100001e8                __binary_info_header_end = .
 *(.reset)
 .reset         0x100001e8       0xa0 usb_msc/CMakeFiles/usb_msc.dir/C_/Program_Files/Raspberry_Pi/Pico_SDK_v1.5.1/pico-sdk/src/rp2_common/pico_standard_link/crt0.S.obj
                0x100001e8                _entry_point
 .reset         0x10000288       0x30 usb_msc/CMakeFiles/usb_msc.dir/C_/Program_Files/Raspberry_Pi/Pico_SDK_v1.5.1/pico-sdk/src/rp2_common/pico_standard_link/binary_info.c.obj
 *(.init)
 .init          0x100002b8        0x4 c:/progra~1/raspbe~1/picosd~1.1/gcc-ar~1/bin/../lib/gcc/arm-none-eabi/10.3.1/thumb/v6-m/nofp/crti.o
                0x100002b8                _init
 *(EXCLUDE_FILE(*libm.a: *libc.a:*lib_a-mem*.o *libgcc.a:) .text*)
 .text          0x100002bc       0x48 c:/progra~1/raspbe~1/picosd~1.1/gcc-ar~1/bin/../lib/gcc/arm-none-eabi/10.3.1/thumb/v6-m/nofp/crtbegin.o
 .text.startup.main
                0x10000304       0x90 usb_msc/CMakeFiles/usb_msc.dir/main.c.obj
                0x10000304                main
 .text.tud_mount_cb
                0x10000394       0x10 usb_msc/CMakeFiles/usb_msc.dir/main.c.obj
                0x10000394                tud_mount_cb
 .text.tud_umount_cb
                0x100003a4       0x10 usb_msc/CMakeFiles/usb_msc.dir/main.c.obj
                0x100003a4                tud_umount_cb
 .text.tud_suspend_cb
                0x100003b4       0x10 usb_msc/CMakeFiles/usb_msc.dir/main.c.obj
                0x100003b4                tud_suspend_cb
 .text.tud_resume_cb
                0x100003c4       0x10 usb_msc/CMakeFiles/usb_msc.dir/main.c.obj
                0x100003c4                tud_resume_cb
 .text.tud_descriptor_device_cb
                0x100003d4        0x8 usb_msc/CMakeFiles/usb_msc.dir/usb_descriptors.c.obj
                0x100003d4                tud_descriptor_device_cb
 .text.tud_descriptor_configuration_cb
                0x100003dc        0x8 usb_msc/CMakeFiles/usb_msc.dir/usb_descriptors.c.obj
                0x100003dc                tud_descriptor_configuration_cb
 .text.tud_descriptor_string_cb
                0x100003e4       0x80 usb_msc/CMakeFiles/usb_msc.dir/usb_descriptors.c.obj
                0x100003e4                tud_descriptor_string_cb
 .text.dir_fill_req_entries
                0x10000464      0x104 usb_msc/CMakeFiles/usb_msc.dir/msc_disk.c.obj
                0x10000464                dir_fill_req_entries
 .text.tud_msc_get_maxlun_cb
                0x10000568        0x4 usb_msc/CMakeFiles/usb_msc.dir/msc_disk.c.obj
                0x10000568                tud_msc_get_maxlun_cb
 .text.tud_msc_inquiry_cb
                0x1000056c       0x58 usb_msc/CMakeFiles/usb_msc.dir/msc_disk.c.obj
                0x1000056c                tud_msc_inquiry_cb
 .text.tud_msc_test_unit_ready_cb
                0x100005c4       0x18 usb_msc/CMakeFiles/usb_msc.dir/msc_disk.c.obj
                0x100005c4                tud_msc_test_unit_ready_cb
 .text.tud_msc_capacity_cb
                0x100005dc       0x10 usb_msc/CMakeFiles/usb_msc.dir/msc_disk.c.obj
                0x100005dc                tud_msc_capacity_cb
 .text.tud_msc_start_stop_cb
                0x100005ec        0x4 usb_msc/CMakeFiles/usb_msc.dir/msc_disk.c.obj
                0x100005ec                tud_msc_start_stop_cb
 .text.tud_msc_read10_cb
                0x100005f0       0x28 usb_msc/CMakeFiles/usb_msc.dir/msc_disk.c.obj
                0x100005f0                tud_msc_read10_cb
 .text.tud_msc_is_writable_cb
                0x10000618        0x4 usb_msc/CMakeFiles/usb_msc.dir/msc_disk.c.obj
                0x10000618                tud_msc_is_writable_cb
 .text.tud_msc_write10_cb
                0x1000061c       0x80 usb_msc/CMakeFiles/usb_msc.dir/msc_disk.c.obj
                0x1000061c                tud_msc_write10_cb
 .text.tud_msc_scsi_cb
                0x1000069c       0x14 usb_msc/CMakeFiles/usb_msc.dir/msc_disk.c.obj
                0x1000069c                tud_msc_scsi_cb
 .text.gpio_set_function
                0x100006b0       0x30 usb_msc/CMakeFiles/usb_msc.dir/C_/Program_Files/Raspberry_Pi/Pico_SDK_v1.5.1/pico-sdk/src/rp2_common/hardware_gpio/gpio.c.obj
                0x100006b0                gpio_set_function
 .text.gpio_init
                0x100006e0       0x3c usb_msc/CMakeFiles/usb_msc.dir/C_/Program_Files/Raspberry_Pi/Pico_SDK_v1.5.1/pico-sdk/src/rp2_common/hardware_gpio/gpio.c.obj
                0x100006e0                gpio_init
 .text.running_on_fpga
                0x1000071c       0x10 usb_msc/CMakeFiles/usb_msc.dir/C_/Program_Files/Raspberry_Pi/Pico_SDK_v1.5.1/pico-sdk/src/rp2_common/pico_platform/platform.c.obj
                0x1000071c                running_on_fpga
 .text.hw_claim_or_assert
                0x1000072c       0x44 usb_msc/CMakeFiles/usb_msc.dir/C_/Program_Files/Raspberry_Pi/Pico_SDK_v1.5.1/pico-sdk/src/rp2_common/hardware_claim/claim.c.obj
                0x1000072c                hw_claim_or_assert
 .text.hw_claim_unused_from_range
                0x10000770       0x9c usb_msc/CMakeFiles/usb_msc.dir/C_/Program_Files/Raspberry_Pi/Pico_SDK_v1.5.1/pico-sdk/src/rp2_common/hardware_claim/claim.c.obj
                0x10000770                hw_claim_unused_from_range
 .text.spin_locks_reset
                0x1000080c       0x1c usb_msc/CMakeFiles/usb_msc.dir/C_/Program_Files/Raspberry_Pi/Pico_SDK_v1.5.1/pico-sdk/src/rp2_common/hardware_sync/sync.c.obj
                0x1000080c                spin_locks_reset
 .text.next_striped_spin_lock_num
                0x10000828       0x18 usb_msc/CMakeFiles/usb_msc.dir/C_/Program_Files/Raspberry_Pi/Pico_SDK_v1.5.1/pico-sdk/src/rp2_common/hardware_sync/sync.c.obj
                0x10000828                next_striped_spin_lock_num
 .text.spin_lock_claim_unused
                0x10000840       0x20 usb_msc/CMakeFiles/usb_msc.dir/C_/Program_Files/Raspberry_Pi/Pico_SDK_v1.5.1/pico-sdk/src/rp2_common/hardware_sync/sync.c.obj
                0x10000840                spin_lock_claim_unused
 .text.irq_set_enabled
                0x10000860       0x24 usb_msc/CMakeFiles/usb_msc.dir/C_/Program_Files/Raspberry_Pi/Pico_SDK_v1.5.1/pico-sdk/src/rp2_common/hardware_irq/irq.c.obj
                0x10000860                irq_set_enabled
 .text.irq_get_vtable_handler
                0x10000884       0x10 usb_msc/CMakeFiles/usb_msc.dir/C_/Program_Files/Raspberry_Pi/Pico_SDK_v1.5.1/pico-sdk/src/rp2_common/hardware_irq/irq.c.obj
                0x10000884                irq_get_vtable_handler
 .text.irq_set_exclusive_handler
                0x10000894       0x54 usb_msc/CMakeFiles/usb_msc.dir/C_/Program_Files/Raspberry_Pi/Pico_SDK_v1.5.1/pico-sdk/src/rp2_common/hardware_irq/irq.c.obj
                0x10000894                irq_set_exclusive_handler
 .text.irq_add_shared_handler
                0x100008e8      0x1e8 usb_msc/CMakeFiles/usb_msc.dir/C_/Program_Files/Raspberry_Pi/Pico_SDK_v1.5.1/pico-sdk/src/rp2_common/hardware_irq/irq.c.obj
                0x100008e8                irq_add_shared_handler
 .text.irq_remove_handler
                0x10000ad0      0x1b0 usb_msc/CMakeFiles/usb_msc.dir/C_/Program_Files/Raspberry_Pi/Pico_SDK_v1.5.1/pico-sdk/src/rp2_common/hardware_irq/irq.c.obj
                0x10000ad0                irq_remove_handler
 .text.irq_add_tail_to_free_list
                0x10000c80       0xb4 usb_msc/CMakeFiles/usb_msc.dir/C_/Program_Files/Raspberry_Pi/Pico_SDK_v1.5.1/pico-sdk/src/rp2_common/hardware_irq/irq.c.obj
                0x10000c80                irq_add_tail_to_free_list
 .text.irq_init_priorities
                0x10000d34       0x24 usb_msc/CMakeFiles/usb_msc.dir/C_/Program_Files/Raspberry_Pi/Pico_SDK_v1.5.1/pico-sdk/src/rp2_common/hardware_irq/irq.c.obj
                0x10000d34                irq_init_priorities
 .text.lock_init
                0x10000d58       0x10 usb_msc/CMakeFiles/usb_msc.dir/C_/Program_Files/Raspberry_Pi/Pico_SDK_v1.5.1/pico-sdk/src/common/pico_sync/lock_core.c.obj
                0x10000d58                lock_init
 .text.mutex_init
                0x10000d68       0x1c usb_msc/CMakeFiles/usb_msc.dir/C_/Program_Files/Raspberry_Pi/Pico_SDK_v1.5.1/pico-sdk/src/common/pico_sync/mutex.c.obj
                0x10000d68                mutex_init
 .text.recursive_mutex_init
                0x10000d84       0x1c usb_msc/CMakeFiles/usb_msc.dir/C_/Program_Files/Raspberry_Pi/Pico_SDK_v1.5.1/pico-sdk/src/common/pico_sync/mutex.c.obj
                0x10000d84                recursive_mutex_init
 .text.critical_section_init
                0x10000da0       0x20 usb_msc/CMakeFiles/usb_msc.dir/C_/Program_Files/Raspberry_Pi/Pico_SDK_v1.5.1/pico-sdk/src/common/pico_sync/critical_section.c.obj
                0x10000da0                critical_section_init
 .text.timer_pool_entry_comparator
                0x10000dc0       0x34 usb_msc/CMakeFiles/usb_msc.dir/C_/Program_Files/Raspberry_Pi/Pico_SDK_v1.5.1/pico-sdk/src/common/pico_time/time.c.obj
                0x10000dc0                timer_pool_entry_comparator
 .text.sleep_until_callback
                0x10000df4       0x30 usb_msc/CMakeFiles/usb_msc.dir/C_/Program_Files/Raspberry_Pi/Pico_SDK_v1.5.1/pico-sdk/src/common/pico_time/time.c.obj
 .text.add_alarm_under_lock.isra.0
                0x10000e24      0x100 usb_msc/CMakeFiles/usb_msc.dir/C_/Program_Files/Raspberry_Pi/Pico_SDK_v1.5.1/pico-sdk/src/common/pico_time/time.c.obj
 .text.alarm_pool_alarm_callback
                0x10000f24      0x1bc usb_msc/CMakeFiles/usb_msc.dir/C_/Program_Files/Raspberry_Pi/Pico_SDK_v1.5.1/pico-sdk/src/common/pico_time/time.c.obj
 .text.alarm_pool_init_default
                0x100010e0       0x6c usb_msc/CMakeFiles/usb_msc.dir/C_/Program_Files/Raspberry_Pi/Pico_SDK_v1.5.1/pico-sdk/src/common/pico_time/time.c.obj
                0x100010e0                alarm_pool_init_default
 .text.alarm_pool_add_alarm_at
                0x1000114c      0x178 usb_msc/CMakeFiles/usb_msc.dir/C_/Program_Files/Raspberry_Pi/Pico_SDK_v1.5.1/pico-sdk/src/common/pico_time/time.c.obj
                0x1000114c                alarm_pool_add_alarm_at
 .text.best_effort_wfe_or_timeout
                0x100012c4       0xd4 usb_msc/CMakeFiles/usb_msc.dir/C_/Program_Files/Raspberry_Pi/Pico_SDK_v1.5.1/pico-sdk/src/common/pico_time/time.c.obj
                0x100012c4                best_effort_wfe_or_timeout
 .text.hardware_alarm_irq_handler
                0x10001398       0xbc usb_msc/CMakeFiles/usb_msc.dir/C_/Program_Files/Raspberry_Pi/Pico_SDK_v1.5.1/pico-sdk/src/rp2_common/hardware_timer/timer.c.obj
 .text.hardware_alarm_claim
                0x10001454       0x18 usb_msc/CMakeFiles/usb_msc.dir/C_/Program_Files/Raspberry_Pi/Pico_SDK_v1.5.1/pico-sdk/src/rp2_common/hardware_timer/timer.c.obj
                0x10001454                hardware_alarm_claim
 .text.time_us_64
                0x1000146c       0x14 usb_msc/CMakeFiles/usb_msc.dir/C_/Program_Files/Raspberry_Pi/Pico_SDK_v1.5.1/pico-sdk/src/rp2_common/hardware_timer/timer.c.obj
                0x1000146c                time_us_64
 .text.busy_wait_us
                0x10001480       0x54 usb_msc/CMakeFiles/usb_msc.dir/C_/Program_Files/Raspberry_Pi/Pico_SDK_v1.5.1/pico-sdk/src/rp2_common/hardware_timer/timer.c.obj
                0x10001480                busy_wait_us
 .text.hardware_alarm_set_callback
                0x100014d4       0x8c usb_msc/CMakeFiles/usb_msc.dir/C_/Program_Files/Raspberry_Pi/Pico_SDK_v1.5.1/pico-sdk/src/rp2_common/hardware_timer/timer.c.obj
                0x100014d4                hardware_alarm_set_callback
 .text.hardware_alarm_set_target
                0x10001560       0xd4 usb_msc/CMakeFiles/usb_msc.dir/C_/Program_Files/Raspberry_Pi/Pico_SDK_v1.5.1/pico-sdk/src/rp2_common/hardware_timer/timer.c.obj
                0x10001560                hardware_alarm_set_target
 .text.hardware_alarm_cancel
                0x10001634       0x3c usb_msc/CMakeFiles/usb_msc.dir/C_/Program_Files/Raspberry_Pi/Pico_SDK_v1.5.1/pico-sdk/src/rp2_common/hardware_timer/timer.c.obj
                0x10001634                hardware_alarm_cancel
 .text.ph_merge_nodes
                0x10001670       0x68 usb_msc/CMakeFiles/usb_msc.dir/C_/Program_Files/Raspberry_Pi/Pico_SDK_v1.5.1/pico-sdk/src/common/pico_util/pheap.c.obj
 .text.ph_post_alloc_init
                0x100016d8       0x3c usb_msc/CMakeFiles/usb_msc.dir/C_/Program_Files/Raspberry_Pi/Pico_SDK_v1.5.1/pico-sdk/src/common/pico_util/pheap.c.obj
                0x100016d8                ph_post_alloc_init
 .text.ph_merge_two_pass
                0x10001714       0x90 usb_msc/CMakeFiles/usb_msc.dir/C_/Program_Files/Raspberry_Pi/Pico_SDK_v1.5.1/pico-sdk/src/common/pico_util/pheap.c.obj
                0x10001714                ph_merge_two_pass
 .text.ph_remove_any_head
                0x100017a4      0x100 usb_msc/CMakeFiles/usb_msc.dir/C_/Program_Files/Raspberry_Pi/Pico_SDK_v1.5.1/pico-sdk/src/common/pico_util/pheap.c.obj
 .text.ph_remove_head
                0x100018a4      0x104 usb_msc/CMakeFiles/usb_msc.dir/C_/Program_Files/Raspberry_Pi/Pico_SDK_v1.5.1/pico-sdk/src/common/pico_util/pheap.c.obj
                0x100018a4                ph_remove_head
 .text.ph_remove_and_free_node
                0x100019a8       0x7c usb_msc/CMakeFiles/usb_msc.dir/C_/Program_Files/Raspberry_Pi/Pico_SDK_v1.5.1/pico-sdk/src/common/pico_util/pheap.c.obj
                0x100019a8                ph_remove_and_free_node
 .text.uart_init
                0x10001a24      0x188 usb_msc/CMakeFiles/usb_msc.dir/C_/Program_Files/Raspberry_Pi/Pico_SDK_v1.5.1/pico-sdk/src/rp2_common/hardware_uart/uart.c.obj
                0x10001a24                uart_init
 .text.clocks_init
                0x10001bac      0x2d0 usb_msc/CMakeFiles/usb_msc.dir/C_/Program_Files/Raspberry_Pi/Pico_SDK_v1.5.1/pico-sdk/src/rp2_common/hardware_clocks/clocks.c.obj
                0x10001bac                clocks_init
 .text.clock_get_hz
                0x10001e7c        0xc usb_msc/CMakeFiles/usb_msc.dir/C_/Program_Files/Raspberry_Pi/Pico_SDK_v1.5.1/pico-sdk/src/rp2_common/hardware_clocks/clocks.c.obj
                0x10001e7c                clock_get_hz
 .text.pll_init
                0x10001e88       0xa0 usb_msc/CMakeFiles/usb_msc.dir/C_/Program_Files/Raspberry_Pi/Pico_SDK_v1.5.1/pico-sdk/src/rp2_common/hardware_pll/pll.c.obj
                0x10001e88                pll_init
 .text.watchdog_start_tick
                0x10001f28       0x10 usb_msc/CMakeFiles/usb_msc.dir/C_/Program_Files/Raspberry_Pi/Pico_SDK_v1.5.1/pico-sdk/src/rp2_common/hardware_watchdog/watchdog.c.obj
                0x10001f28                watchdog_start_tick
 .text.xosc_init
                0x10001f38       0x28 usb_msc/CMakeFiles/usb_msc.dir/C_/Program_Files/Raspberry_Pi/Pico_SDK_v1.5.1/pico-sdk/src/rp2_common/hardware_xosc/xosc.c.obj
                0x10001f38                xosc_init
 .text.runtime_init
                0x10001f60       0xf0 usb_msc/CMakeFiles/usb_msc.dir/C_/Program_Files/Raspberry_Pi/Pico_SDK_v1.5.1/pico-sdk/src/rp2_common/pico_runtime/runtime.c.obj
                0x10001f60                runtime_init
 .text._exit    0x10002050        0x4 usb_msc/CMakeFiles/usb_msc.dir/C_/Program_Files/Raspberry_Pi/Pico_SDK_v1.5.1/pico-sdk/src/rp2_common/pico_runtime/runtime.c.obj
                0x10002050                _exit
 .text.exit     0x10002054        0x8 usb_msc/CMakeFiles/usb_msc.dir/C_/Program_Files/Raspberry_Pi/Pico_SDK_v1.5.1/pico-sdk/src/rp2_common/pico_runtime/runtime.c.obj
                0x10002054                exit
 .text.panic    0x1000205c       0x30 usb_msc/CMakeFiles/usb_msc.dir/C_/Program_Files/Raspberry_Pi/Pico_SDK_v1.5.1/pico-sdk/src/rp2_common/pico_runtime/runtime.c.obj
                0x1000205c                panic
 .text.hard_assertion_failure
                0x1000208c        0xc usb_msc/CMakeFiles/usb_msc.dir/C_/Program_Files/Raspberry_Pi/Pico_SDK_v1.5.1/pico-sdk/src/rp2_common/pico_runtime/runtime.c.obj
                0x1000208c                hard_assertion_failure
 .text._out_char
                0x10002098       0x10 usb_msc/CMakeFiles/usb_msc.dir/C_/Program_Files/Raspberry_Pi/Pico_SDK_v1.5.1/pico-sdk/src/rp2_common/pico_printf/printf.c.obj
 .text.weak_raw_vprintf
                0x100020a8       0x30 usb_msc/CMakeFiles/usb_msc.dir/C_/Program_Files/Raspberry_Pi/Pico_SDK_v1.5.1/pico-sdk/src/rp2_common/pico_printf/printf.c.obj
                0x100020a8                weak_raw_vprintf
 .text          0x100020d8       0x10 usb_msc/CMakeFiles/usb_msc.dir/C_/Program_Files/Raspberry_Pi/Pico_SDK_v1.5.1/pico-sdk/src/rp2_common/pico_bit_ops/bit_ops_aeabi.S.obj
 .text.rom_func_lookup
                0x100020e8       0x10 usb_msc/CMakeFiles/usb_msc.dir/C_/Program_Files/Raspberry_Pi/Pico_SDK_v1.5.1/pico-sdk/src/rp2_common/pico_bootrom/bootrom.c.obj
                0x100020e8                rom_func_lookup
 .text.rom_data_lookup
                0x100020f8       0x10 usb_msc/CMakeFiles/usb_msc.dir/C_/Program_Files/Raspberry_Pi/Pico_SDK_v1.5.1/pico-sdk/src/rp2_common/pico_bootrom/bootrom.c.obj
                0x100020f8                rom_data_lookup
 .text.rom_funcs_lookup
                0x10002108       0x44 usb_msc/CMakeFiles/usb_msc.dir/C_/Program_Files/Raspberry_Pi/Pico_SDK_v1.5.1/pico-sdk/src/rp2_common/pico_bootrom/bootrom.c.obj
                0x10002108                rom_funcs_lookup
 .text.__wrap___aeabi_uidiv
                0x1000214c       0x4c usb_msc/CMakeFiles/usb_msc.dir/C_/Program_Files/Raspberry_Pi/Pico_SDK_v1.5.1/pico-sdk/src/rp2_common/pico_divider/divider.S.obj
                0x1000214c                __wrap___aeabi_uidiv
                0x1000214c                __wrap___aeabi_uidivmod
                0x1000214c                div_u32u32
                0x1000214c                divmod_u32u32
                0x10002154                divmod_u32u32_unsafe
                0x1000217c                divmod_u32u32_savestate
 .text.__wrap___aeabi_ldiv
                0x10002198      0x424 usb_msc/CMakeFiles/usb_msc.dir/C_/Program_Files/Raspberry_Pi/Pico_SDK_v1.5.1/pico-sdk/src/rp2_common/pico_divider/divider.S.obj
                0x10002198                div_s64s64
                0x10002198                divmod_s64s64
                0x10002198                __wrap___aeabi_ldivmod
                0x100021c8                divmod_u64u64
                0x100021c8                div_u64u64
                0x100021c8                __wrap___aeabi_uldivmod
                0x100021d8                divmod_u64u64_savestate
                0x100021f8                divmod_s64s64_unsafe
                0x10002280                divmod_u64u64_unsafe
 .text.__aeabi_double_init
                0x100025bc       0x94 usb_msc/CMakeFiles/usb_msc.dir/C_/Program_Files/Raspberry_Pi/Pico_SDK_v1.5.1/pico-sdk/src/rp2_common/pico_double/double_init_rom.c.obj
                0x100025bc                __aeabi_double_init
 .text.double_table_shim_on_use_helper
                0x10002650       0x2c usb_msc/CMakeFiles/usb_msc.dir/C_/Program_Files/Raspberry_Pi/Pico_SDK_v1.5.1/pico-sdk/src/rp2_common/pico_double/double_v1_rom_shim.S.obj
                0x10002650                double_table_shim_on_use_helper
 .text.__aeabi_lmul
                0x1000267c       0x32 usb_msc/CMakeFiles/usb_msc.dir/C_/Program_Files/Raspberry_Pi/Pico_SDK_v1.5.1/pico-sdk/src/rp2_common/pico_int64_ops/pico_int64_ops_aeabi.S.obj
                0x1000267c                __wrap___aeabi_lmul
 *fill*         0x100026ae        0x2 
 .text.__aeabi_float_init
                0x100026b0       0x64 usb_msc/CMakeFiles/usb_msc.dir/C_/Program_Files/Raspberry_Pi/Pico_SDK_v1.5.1/pico-sdk/src/rp2_common/pico_float/float_init_rom.c.obj
                0x100026b0                __aeabi_float_init
 .text.float_table_shim_on_use_helper
                0x10002714       0x2c usb_msc/CMakeFiles/usb_msc.dir/C_/Program_Files/Raspberry_Pi/Pico_SDK_v1.5.1/pico-sdk/src/rp2_common/pico_float/float_v1_rom_shim.S.obj
                0x10002714                float_table_shim_on_use_helper
 .text          0x10002740       0x10 usb_msc/CMakeFiles/usb_msc.dir/C_/Program_Files/Raspberry_Pi/Pico_SDK_v1.5.1/pico-sdk/src/rp2_common/pico_mem_ops/mem_ops_aeabi.S.obj
                0x10002740                __aeabi_mem_init
 .text.memset   0x10002750        0xc usb_msc/CMakeFiles/usb_msc.dir/C_/Program_Files/Raspberry_Pi/Pico_SDK_v1.5.1/pico-sdk/src/rp2_common/pico_mem_ops/mem_ops_aeabi.S.obj
                0x10002750                __wrap_memset
 .text.memcpy   0x1000275c        0xc usb_msc/CMakeFiles/usb_msc.dir/C_/Program_Files/Raspberry_Pi/Pico_SDK_v1.5.1/pico-sdk/src/rp2_common/pico_mem_ops/mem_ops_aeabi.S.obj
                0x1000275c                __wrap_memcpy
                0x1000275c                __wrap___aeabi_memcpy
 .text.stdio_out_chars_no_crlf
                0x10002768       0x10 usb_msc/CMakeFiles/usb_msc.dir/C_/Program_Files/Raspberry_Pi/Pico_SDK_v1.5.1/pico-sdk/src/rp2_common/pico_stdio/stdio.c.obj
 .text.stdio_out_chars_crlf
                0x10002778       0xb4 usb_msc/CMakeFiles/usb_msc.dir/C_/Program_Files/Raspberry_Pi/Pico_SDK_v1.5.1/pico-sdk/src/rp2_common/pico_stdio/stdio.c.obj
 .text.stdio_put_string.isra.0
                0x1000282c       0xfc usb_msc/CMakeFiles/usb_msc.dir/C_/Program_Files/Raspberry_Pi/Pico_SDK_v1.5.1/pico-sdk/src/rp2_common/pico_stdio/stdio.c.obj
 .text.__wrap_putchar
                0x10002928       0x98 usb_msc/CMakeFiles/usb_msc.dir/C_/Program_Files/Raspberry_Pi/Pico_SDK_v1.5.1/pico-sdk/src/rp2_common/pico_stdio/stdio.c.obj
                0x10002928                __wrap_putchar
 .text.__wrap_puts
                0x100029c0       0x3c usb_msc/CMakeFiles/usb_msc.dir/C_/Program_Files/Raspberry_Pi/Pico_SDK_v1.5.1/pico-sdk/src/rp2_common/pico_stdio/stdio.c.obj
                0x100029c0                __wrap_puts
 .text.stdio_set_driver_enabled
                0x100029fc       0x30 usb_msc/CMakeFiles/usb_msc.dir/C_/Program_Files/Raspberry_Pi/Pico_SDK_v1.5.1/pico-sdk/src/rp2_common/pico_stdio/stdio.c.obj
                0x100029fc                stdio_set_driver_enabled
 .text.stdio_uart_out_chars
                0x10002a2c       0x4c usb_msc/CMakeFiles/usb_msc.dir/C_/Program_Files/Raspberry_Pi/Pico_SDK_v1.5.1/pico-sdk/src/rp2_common/pico_stdio_uart/stdio_uart.c.obj
 .text.stdio_uart_in_chars
                0x10002a78       0x84 usb_msc/CMakeFiles/usb_msc.dir/C_/Program_Files/Raspberry_Pi/Pico_SDK_v1.5.1/pico-sdk/src/rp2_common/pico_stdio_uart/stdio_uart.c.obj
                0x10002a78                stdio_uart_in_chars
 .text.on_uart_rx
                0x10002afc       0x28 usb_msc/CMakeFiles/usb_msc.dir/C_/Program_Files/Raspberry_Pi/Pico_SDK_v1.5.1/pico-sdk/src/rp2_common/pico_stdio_uart/stdio_uart.c.obj
 .text.stdio_uart_set_chars_available_callback
                0x10002b24       0x8c usb_msc/CMakeFiles/usb_msc.dir/C_/Program_Files/Raspberry_Pi/Pico_SDK_v1.5.1/pico-sdk/src/rp2_common/pico_stdio_uart/stdio_uart.c.obj
 .text.stdio_uart_init_full
                0x10002bb0       0x3c usb_msc/CMakeFiles/usb_msc.dir/C_/Program_Files/Raspberry_Pi/Pico_SDK_v1.5.1/pico-sdk/src/rp2_common/pico_stdio_uart/stdio_uart.c.obj
                0x10002bb0                stdio_uart_init_full
 .text.startup._retrieve_unique_id_on_boot
                0x10002bec       0x10 usb_msc/CMakeFiles/usb_msc.dir/C_/Program_Files/Raspberry_Pi/Pico_SDK_v1.5.1/pico-sdk/src/rp2_common/pico_unique_id/unique_id.c.obj
 .text.flash_get_unique_id
                0x10002bfc       0x40 usb_msc/CMakeFiles/usb_msc.dir/C_/Program_Files/Raspberry_Pi/Pico_SDK_v1.5.1/pico-sdk/src/rp2_common/hardware_flash/flash.c.obj
                0x10002bfc                flash_get_unique_id
 .text.dcd_int_enable
                0x10002c3c        0xc usb_msc/CMakeFiles/usb_msc.dir/C_/Program_Files/Raspberry_Pi/Pico_SDK_v1.5.1/pico-sdk/lib/tinyusb/src/portable/raspberrypi/rp2040/dcd_rp2040.c.obj
                0x10002c3c                dcd_int_enable
 .text.dcd_set_address
                0x10002c48       0x14 usb_msc/CMakeFiles/usb_msc.dir/C_/Program_Files/Raspberry_Pi/Pico_SDK_v1.5.1/pico-sdk/lib/tinyusb/src/portable/raspberrypi/rp2040/dcd_rp2040.c.obj
                0x10002c48                dcd_set_address
 .text.dcd_connect
                0x10002c5c       0x10 usb_msc/CMakeFiles/usb_msc.dir/C_/Program_Files/Raspberry_Pi/Pico_SDK_v1.5.1/pico-sdk/lib/tinyusb/src/portable/raspberrypi/rp2040/dcd_rp2040.c.obj
                0x10002c5c                dcd_connect
 .text.dcd_init
                0x10002c6c       0x98 usb_msc/CMakeFiles/usb_msc.dir/C_/Program_Files/Raspberry_Pi/Pico_SDK_v1.5.1/pico-sdk/lib/tinyusb/src/portable/raspberrypi/rp2040/dcd_rp2040.c.obj
                0x10002c6c                dcd_init
 .text.dcd_edpt0_status_complete
                0x10002d04       0x1c usb_msc/CMakeFiles/usb_msc.dir/C_/Program_Files/Raspberry_Pi/Pico_SDK_v1.5.1/pico-sdk/lib/tinyusb/src/portable/raspberrypi/rp2040/dcd_rp2040.c.obj
                0x10002d04                dcd_edpt0_status_complete
 .text.dcd_edpt_open
                0x10002d20      0x108 usb_msc/CMakeFiles/usb_msc.dir/C_/Program_Files/Raspberry_Pi/Pico_SDK_v1.5.1/pico-sdk/lib/tinyusb/src/portable/raspberrypi/rp2040/dcd_rp2040.c.obj
                0x10002d20                dcd_edpt_open
 .text.dcd_edpt_close_all
                0x10002e28        0x8 usb_msc/CMakeFiles/usb_msc.dir/C_/Program_Files/Raspberry_Pi/Pico_SDK_v1.5.1/pico-sdk/lib/tinyusb/src/portable/raspberrypi/rp2040/dcd_rp2040.c.obj
                0x10002e28                dcd_edpt_close_all
 .text.dcd_edpt_xfer
                0x10002e30       0x24 usb_msc/CMakeFiles/usb_msc.dir/C_/Program_Files/Raspberry_Pi/Pico_SDK_v1.5.1/pico-sdk/lib/tinyusb/src/portable/raspberrypi/rp2040/dcd_rp2040.c.obj
                0x10002e30                dcd_edpt_xfer
 .text.dcd_edpt_stall
                0x10002e54       0x38 usb_msc/CMakeFiles/usb_msc.dir/C_/Program_Files/Raspberry_Pi/Pico_SDK_v1.5.1/pico-sdk/lib/tinyusb/src/portable/raspberrypi/rp2040/dcd_rp2040.c.obj
                0x10002e54                dcd_edpt_stall
 .text.dcd_edpt_clear_stall
                0x10002e8c       0x30 usb_msc/CMakeFiles/usb_msc.dir/C_/Program_Files/Raspberry_Pi/Pico_SDK_v1.5.1/pico-sdk/lib/tinyusb/src/portable/raspberrypi/rp2040/dcd_rp2040.c.obj
                0x10002e8c                dcd_edpt_clear_stall
 .text.rp2040_usb_init
                0x10002ebc       0x4c usb_msc/CMakeFiles/usb_msc.dir/C_/Program_Files/Raspberry_Pi/Pico_SDK_v1.5.1/pico-sdk/lib/tinyusb/src/portable/raspberrypi/rp2040/rp2040_usb.c.obj
                0x10002ebc                rp2040_usb_init
 .text.hw_endpoint_xfer_start
                0x10002f08       0x50 usb_msc/CMakeFiles/usb_msc.dir/C_/Program_Files/Raspberry_Pi/Pico_SDK_v1.5.1/pico-sdk/lib/tinyusb/src/portable/raspberrypi/rp2040/rp2040_usb.c.obj
                0x10002f08                hw_endpoint_xfer_start
 .text.tud_inited
                0x10002f58       0x14 usb_msc/CMakeFiles/usb_msc.dir/C_/Program_Files/Raspberry_Pi/Pico_SDK_v1.5.1/pico-sdk/lib/tinyusb/src/device/usbd.c.obj
                0x10002f58                tud_inited
 .text.tud_init
                0x10002f6c       0xe4 usb_msc/CMakeFiles/usb_msc.dir/C_/Program_Files/Raspberry_Pi/Pico_SDK_v1.5.1/pico-sdk/lib/tinyusb/src/device/usbd.c.obj
                0x10002f6c                tud_init
 .text.tud_task_ext
                0x10003050      0x870 usb_msc/CMakeFiles/usb_msc.dir/C_/Program_Files/Raspberry_Pi/Pico_SDK_v1.5.1/pico-sdk/lib/tinyusb/src/device/usbd.c.obj
                0x10003050                tud_task_ext
 .text.usbd_open_edpt_pair
                0x100038c0       0x9c usb_msc/CMakeFiles/usb_msc.dir/C_/Program_Files/Raspberry_Pi/Pico_SDK_v1.5.1/pico-sdk/lib/tinyusb/src/device/usbd.c.obj
                0x100038c0                usbd_open_edpt_pair
 .text.usbd_edpt_xfer
                0x1000395c       0x4c usb_msc/CMakeFiles/usb_msc.dir/C_/Program_Files/Raspberry_Pi/Pico_SDK_v1.5.1/pico-sdk/lib/tinyusb/src/device/usbd.c.obj
                0x1000395c                usbd_edpt_xfer
 .text.usbd_edpt_busy
                0x100039a8       0x1c usb_msc/CMakeFiles/usb_msc.dir/C_/Program_Files/Raspberry_Pi/Pico_SDK_v1.5.1/pico-sdk/lib/tinyusb/src/device/usbd.c.obj
                0x100039a8                usbd_edpt_busy
 .text.usbd_edpt_stall
                0x100039c4       0x3c usb_msc/CMakeFiles/usb_msc.dir/C_/Program_Files/Raspberry_Pi/Pico_SDK_v1.5.1/pico-sdk/lib/tinyusb/src/device/usbd.c.obj
                0x100039c4                usbd_edpt_stall
 .text.usbd_edpt_stalled
                0x10003a00       0x1c usb_msc/CMakeFiles/usb_msc.dir/C_/Program_Files/Raspberry_Pi/Pico_SDK_v1.5.1/pico-sdk/lib/tinyusb/src/device/usbd.c.obj
                0x10003a00                usbd_edpt_stalled
 .text.tud_control_status
                0x10003a1c       0x30 usb_msc/CMakeFiles/usb_msc.dir/C_/Program_Files/Raspberry_Pi/Pico_SDK_v1.5.1/pico-sdk/lib/tinyusb/src/device/usbd_control.c.obj
                0x10003a1c                tud_control_status
 .text.tud_control_xfer
                0x10003a4c       0xbc usb_msc/CMakeFiles/usb_msc.dir/C_/Program_Files/Raspberry_Pi/Pico_SDK_v1.5.1/pico-sdk/lib/tinyusb/src/device/usbd_control.c.obj
                0x10003a4c                tud_control_xfer
 .text.usbd_control_reset
                0x10003b08       0x14 usb_msc/CMakeFiles/usb_msc.dir/C_/Program_Files/Raspberry_Pi/Pico_SDK_v1.5.1/pico-sdk/lib/tinyusb/src/device/usbd_control.c.obj
                0x10003b08                usbd_control_reset
 .text.usbd_control_set_complete_callback
                0x10003b1c        0xc usb_msc/CMakeFiles/usb_msc.dir/C_/Program_Files/Raspberry_Pi/Pico_SDK_v1.5.1/pico-sdk/lib/tinyusb/src/device/usbd_control.c.obj
                0x10003b1c                usbd_control_set_complete_callback
 .text.usbd_control_set_request
                0x10003b28       0x1c usb_msc/CMakeFiles/usb_msc.dir/C_/Program_Files/Raspberry_Pi/Pico_SDK_v1.5.1/pico-sdk/lib/tinyusb/src/device/usbd_control.c.obj
                0x10003b28                usbd_control_set_request
 .text.usbd_control_xfer_cb
                0x10003b44       0xfc usb_msc/CMakeFiles/usb_msc.dir/C_/Program_Files/Raspberry_Pi/Pico_SDK_v1.5.1/pico-sdk/lib/tinyusb/src/device/usbd_control.c.obj
                0x10003b44                usbd_control_xfer_cb
 .text.proc_read10_cmd.constprop.0
                0x10003c40       0xf0 usb_msc/CMakeFiles/usb_msc.dir/C_/Program_Files/Raspberry_Pi/Pico_SDK_v1.5.1/pico-sdk/lib/tinyusb/src/class/msc/msc_device.c.obj
 .text.proc_write10_cmd.constprop.0
                0x10003d30       0x8c usb_msc/CMakeFiles/usb_msc.dir/C_/Program_Files/Raspberry_Pi/Pico_SDK_v1.5.1/pico-sdk/lib/tinyusb/src/class/msc/msc_device.c.obj
 .text.tud_msc_set_sense
                0x10003dbc       0x18 usb_msc/CMakeFiles/usb_msc.dir/C_/Program_Files/Raspberry_Pi/Pico_SDK_v1.5.1/pico-sdk/lib/tinyusb/src/class/msc/msc_device.c.obj
                0x10003dbc                tud_msc_set_sense
 .text.mscd_init
                0x10003dd4       0x14 usb_msc/CMakeFiles/usb_msc.dir/C_/Program_Files/Raspberry_Pi/Pico_SDK_v1.5.1/pico-sdk/lib/tinyusb/src/class/msc/msc_device.c.obj
                0x10003dd4                mscd_init
 .text.mscd_reset
                0x10003de8       0x14 usb_msc/CMakeFiles/usb_msc.dir/C_/Program_Files/Raspberry_Pi/Pico_SDK_v1.5.1/pico-sdk/lib/tinyusb/src/class/msc/msc_device.c.obj
                0x10003de8                mscd_reset
 .text.mscd_open
                0x10003dfc       0x64 usb_msc/CMakeFiles/usb_msc.dir/C_/Program_Files/Raspberry_Pi/Pico_SDK_v1.5.1/pico-sdk/lib/tinyusb/src/class/msc/msc_device.c.obj
                0x10003dfc                mscd_open
 .text.mscd_control_xfer_cb
                0x10003e60      0x13c usb_msc/CMakeFiles/usb_msc.dir/C_/Program_Files/Raspberry_Pi/Pico_SDK_v1.5.1/pico-sdk/lib/tinyusb/src/class/msc/msc_device.c.obj
                0x10003e60                mscd_control_xfer_cb
 .text.mscd_xfer_cb
                0x10003f9c      0x724 usb_msc/CMakeFiles/usb_msc.dir/C_/Program_Files/Raspberry_Pi/Pico_SDK_v1.5.1/pico-sdk/lib/tinyusb/src/class/msc/msc_device.c.obj
                0x10003f9c                mscd_xfer_cb
 .text.tusb_inited
                0x100046c0        0x8 usb_msc/CMakeFiles/usb_msc.dir/C_/Program_Files/Raspberry_Pi/Pico_SDK_v1.5.1/pico-sdk/lib/tinyusb/src/tusb.c.obj
                0x100046c0                tusb_inited
 .text.tu_edpt_validate
                0x100046c8       0x78 usb_msc/CMakeFiles/usb_msc.dir/C_/Program_Files/Raspberry_Pi/Pico_SDK_v1.5.1/pico-sdk/lib/tinyusb/src/tusb.c.obj
                0x100046c8                tu_edpt_validate
 .text.tu_edpt_bind_driver
                0x10004740       0x34 usb_msc/CMakeFiles/usb_msc.dir/C_/Program_Files/Raspberry_Pi/Pico_SDK_v1.5.1/pico-sdk/lib/tinyusb/src/tusb.c.obj
                0x10004740                tu_edpt_bind_driver
 .text.tu_fifo_read
                0x10004774       0xa0 usb_msc/CMakeFiles/usb_msc.dir/C_/Program_Files/Raspberry_Pi/Pico_SDK_v1.5.1/pico-sdk/lib/tinyusb/src/common/tusb_fifo.c.obj
                0x10004774                tu_fifo_read
 .text.tu_fifo_write
                0x10004814       0x88 usb_msc/CMakeFiles/usb_msc.dir/C_/Program_Files/Raspberry_Pi/Pico_SDK_v1.5.1/pico-sdk/lib/tinyusb/src/common/tusb_fifo.c.obj
                0x10004814                tu_fifo_write
 .text.tu_fifo_clear
                0x1000489c       0x40 usb_msc/CMakeFiles/usb_msc.dir/C_/Program_Files/Raspberry_Pi/Pico_SDK_v1.5.1/pico-sdk/lib/tinyusb/src/common/tusb_fifo.c.obj
                0x1000489c                tu_fifo_clear
 .text.board_init
                0x100048dc       0x30 usb_msc/CMakeFiles/usb_msc.dir/C_/Program_Files/Raspberry_Pi/Pico_SDK_v1.5.1/pico-sdk/lib/tinyusb/hw/bsp/rp2040/family.c.obj
                0x100048dc                board_init
 .text.board_led_write
                0x1000490c       0x14 usb_msc/CMakeFiles/usb_msc.dir/C_/Program_Files/Raspberry_Pi/Pico_SDK_v1.5.1/pico-sdk/lib/tinyusb/hw/bsp/rp2040/family.c.obj
                0x1000490c                board_led_write
 .text.board_button_read
                0x10004920       0x10 usb_msc/CMakeFiles/usb_msc.dir/C_/Program_Files/Raspberry_Pi/Pico_SDK_v1.5.1/pico-sdk/lib/tinyusb/hw/bsp/rp2040/family.c.obj
                0x10004920                board_button_read
 .text.strlen   0x10004930       0x5c c:/progra~1/raspbe~1/picosd~1.1/gcc-ar~1/bin/../lib/gcc/arm-none-eabi/10.3.1/../../../../arm-none-eabi/lib/thumb/v6-m/nofp\libc.a(lib_a-strlen-stub.o)
                0x10004930                strlen
 *(.fini)
 .fini          0x1000498c        0x4 c:/progra~1/raspbe~1/picosd~1.1/gcc-ar~1/bin/../lib/gcc/arm-none-eabi/10.3.1/thumb/v6-m/nofp/crti.o
                0x1000498c                _fini
 .fini.__stub   0x10004990       0xf0 linker stubs
 *crtbegin.o(.ctors)
 *crtbegin?.o(.ctors)
 *(EXCLUDE_FILE(*crtend.o *crtend?.o) .ctors)
 *(SORT_BY_NAME(.ctors.*))
 *(.ctors)
 *crtbegin.o(.dtors)
 *crtbegin?.o(.dtors)
 *(EXCLUDE_FILE(*crtend.o *crtend?.o) .dtors)
 *(SORT_BY_NAME(.dtors.*))
 *(.dtors)
 *(.eh_frame*)
 .eh_frame      0x10004a80        0x0 c:/progra~1/raspbe~1/picosd~1.1/gcc-ar~1/bin/../lib/gcc/arm-none-eabi/10.3.1/thumb/v6-m/nofp/crtbegin.o
                0x10004a80                . = ALIGN (0x4)

.glue_7         0x10004a80        0x0
 .glue_7        0x10004a80        0x0 linker stubs

.glue_7t        0x10004a80        0x0
 .glue_7t       0x10004a80        0x0 linker stubs

.vfp11_veneer   0x10004a80        0x0
 .vfp11_veneer  0x10004a80        0x0 linker stubs

.v4_bx          0x10004a80        0x0
 .v4_bx         0x10004a80        0x0 linker stubs

.iplt           0x10004a80        0x0
 .iplt          0x10004a80        0x0 c:/progra~1/raspbe~1/picosd~1.1/gcc-ar~1/bin/../lib/gcc/arm-none-eabi/10.3.1/thumb/v6-m/nofp/crtbegin.o

.rodata         0x10004a80      0x2f0
 *(EXCLUDE_FILE(*libm.a: *libc.a:*lib_a-mem*.o *libgcc.a:) .rodata*)
 .rodata.str1.4
                0x10004a80       0x25 usb_msc/CMakeFiles/usb_msc.dir/usb_descriptors.c.obj
 *fill*         0x10004aa5        0x3 
 .rodata.__compound_literal.0
                0x10004aa8        0x2 usb_msc/CMakeFiles/usb_msc.dir/usb_descriptors.c.obj
 *fill*         0x10004aaa        0x2 
 .rodata.desc_device
                0x10004aac       0x12 usb_msc/CMakeFiles/usb_msc.dir/usb_descriptors.c.obj
                0x10004aac                desc_device
 *fill*         0x10004abe        0x2 
 .rodata.desc_fs_configuration
                0x10004ac0       0x20 usb_msc/CMakeFiles/usb_msc.dir/usb_descriptors.c.obj
                0x10004ac0                desc_fs_configuration
 .rodata.tud_msc_inquiry_cb.str1.4
                0x10004ae0        0xd usb_msc/CMakeFiles/usb_msc.dir/msc_disk.c.obj
                                 0x15 (size before relaxing)
 *fill*         0x10004aed        0x3 
 .rodata.spin_lock_claim_unused.str1.4
                0x10004af0       0x1b usb_msc/CMakeFiles/usb_msc.dir/C_/Program_Files/Raspberry_Pi/Pico_SDK_v1.5.1/pico-sdk/src/rp2_common/hardware_sync/sync.c.obj
 *fill*         0x10004b0b        0x1 
 .rodata.hardware_alarm_claim.str1.4
                0x10004b0c       0x22 usb_msc/CMakeFiles/usb_msc.dir/C_/Program_Files/Raspberry_Pi/Pico_SDK_v1.5.1/pico-sdk/src/rp2_common/hardware_timer/timer.c.obj
 *fill*         0x10004b2e        0x2 
 .rodata.panic.str1.4
                0x10004b30       0x12 usb_msc/CMakeFiles/usb_msc.dir/C_/Program_Files/Raspberry_Pi/Pico_SDK_v1.5.1/pico-sdk/src/rp2_common/pico_runtime/runtime.c.obj
 *fill*         0x10004b42        0x2 
 .rodata.hard_assertion_failure.str1.4
                0x10004b44        0xc usb_msc/CMakeFiles/usb_msc.dir/C_/Program_Files/Raspberry_Pi/Pico_SDK_v1.5.1/pico-sdk/src/rp2_common/pico_runtime/runtime.c.obj
 .rodata.str1.4
                0x10004b50       0x3c usb_msc/CMakeFiles/usb_msc.dir/C_/Program_Files/Raspberry_Pi/Pico_SDK_v1.5.1/pico-sdk/src/rp2_common/pico_standard_link/binary_info.c.obj
 .rodata.__bi_44
                0x10004b8c        0xc usb_msc/CMakeFiles/usb_msc.dir/C_/Program_Files/Raspberry_Pi/Pico_SDK_v1.5.1/pico-sdk/src/rp2_common/pico_standard_link/binary_info.c.obj
 .rodata.__bi_75
                0x10004b98        0xc usb_msc/CMakeFiles/usb_msc.dir/C_/Program_Files/Raspberry_Pi/Pico_SDK_v1.5.1/pico-sdk/src/rp2_common/pico_standard_link/binary_info.c.obj
 .rodata.__bi_81
                0x10004ba4        0xc usb_msc/CMakeFiles/usb_msc.dir/C_/Program_Files/Raspberry_Pi/Pico_SDK_v1.5.1/pico-sdk/src/rp2_common/pico_standard_link/binary_info.c.obj
 .rodata.crlf_str.0
                0x10004bb0        0x2 usb_msc/CMakeFiles/usb_msc.dir/C_/Program_Files/Raspberry_Pi/Pico_SDK_v1.5.1/pico-sdk/src/rp2_common/pico_stdio/stdio.c.obj
 *fill*         0x10004bb2        0x2 
 .rodata.str1.4
                0x10004bb4       0x14 usb_msc/CMakeFiles/usb_msc.dir/C_/Program_Files/Raspberry_Pi/Pico_SDK_v1.5.1/pico-sdk/lib/tinyusb/src/portable/raspberrypi/rp2040/dcd_rp2040.c.obj
 .rodata.str1.4
                0x10004bc8       0x53 usb_msc/CMakeFiles/usb_msc.dir/C_/Program_Files/Raspberry_Pi/Pico_SDK_v1.5.1/pico-sdk/lib/tinyusb/src/portable/raspberrypi/rp2040/rp2040_usb.c.obj
 *fill*         0x10004c1b        0x1 
 .rodata.tud_task_ext
                0x10004c1c       0x8c usb_msc/CMakeFiles/usb_msc.dir/C_/Program_Files/Raspberry_Pi/Pico_SDK_v1.5.1/pico-sdk/lib/tinyusb/src/device/usbd.c.obj
 .rodata._usbd_driver
                0x10004ca8       0x18 usb_msc/CMakeFiles/usb_msc.dir/C_/Program_Files/Raspberry_Pi/Pico_SDK_v1.5.1/pico-sdk/lib/tinyusb/src/device/usbd.c.obj
 .rodata.mscd_xfer_cb
                0x10004cc0       0x98 usb_msc/CMakeFiles/usb_msc.dir/C_/Program_Files/Raspberry_Pi/Pico_SDK_v1.5.1/pico-sdk/lib/tinyusb/src/class/msc/msc_device.c.obj
 .rodata.str1.4
                0x10004d58        0x4 usb_msc/CMakeFiles/usb_msc.dir/C_/Program_Files/Raspberry_Pi/Pico_SDK_v1.5.1/pico-sdk/lib/tinyusb/hw/bsp/rp2040/family.c.obj
 .rodata.__bi_142.0
                0x10004d5c        0xc usb_msc/CMakeFiles/usb_msc.dir/C_/Program_Files/Raspberry_Pi/Pico_SDK_v1.5.1/pico-sdk/lib/tinyusb/hw/bsp/rp2040/family.c.obj
 .rodata.__bi_152.1
                0x10004d68        0x8 usb_msc/CMakeFiles/usb_msc.dir/C_/Program_Files/Raspberry_Pi/Pico_SDK_v1.5.1/pico-sdk/lib/tinyusb/hw/bsp/rp2040/family.c.obj
                0x10004d70                . = ALIGN (0x4)
 *(SORT_BY_ALIGNMENT(SORT_BY_NAME(.flashdata*)))
                0x10004d70                . = ALIGN (0x4)

.ARM.extab
 *(.ARM.extab* .gnu.linkonce.armextab.*)
                0x10004d70                __exidx_start = .

.ARM.exidx
 *(.ARM.exidx* .gnu.linkonce.armexidx.*)
                0x10004d70                __exidx_end = .
                0x10004d70                . = ALIGN (0x4)
                0x10004d70                __binary_info_start = .

.binary_info    0x10004d70       0x24
 *(.binary_info.keep.*)
 .binary_info.keep.__bi_ptr22
                0x10004d70        0x4 usb_msc/CMakeFiles/usb_msc.dir/C_/Program_Files/Raspberry_Pi/Pico_SDK_v1.5.1/pico-sdk/src/rp2_common/pico_standard_link/binary_info.c.obj
 .binary_info.keep.__bi_ptr30
                0x10004d74        0x4 usb_msc/CMakeFiles/usb_msc.dir/C_/Program_Files/Raspberry_Pi/Pico_SDK_v1.5.1/pico-sdk/src/rp2_common/pico_standard_link/binary_info.c.obj
 .binary_info.keep.__bi_ptr38
                0x10004d78        0x4 usb_msc/CMakeFiles/usb_msc.dir/C_/Program_Files/Raspberry_Pi/Pico_SDK_v1.5.1/pico-sdk/src/rp2_common/pico_standard_link/binary_info.c.obj
 .binary_info.keep.__bi_ptr44
                0x10004d7c        0x4 usb_msc/CMakeFiles/usb_msc.dir/C_/Program_Files/Raspberry_Pi/Pico_SDK_v1.5.1/pico-sdk/src/rp2_common/pico_standard_link/binary_info.c.obj
 .binary_info.keep.__bi_ptr50
                0x10004d80        0x4 usb_msc/CMakeFiles/usb_msc.dir/C_/Program_Files/Raspberry_Pi/Pico_SDK_v1.5.1/pico-sdk/src/rp2_common/pico_standard_link/binary_info.c.obj
 .binary_info.keep.__bi_ptr75
                0x10004d84        0x4 usb_msc/CMakeFiles/usb_msc.dir/C_/Program_Files/Raspberry_Pi/Pico_SDK_v1.5.1/pico-sdk/src/rp2_common/pico_standard_link/binary_info.c.obj
 .binary_info.keep.__bi_ptr81
                0x10004d88        0x4 usb_msc/CMakeFiles/usb_msc.dir/C_/Program_Files/Raspberry_Pi/Pico_SDK_v1.5.1/pico-sdk/src/rp2_common/pico_standard_link/binary_info.c.obj
 .binary_info.keep.__bi_ptr142
                0x10004d8c        0x4 usb_msc/CMakeFiles/usb_msc.dir/C_/Program_Files/Raspberry_Pi/Pico_SDK_v1.5.1/pico-sdk/lib/tinyusb/hw/bsp/rp2040/family.c.obj
 .binary_info.keep.__bi_ptr152
                0x10004d90        0x4 usb_msc/CMakeFiles/usb_msc.dir/C_/Program_Files/Raspberry_Pi/Pico_SDK_v1.5.1/pico-sdk/lib/tinyusb/hw/bsp/rp2040/family.c.obj
 *(.binary_info.*)
                0x10004d94                __binary_info_end = .

.rel.dyn        0x10004d94        0x0
 .rel.iplt      0x10004d94        0x0 c:/progra~1/raspbe~1/picosd~1.1/gcc-ar~1/bin/../lib/gcc/arm-none-eabi/10.3.1/thumb/v6-m/nofp/crtbegin.o
                0x10004d94                . = ALIGN (0x4)

.ram_vector_table
                0x20000000       0xc0
 *(.ram_vector_table)
 .ram_vector_table
                0x20000000       0xc0 usb_msc/CMakeFiles/usb_msc.dir/C_/Program_Files/Raspberry_Pi/Pico_SDK_v1.5.1/pico-sdk/src/rp2_common/pico_runtime/runtime.c.obj
                0x20000000                ram_vector_table

.data           0x200000c0    0x19330 load address 0x10004d94
                0x200000c0                __data_start__ = .
 *(vtable)
 *(.time_critical*)
 .time_critical.mutex_try_enter_block_until
                0x200000c0       0x9c usb_msc/CMakeFiles/usb_msc.dir/C_/Program_Files/Raspberry_Pi/Pico_SDK_v1.5.1/pico-sdk/src/common/pico_sync/mutex.c.obj
                0x200000c0                mutex_try_enter_block_until
 .time_critical.mutex_enter_timeout_ms
                0x2000015c       0x90 usb_msc/CMakeFiles/usb_msc.dir/C_/Program_Files/Raspberry_Pi/Pico_SDK_v1.5.1/pico-sdk/src/common/pico_sync/mutex.c.obj
                0x2000015c                mutex_enter_timeout_ms
 .time_critical.mutex_exit
                0x200001ec       0x28 usb_msc/CMakeFiles/usb_msc.dir/C_/Program_Files/Raspberry_Pi/Pico_SDK_v1.5.1/pico-sdk/src/common/pico_sync/mutex.c.obj
                0x200001ec                mutex_exit
 .time_critical.flash_init_boot2_copyout
                0x20000214       0x30 usb_msc/CMakeFiles/usb_msc.dir/C_/Program_Files/Raspberry_Pi/Pico_SDK_v1.5.1/pico-sdk/src/rp2_common/hardware_flash/flash.c.obj
 .time_critical.flash_enable_xip_via_boot2
                0x20000244       0x10 usb_msc/CMakeFiles/usb_msc.dir/C_/Program_Files/Raspberry_Pi/Pico_SDK_v1.5.1/pico-sdk/src/rp2_common/hardware_flash/flash.c.obj
 .time_critical.flash_cs_force
                0x20000254       0x38 usb_msc/CMakeFiles/usb_msc.dir/C_/Program_Files/Raspberry_Pi/Pico_SDK_v1.5.1/pico-sdk/src/rp2_common/hardware_flash/flash.c.obj
 .time_critical.flash_do_cmd
                0x2000028c       0xc4 usb_msc/CMakeFiles/usb_msc.dir/C_/Program_Files/Raspberry_Pi/Pico_SDK_v1.5.1/pico-sdk/src/rp2_common/hardware_flash/flash.c.obj
                0x2000028c                flash_do_cmd
 .time_critical.reset_non_control_endpoints
                0x20000350       0xbc usb_msc/CMakeFiles/usb_msc.dir/C_/Program_Files/Raspberry_Pi/Pico_SDK_v1.5.1/pico-sdk/lib/tinyusb/src/portable/raspberrypi/rp2040/dcd_rp2040.c.obj
 .time_critical.hw_handle_buff_status
                0x2000040c       0xa8 usb_msc/CMakeFiles/usb_msc.dir/C_/Program_Files/Raspberry_Pi/Pico_SDK_v1.5.1/pico-sdk/lib/tinyusb/src/portable/raspberrypi/rp2040/dcd_rp2040.c.obj
 .time_critical.dcd_rp2040_irq
                0x200004b4      0x4d8 usb_msc/CMakeFiles/usb_msc.dir/C_/Program_Files/Raspberry_Pi/Pico_SDK_v1.5.1/pico-sdk/lib/tinyusb/src/portable/raspberrypi/rp2040/dcd_rp2040.c.obj
 .time_critical.e15_is_bulkin_ep
                0x2000098c       0x28 usb_msc/CMakeFiles/usb_msc.dir/C_/Program_Files/Raspberry_Pi/Pico_SDK_v1.5.1/pico-sdk/lib/tinyusb/src/portable/raspberrypi/rp2040/rp2040_usb.c.obj
 .time_critical.e15_is_critical_frame_period
                0x200009b4       0x34 usb_msc/CMakeFiles/usb_msc.dir/C_/Program_Files/Raspberry_Pi/Pico_SDK_v1.5.1/pico-sdk/lib/tinyusb/src/portable/raspberrypi/rp2040/rp2040_usb.c.obj
 .time_critical.prepare_ep_buffer
                0x200009e8       0x70 usb_msc/CMakeFiles/usb_msc.dir/C_/Program_Files/Raspberry_Pi/Pico_SDK_v1.5.1/pico-sdk/lib/tinyusb/src/portable/raspberrypi/rp2040/rp2040_usb.c.obj
 .time_critical.sync_ep_buffer
                0x20000a58       0x4c usb_msc/CMakeFiles/usb_msc.dir/C_/Program_Files/Raspberry_Pi/Pico_SDK_v1.5.1/pico-sdk/lib/tinyusb/src/portable/raspberrypi/rp2040/rp2040_usb.c.obj
 .time_critical._hw_endpoint_xfer_sync
                0x20000aa4       0x28 usb_msc/CMakeFiles/usb_msc.dir/C_/Program_Files/Raspberry_Pi/Pico_SDK_v1.5.1/pico-sdk/lib/tinyusb/src/portable/raspberrypi/rp2040/rp2040_usb.c.obj
 .time_critical.hw_endpoint_reset_transfer
                0x20000acc        0xc usb_msc/CMakeFiles/usb_msc.dir/C_/Program_Files/Raspberry_Pi/Pico_SDK_v1.5.1/pico-sdk/lib/tinyusb/src/portable/raspberrypi/rp2040/rp2040_usb.c.obj
                0x20000acc                hw_endpoint_reset_transfer
 .time_critical._hw_endpoint_buffer_control_update32
                0x20000ad8       0x58 usb_msc/CMakeFiles/usb_msc.dir/C_/Program_Files/Raspberry_Pi/Pico_SDK_v1.5.1/pico-sdk/lib/tinyusb/src/portable/raspberrypi/rp2040/rp2040_usb.c.obj
                0x20000ad8                _hw_endpoint_buffer_control_update32
 .time_critical.hw_endpoint_start_next_buffer
                0x20000b30       0x6c usb_msc/CMakeFiles/usb_msc.dir/C_/Program_Files/Raspberry_Pi/Pico_SDK_v1.5.1/pico-sdk/lib/tinyusb/src/portable/raspberrypi/rp2040/rp2040_usb.c.obj
                0x20000b30                hw_endpoint_start_next_buffer
 .time_critical.hw_endpoint_xfer_continue
                0x20000b9c       0x50 usb_msc/CMakeFiles/usb_msc.dir/C_/Program_Files/Raspberry_Pi/Pico_SDK_v1.5.1/pico-sdk/lib/tinyusb/src/portable/raspberrypi/rp2040/rp2040_usb.c.obj
                0x20000b9c                hw_endpoint_xfer_continue
 .time_critical.tinyusb
                0x20000bec      0x170 usb_msc/CMakeFiles/usb_msc.dir/C_/Program_Files/Raspberry_Pi/Pico_SDK_v1.5.1/pico-sdk/lib/tinyusb/src/device/usbd.c.obj
                0x20000bec                dcd_event_handler
 .time_critical.get_bootsel_button
                0x20000d5c       0x60 usb_msc/CMakeFiles/usb_msc.dir/C_/Program_Files/Raspberry_Pi/Pico_SDK_v1.5.1/pico-sdk/lib/tinyusb/hw/bsp/rp2040/family.c.obj
                0x20000d5c                get_bootsel_button
 *(.text*)
 .text          0x20000dbc        0x4 c:/progra~1/raspbe~1/picosd~1.1/gcc-ar~1/bin/../lib/gcc/arm-none-eabi/10.3.1/thumb/v6-m/nofp\libgcc.a(_dvmd_tls.o)
                0x20000dbc                __aeabi_idiv0
                0x20000dbc                __aeabi_ldiv0
 .text.memmove  0x20000dc0       0xac c:/progra~1/raspbe~1/picosd~1.1/gcc-ar~1/bin/../lib/gcc/arm-none-eabi/10.3.1/../../../../arm-none-eabi/lib/thumb/v6-m/nofp\libc.a(lib_a-memmove.o)
                0x20000dc0                memmove
 *fill*         0x20000e6c        0x4 
 .text.memmove.__stub
                0x20000e70       0x70 linker stubs
                0x20000ee0                . = ALIGN (0x4)
 *(.rodata*)
                0x20000ee0                . = ALIGN (0x4)
 *(.data*)
 .data.blink_interval_ms
                0x20000ee0        0x4 usb_msc/CMakeFiles/usb_msc.dir/main.c.obj
                0x20000ee0                blink_interval_ms
 .data.string_desc_arr
                0x20000ee4       0x10 usb_msc/CMakeFiles/usb_msc.dir/usb_descriptors.c.obj
                0x20000ee4                string_desc_arr
 .data.FILESYSTEM
                0x20000ef4    0x18400 usb_msc/CMakeFiles/usb_msc.dir/msc_disk.c.obj
                0x20000ef4                FILESYSTEM
 .data.striped_spin_lock_num
                0x200192f4        0x1 usb_msc/CMakeFiles/usb_msc.dir/C_/Program_Files/Raspberry_Pi/Pico_SDK_v1.5.1/pico-sdk/src/rp2_common/hardware_sync/sync.c.obj
 *fill*         0x200192f5        0x3 
 .data          0x200192f8       0x48 usb_msc/CMakeFiles/usb_msc.dir/C_/Program_Files/Raspberry_Pi/Pico_SDK_v1.5.1/pico-sdk/src/rp2_common/hardware_irq/irq_handler_chain.S.obj
                0x200192f8                irq_handler_chain_slots
                0x20019328                irq_handler_chain_first_slot
                0x20019332                irq_handler_chain_remove_tail
 .data.default_alarm_pool
                0x20019340       0x18 usb_msc/CMakeFiles/usb_msc.dir/C_/Program_Files/Raspberry_Pi/Pico_SDK_v1.5.1/pico-sdk/src/common/pico_time/time.c.obj
 .data.default_alarm_pool_heap
                0x20019358       0x10 usb_msc/CMakeFiles/usb_msc.dir/C_/Program_Files/Raspberry_Pi/Pico_SDK_v1.5.1/pico-sdk/src/common/pico_time/time.c.obj
 *fill*         0x20019368        0x8 
 .data.aeabi_bits_funcs
                0x20019370       0x10 usb_msc/CMakeFiles/usb_msc.dir/C_/Program_Files/Raspberry_Pi/Pico_SDK_v1.5.1/pico-sdk/src/rp2_common/pico_bit_ops/bit_ops_aeabi.S.obj
                0x20019370                aeabi_bits_funcs
                0x20019380                aeabi_bits_funcs_end
 .data.aeabi_mem_funcs
                0x20019380       0x10 usb_msc/CMakeFiles/usb_msc.dir/C_/Program_Files/Raspberry_Pi/Pico_SDK_v1.5.1/pico-sdk/src/rp2_common/pico_mem_ops/mem_ops_aeabi.S.obj
                0x20019380                aeabi_mem_funcs
                0x20019390                aeabi_mem_funcs_end
 .data.stdio_uart
                0x20019390       0x18 usb_msc/CMakeFiles/usb_msc.dir/C_/Program_Files/Raspberry_Pi/Pico_SDK_v1.5.1/pico-sdk/src/rp2_common/pico_stdio_uart/stdio_uart.c.obj
                0x20019390                stdio_uart
 .data.ep_dir_string
                0x200193a8        0x8 usb_msc/CMakeFiles/usb_msc.dir/C_/Program_Files/Raspberry_Pi/Pico_SDK_v1.5.1/pico-sdk/lib/tinyusb/src/portable/raspberrypi/rp2040/rp2040_usb.c.obj
                0x200193a8                ep_dir_string
 .data._usbd_qdef
                0x200193b0       0x1c usb_msc/CMakeFiles/usb_msc.dir/C_/Program_Files/Raspberry_Pi/Pico_SDK_v1.5.1/pico-sdk/lib/tinyusb/src/device/usbd.c.obj
                0x200193b0                _usbd_qdef
 .data._usbd_rhport
                0x200193cc        0x1 usb_msc/CMakeFiles/usb_msc.dir/C_/Program_Files/Raspberry_Pi/Pico_SDK_v1.5.1/pico-sdk/lib/tinyusb/src/device/usbd.c.obj
                0x200193d0                . = ALIGN (0x4)
 *fill*         0x200193cd        0x3 
 *(.after_data.*)
                0x200193d0                . = ALIGN (0x4)
                0x200193d0                PROVIDE (__mutex_array_start = .)
 *(SORT_BY_NAME(.mutex_array.*))
 *(.mutex_array)
 .mutex_array   0x200193d0        0x8 usb_msc/CMakeFiles/usb_msc.dir/C_/Program_Files/Raspberry_Pi/Pico_SDK_v1.5.1/pico-sdk/src/rp2_common/pico_stdio/stdio.c.obj
                0x200193d8                PROVIDE (__mutex_array_end = .)
                0x200193d8                . = ALIGN (0x4)
                0x200193d8                PROVIDE (__preinit_array_start = .)
 *(SORT_BY_NAME(.preinit_array.*))
 .preinit_array.00001
                0x200193d8        0x4 usb_msc/CMakeFiles/usb_msc.dir/C_/Program_Files/Raspberry_Pi/Pico_SDK_v1.5.1/pico-sdk/src/rp2_common/pico_mem_ops/mem_ops_aeabi.S.obj
 .preinit_array.00010
                0x200193dc        0x4 usb_msc/CMakeFiles/usb_msc.dir/C_/Program_Files/Raspberry_Pi/Pico_SDK_v1.5.1/pico-sdk/src/rp2_common/pico_bit_ops/bit_ops_aeabi.S.obj
 .preinit_array.00020
                0x200193e0        0x4 usb_msc/CMakeFiles/usb_msc.dir/C_/Program_Files/Raspberry_Pi/Pico_SDK_v1.5.1/pico-sdk/src/rp2_common/pico_double/double_aeabi.S.obj
 .preinit_array.00020
                0x200193e4        0x4 usb_msc/CMakeFiles/usb_msc.dir/C_/Program_Files/Raspberry_Pi/Pico_SDK_v1.5.1/pico-sdk/src/rp2_common/pico_float/float_aeabi.S.obj
 *(.preinit_array)
                0x200193e8                PROVIDE (__preinit_array_end = .)
                0x200193e8                . = ALIGN (0x4)
                0x200193e8                PROVIDE (__init_array_start = .)
 *(SORT_BY_NAME(.init_array.*))
 *(.init_array)
 .init_array    0x200193e8        0x4 c:/progra~1/raspbe~1/picosd~1.1/gcc-ar~1/bin/../lib/gcc/arm-none-eabi/10.3.1/thumb/v6-m/nofp/crtbegin.o
 .init_array    0x200193ec        0x4 usb_msc/CMakeFiles/usb_msc.dir/C_/Program_Files/Raspberry_Pi/Pico_SDK_v1.5.1/pico-sdk/src/rp2_common/pico_unique_id/unique_id.c.obj
                0x200193f0                PROVIDE (__init_array_end = .)
                0x200193f0                . = ALIGN (0x4)
                [!provide]                PROVIDE (__fini_array_start = .)
 *(SORT_BY_NAME(.fini_array.*))
 *(.fini_array)
                [!provide]                PROVIDE (__fini_array_end = .)
 *(.jcr)
                0x200193f0                . = ALIGN (0x4)
                0x200193f0                __data_end__ = .
                0x10004d94                __etext = LOADADDR (.data)

.igot.plt       0x200193f0        0x0 load address 0x1001e0c4
 .igot.plt      0x200193f0        0x0 c:/progra~1/raspbe~1/picosd~1.1/gcc-ar~1/bin/../lib/gcc/arm-none-eabi/10.3.1/thumb/v6-m/nofp/crtbegin.o

.uninitialized_data
                0x200193f0        0x0 load address 0x1001e0c4
                0x200193f0                . = ALIGN (0x4)
 *(.uninitialized_data*)

.scratch_x      0x20040000        0x0 load address 0x1001e0c4
                0x20040000                __scratch_x_start__ = .
 *(.scratch_x.*)
                0x20040000                . = ALIGN (0x4)
                0x20040000                __scratch_x_end__ = .
                0x1001e0c4                __scratch_x_source__ = LOADADDR (.scratch_x)

.scratch_y      0x20041000        0x0 load address 0x1001e0c4
                0x20041000                __scratch_y_start__ = .
 *(.scratch_y.*)
                0x20041000                . = ALIGN (0x4)
                0x20041000                __scratch_y_end__ = .
                0x1001e0c4                __scratch_y_source__ = LOADADDR (.scratch_y)

.bss            0x200193f0      0xcf8
                0x200193f0                . = ALIGN (0x4)
                0x200193f0                __bss_start__ = .
 *(SORT_BY_ALIGNMENT(SORT_BY_NAME(.bss*)))
 .bss.default_alarm_pool_entries
                0x200193f0      0x100 usb_msc/CMakeFiles/usb_msc.dir/C_/Program_Files/Raspberry_Pi/Pico_SDK_v1.5.1/pico-sdk/src/common/pico_time/time.c.obj
 .bss.sd_table  0x200194f0      0x100 usb_msc/CMakeFiles/usb_msc.dir/C_/Program_Files/Raspberry_Pi/Pico_SDK_v1.5.1/pico-sdk/src/rp2_common/pico_double/double_init_rom.c.obj
                0x200194f0                sd_table
 .bss.sf_table  0x200195f0      0x100 usb_msc/CMakeFiles/usb_msc.dir/C_/Program_Files/Raspberry_Pi/Pico_SDK_v1.5.1/pico-sdk/src/rp2_common/pico_float/float_init_rom.c.obj
                0x200195f0                sf_table
 .bss           0x200196f0       0x1c c:/progra~1/raspbe~1/picosd~1.1/gcc-ar~1/bin/../lib/gcc/arm-none-eabi/10.3.1/thumb/v6-m/nofp/crtbegin.o
 .bss._app_driver
                0x2001970c        0x4 usb_msc/CMakeFiles/usb_msc.dir/C_/Program_Files/Raspberry_Pi/Pico_SDK_v1.5.1/pico-sdk/lib/tinyusb/src/device/usbd.c.obj
 .bss._ctrl_xfer
                0x20019710       0x14 usb_msc/CMakeFiles/usb_msc.dir/C_/Program_Files/Raspberry_Pi/Pico_SDK_v1.5.1/pico-sdk/lib/tinyusb/src/device/usbd_control.c.obj
 .bss._desc_str
                0x20019724       0x40 usb_msc/CMakeFiles/usb_msc.dir/usb_descriptors.c.obj
 .bss._mscd_buf
                0x20019764      0x200 usb_msc/CMakeFiles/usb_msc.dir/C_/Program_Files/Raspberry_Pi/Pico_SDK_v1.5.1/pico-sdk/lib/tinyusb/src/class/msc/msc_device.c.obj
 .bss._mscd_itf
                0x20019964       0x40 usb_msc/CMakeFiles/usb_msc.dir/C_/Program_Files/Raspberry_Pi/Pico_SDK_v1.5.1/pico-sdk/lib/tinyusb/src/class/msc/msc_device.c.obj
 .bss._ubsd_mutexdef
                0x200199a4        0x8 usb_msc/CMakeFiles/usb_msc.dir/C_/Program_Files/Raspberry_Pi/Pico_SDK_v1.5.1/pico-sdk/lib/tinyusb/src/device/usbd.c.obj
 .bss._usbd_ctrl_buf
                0x200199ac       0x40 usb_msc/CMakeFiles/usb_msc.dir/C_/Program_Files/Raspberry_Pi/Pico_SDK_v1.5.1/pico-sdk/lib/tinyusb/src/device/usbd_control.c.obj
 .bss._usbd_dev
                0x200199ec       0x53 usb_msc/CMakeFiles/usb_msc.dir/C_/Program_Files/Raspberry_Pi/Pico_SDK_v1.5.1/pico-sdk/lib/tinyusb/src/device/usbd.c.obj
 *fill*         0x20019a3f        0x1 
 .bss._usbd_mutex
                0x20019a40        0x4 usb_msc/CMakeFiles/usb_msc.dir/C_/Program_Files/Raspberry_Pi/Pico_SDK_v1.5.1/pico-sdk/lib/tinyusb/src/device/usbd.c.obj
 .bss._usbd_q   0x20019a44        0x4 usb_msc/CMakeFiles/usb_msc.dir/C_/Program_Files/Raspberry_Pi/Pico_SDK_v1.5.1/pico-sdk/lib/tinyusb/src/device/usbd.c.obj
 .bss._usbd_qdef_buf
                0x20019a48       0xc0 usb_msc/CMakeFiles/usb_msc.dir/C_/Program_Files/Raspberry_Pi/Pico_SDK_v1.5.1/pico-sdk/lib/tinyusb/src/device/usbd.c.obj
                0x20019a48                _usbd_qdef_buf
 .bss.alarm_callbacks
                0x20019b08       0x10 usb_msc/CMakeFiles/usb_msc.dir/C_/Program_Files/Raspberry_Pi/Pico_SDK_v1.5.1/pico-sdk/src/rp2_common/hardware_timer/timer.c.obj
 .bss.boot2_copyout
                0x20019b18      0x100 usb_msc/CMakeFiles/usb_msc.dir/C_/Program_Files/Raspberry_Pi/Pico_SDK_v1.5.1/pico-sdk/src/rp2_common/hardware_flash/flash.c.obj
 .bss.chars_available_callback
                0x20019c18        0x4 usb_msc/CMakeFiles/usb_msc.dir/C_/Program_Files/Raspberry_Pi/Pico_SDK_v1.5.1/pico-sdk/src/rp2_common/pico_stdio_uart/stdio_uart.c.obj
 .bss.chars_available_param
                0x20019c1c        0x4 usb_msc/CMakeFiles/usb_msc.dir/C_/Program_Files/Raspberry_Pi/Pico_SDK_v1.5.1/pico-sdk/src/rp2_common/pico_stdio_uart/stdio_uart.c.obj
 .bss.claimed   0x20019c20        0x4 usb_msc/CMakeFiles/usb_msc.dir/C_/Program_Files/Raspberry_Pi/Pico_SDK_v1.5.1/pico-sdk/src/rp2_common/hardware_sync/sync.c.obj
 .bss.configured_freq
                0x20019c24       0x28 usb_msc/CMakeFiles/usb_msc.dir/C_/Program_Files/Raspberry_Pi/Pico_SDK_v1.5.1/pico-sdk/src/rp2_common/hardware_clocks/clocks.c.obj
 .bss.default_alarm_pool_entry_ids_high
                0x20019c4c       0x10 usb_msc/CMakeFiles/usb_msc.dir/C_/Program_Files/Raspberry_Pi/Pico_SDK_v1.5.1/pico-sdk/src/common/pico_time/time.c.obj
 .bss.default_alarm_pool_heap_nodes
                0x20019c5c       0x30 usb_msc/CMakeFiles/usb_msc.dir/C_/Program_Files/Raspberry_Pi/Pico_SDK_v1.5.1/pico-sdk/src/common/pico_time/time.c.obj
 .bss.drivers   0x20019c8c        0x4 usb_msc/CMakeFiles/usb_msc.dir/C_/Program_Files/Raspberry_Pi/Pico_SDK_v1.5.1/pico-sdk/src/rp2_common/pico_stdio/stdio.c.obj
 .bss.e15_last_sof
                0x20019c90        0x4 usb_msc/CMakeFiles/usb_msc.dir/C_/Program_Files/Raspberry_Pi/Pico_SDK_v1.5.1/pico-sdk/lib/tinyusb/src/portable/raspberrypi/rp2040/rp2040_usb.c.obj
                0x20019c90                e15_last_sof
 .bss.filter    0x20019c94        0x4 usb_msc/CMakeFiles/usb_msc.dir/C_/Program_Files/Raspberry_Pi/Pico_SDK_v1.5.1/pico-sdk/src/rp2_common/pico_stdio/stdio.c.obj
 .bss.hw_endpoints
                0x20019c98      0x400 usb_msc/CMakeFiles/usb_msc.dir/C_/Program_Files/Raspberry_Pi/Pico_SDK_v1.5.1/pico-sdk/lib/tinyusb/src/portable/raspberrypi/rp2040/dcd_rp2040.c.obj
 .bss.lazy_vsnprintf
                0x2001a098        0x4 usb_msc/CMakeFiles/usb_msc.dir/C_/Program_Files/Raspberry_Pi/Pico_SDK_v1.5.1/pico-sdk/src/rp2_common/pico_printf/printf.c.obj
 .bss.next_buffer_ptr
                0x2001a09c        0x4 usb_msc/CMakeFiles/usb_msc.dir/C_/Program_Files/Raspberry_Pi/Pico_SDK_v1.5.1/pico-sdk/lib/tinyusb/src/portable/raspberrypi/rp2040/dcd_rp2040.c.obj
 .bss.pools     0x2001a0a0       0x10 usb_msc/CMakeFiles/usb_msc.dir/C_/Program_Files/Raspberry_Pi/Pico_SDK_v1.5.1/pico-sdk/src/common/pico_time/time.c.obj
 .bss.retrieved_id
                0x2001a0b0        0x8 usb_msc/CMakeFiles/usb_msc.dir/C_/Program_Files/Raspberry_Pi/Pico_SDK_v1.5.1/pico-sdk/src/rp2_common/pico_unique_id/unique_id.c.obj
 .bss.sf_clz_func
                0x2001a0b8        0x4 usb_msc/CMakeFiles/usb_msc.dir/C_/Program_Files/Raspberry_Pi/Pico_SDK_v1.5.1/pico-sdk/src/rp2_common/pico_double/double_init_rom.c.obj
                0x2001a0b8                sf_clz_func
 .bss.sleep_notifier
                0x2001a0bc        0x4 usb_msc/CMakeFiles/usb_msc.dir/C_/Program_Files/Raspberry_Pi/Pico_SDK_v1.5.1/pico-sdk/src/common/pico_time/time.c.obj
 .bss.start_ms.1
                0x2001a0c0        0x4 usb_msc/CMakeFiles/usb_msc.dir/main.c.obj
 .bss.target_hi
                0x2001a0c4       0x10 usb_msc/CMakeFiles/usb_msc.dir/C_/Program_Files/Raspberry_Pi/Pico_SDK_v1.5.1/pico-sdk/src/rp2_common/hardware_timer/timer.c.obj
 .bss.uart_char_to_line_feed
                0x2001a0d4        0x4 usb_msc/CMakeFiles/usb_msc.dir/C_/Program_Files/Raspberry_Pi/Pico_SDK_v1.5.1/pico-sdk/src/rp2_common/hardware_uart/uart.c.obj
                0x2001a0d4                uart_char_to_line_feed
 .bss.uart_inst
                0x2001a0d8        0x4 usb_msc/CMakeFiles/usb_msc.dir/C_/Program_Files/Raspberry_Pi/Pico_SDK_v1.5.1/pico-sdk/lib/tinyusb/hw/bsp/rp2040/family.c.obj
 .bss.uart_instance
                0x2001a0dc        0x4 usb_msc/CMakeFiles/usb_msc.dir/C_/Program_Files/Raspberry_Pi/Pico_SDK_v1.5.1/pico-sdk/src/rp2_common/pico_stdio_uart/stdio_uart.c.obj
 .bss._app_driver_count
                0x2001a0e0        0x1 usb_msc/CMakeFiles/usb_msc.dir/C_/Program_Files/Raspberry_Pi/Pico_SDK_v1.5.1/pico-sdk/lib/tinyusb/src/device/usbd.c.obj
 .bss._sof_enable
                0x2001a0e1        0x1 usb_msc/CMakeFiles/usb_msc.dir/C_/Program_Files/Raspberry_Pi/Pico_SDK_v1.5.1/pico-sdk/lib/tinyusb/src/portable/raspberrypi/rp2040/dcd_rp2040.c.obj
 .bss.boot2_copyout_valid
                0x2001a0e2        0x1 usb_msc/CMakeFiles/usb_msc.dir/C_/Program_Files/Raspberry_Pi/Pico_SDK_v1.5.1/pico-sdk/src/rp2_common/hardware_flash/flash.c.obj
 .bss.claimed   0x2001a0e3        0x1 usb_msc/CMakeFiles/usb_msc.dir/C_/Program_Files/Raspberry_Pi/Pico_SDK_v1.5.1/pico-sdk/src/rp2_common/hardware_timer/timer.c.obj
 .bss.irq_hander_chain_free_slot_head
                0x2001a0e4        0x1 usb_msc/CMakeFiles/usb_msc.dir/C_/Program_Files/Raspberry_Pi/Pico_SDK_v1.5.1/pico-sdk/src/rp2_common/hardware_irq/irq.c.obj
 .bss.led_state.0
                0x2001a0e5        0x1 usb_msc/CMakeFiles/usb_msc.dir/main.c.obj
 .bss.timer_callbacks_pending
                0x2001a0e6        0x1 usb_msc/CMakeFiles/usb_msc.dir/C_/Program_Files/Raspberry_Pi/Pico_SDK_v1.5.1/pico-sdk/src/rp2_common/hardware_timer/timer.c.obj
 *(COMMON)
                0x2001a0e8                . = ALIGN (0x4)
 *fill*         0x2001a0e7        0x1 
                0x2001a0e8                __bss_end__ = .

.heap           0x2001a0e8      0x800
                0x2001a0e8                __end__ = .
                0x2001a0e8                end = __end__
 *(.heap*)
 .heap          0x2001a0e8      0x800 usb_msc/CMakeFiles/usb_msc.dir/C_/Program_Files/Raspberry_Pi/Pico_SDK_v1.5.1/pico-sdk/src/rp2_common/pico_standard_link/crt0.S.obj
                0x2001a8e8                __HeapLimit = .

.stack1_dummy   0x20040000        0x0
 *(.stack1*)

.stack_dummy    0x20041000      0x800
 *(.stack*)
 .stack         0x20041000      0x800 usb_msc/CMakeFiles/usb_msc.dir/C_/Program_Files/Raspberry_Pi/Pico_SDK_v1.5.1/pico-sdk/src/rp2_common/pico_standard_link/crt0.S.obj

.flash_end      0x1001e0c4        0x0
                0x1001e0c4                PROVIDE (__flash_binary_end = .)
                0x20040000                __StackLimit = (ORIGIN (RAM) + LENGTH (RAM))
                0x20041000                __StackOneTop = (ORIGIN (SCRATCH_X) + LENGTH (SCRATCH_X))
                0x20042000                __StackTop = (ORIGIN (SCRATCH_Y) + LENGTH (SCRATCH_Y))
                0x20041000                __StackOneBottom = (__StackOneTop - SIZEOF (.stack1_dummy))
                0x20041800                __StackBottom = (__StackTop - SIZEOF (.stack_dummy))
                0x20042000                PROVIDE (__stack = __StackTop)
                0x00000001                ASSERT ((__StackLimit >= __HeapLimit), region RAM overflowed)
                0x00000001                ASSERT (((__binary_info_header_end - __logical_binary_start) <= 0x100), Binary info must be in first 256 bytes of the binary)
LOAD usb_msc/CMakeFiles/usb_msc.dir/main.c.obj
LOAD usb_msc/CMakeFiles/usb_msc.dir/usb_descriptors.c.obj
LOAD usb_msc/CMakeFiles/usb_msc.dir/msc_disk.c.obj
LOAD usb_msc/CMakeFiles/usb_msc.dir/C_/Program_Files/Raspberry_Pi/Pico_SDK_v1.5.1/pico-sdk/src/rp2_common/pico_stdlib/stdlib.c.obj
LOAD usb_msc/CMakeFiles/usb_msc.dir/C_/Program_Files/Raspberry_Pi/Pico_SDK_v1.5.1/pico-sdk/src/rp2_common/hardware_gpio/gpio.c.obj
LOAD usb_msc/CMakeFiles/usb_msc.dir/C_/Program_Files/Raspberry_Pi/Pico_SDK_v1.5.1/pico-sdk/src/rp2_common/pico_platform/platform.c.obj
LOAD usb_msc/CMakeFiles/usb_msc.dir/C_/Program_Files/Raspberry_Pi/Pico_SDK_v1.5.1/pico-sdk/src/rp2_common/hardware_claim/claim.c.obj
LOAD usb_msc/CMakeFiles/usb_msc.dir/C_/Program_Files/Raspberry_Pi/Pico_SDK_v1.5.1/pico-sdk/src/rp2_common/hardware_sync/sync.c.obj
LOAD usb_msc/CMakeFiles/usb_msc.dir/C_/Program_Files/Raspberry_Pi/Pico_SDK_v1.5.1/pico-sdk/src/rp2_common/hardware_irq/irq.c.obj
LOAD usb_msc/CMakeFiles/usb_msc.dir/C_/Program_Files/Raspberry_Pi/Pico_SDK_v1.5.1/pico-sdk/src/rp2_common/hardware_irq/irq_handler_chain.S.obj
LOAD usb_msc/CMakeFiles/usb_msc.dir/C_/Program_Files/Raspberry_Pi/Pico_SDK_v1.5.1/pico-sdk/src/common/pico_sync/sem.c.obj
LOAD usb_msc/CMakeFiles/usb_msc.dir/C_/Program_Files/Raspberry_Pi/Pico_SDK_v1.5.1/pico-sdk/src/common/pico_sync/lock_core.c.obj
LOAD usb_msc/CMakeFiles/usb_msc.dir/C_/Program_Files/Raspberry_Pi/Pico_SDK_v1.5.1/pico-sdk/src/common/pico_sync/mutex.c.obj
LOAD usb_msc/CMakeFiles/usb_msc.dir/C_/Program_Files/Raspberry_Pi/Pico_SDK_v1.5.1/pico-sdk/src/common/pico_sync/critical_section.c.obj
LOAD usb_msc/CMakeFiles/usb_msc.dir/C_/Program_Files/Raspberry_Pi/Pico_SDK_v1.5.1/pico-sdk/src/common/pico_time/time.c.obj
LOAD usb_msc/CMakeFiles/usb_msc.dir/C_/Program_Files/Raspberry_Pi/Pico_SDK_v1.5.1/pico-sdk/src/common/pico_time/timeout_helper.c.obj
LOAD usb_msc/CMakeFiles/usb_msc.dir/C_/Program_Files/Raspberry_Pi/Pico_SDK_v1.5.1/pico-sdk/src/rp2_common/hardware_timer/timer.c.obj
LOAD usb_msc/CMakeFiles/usb_msc.dir/C_/Program_Files/Raspberry_Pi/Pico_SDK_v1.5.1/pico-sdk/src/common/pico_util/datetime.c.obj
LOAD usb_msc/CMakeFiles/usb_msc.dir/C_/Program_Files/Raspberry_Pi/Pico_SDK_v1.5.1/pico-sdk/src/common/pico_util/pheap.c.obj
LOAD usb_msc/CMakeFiles/usb_msc.dir/C_/Program_Files/Raspberry_Pi/Pico_SDK_v1.5.1/pico-sdk/src/common/pico_util/queue.c.obj
LOAD usb_msc/CMakeFiles/usb_msc.dir/C_/Program_Files/Raspberry_Pi/Pico_SDK_v1.5.1/pico-sdk/src/rp2_common/hardware_uart/uart.c.obj
LOAD usb_msc/CMakeFiles/usb_msc.dir/C_/Program_Files/Raspberry_Pi/Pico_SDK_v1.5.1/pico-sdk/src/rp2_common/hardware_clocks/clocks.c.obj
LOAD usb_msc/CMakeFiles/usb_msc.dir/C_/Program_Files/Raspberry_Pi/Pico_SDK_v1.5.1/pico-sdk/src/rp2_common/hardware_pll/pll.c.obj
LOAD usb_msc/CMakeFiles/usb_msc.dir/C_/Program_Files/Raspberry_Pi/Pico_SDK_v1.5.1/pico-sdk/src/rp2_common/hardware_vreg/vreg.c.obj
LOAD usb_msc/CMakeFiles/usb_msc.dir/C_/Program_Files/Raspberry_Pi/Pico_SDK_v1.5.1/pico-sdk/src/rp2_common/hardware_watchdog/watchdog.c.obj
LOAD usb_msc/CMakeFiles/usb_msc.dir/C_/Program_Files/Raspberry_Pi/Pico_SDK_v1.5.1/pico-sdk/src/rp2_common/hardware_xosc/xosc.c.obj
LOAD usb_msc/CMakeFiles/usb_msc.dir/C_/Program_Files/Raspberry_Pi/Pico_SDK_v1.5.1/pico-sdk/src/rp2_common/hardware_divider/divider.S.obj
LOAD usb_msc/CMakeFiles/usb_msc.dir/C_/Program_Files/Raspberry_Pi/Pico_SDK_v1.5.1/pico-sdk/src/rp2_common/pico_runtime/runtime.c.obj
LOAD usb_msc/CMakeFiles/usb_msc.dir/C_/Program_Files/Raspberry_Pi/Pico_SDK_v1.5.1/pico-sdk/src/rp2_common/pico_printf/printf.c.obj
LOAD usb_msc/CMakeFiles/usb_msc.dir/C_/Program_Files/Raspberry_Pi/Pico_SDK_v1.5.1/pico-sdk/src/rp2_common/pico_bit_ops/bit_ops_aeabi.S.obj
LOAD usb_msc/CMakeFiles/usb_msc.dir/C_/Program_Files/Raspberry_Pi/Pico_SDK_v1.5.1/pico-sdk/src/rp2_common/pico_bootrom/bootrom.c.obj
LOAD usb_msc/CMakeFiles/usb_msc.dir/C_/Program_Files/Raspberry_Pi/Pico_SDK_v1.5.1/pico-sdk/src/rp2_common/pico_divider/divider.S.obj
LOAD usb_msc/CMakeFiles/usb_msc.dir/C_/Program_Files/Raspberry_Pi/Pico_SDK_v1.5.1/pico-sdk/src/rp2_common/pico_double/double_aeabi.S.obj
LOAD usb_msc/CMakeFiles/usb_msc.dir/C_/Program_Files/Raspberry_Pi/Pico_SDK_v1.5.1/pico-sdk/src/rp2_common/pico_double/double_init_rom.c.obj
LOAD usb_msc/CMakeFiles/usb_msc.dir/C_/Program_Files/Raspberry_Pi/Pico_SDK_v1.5.1/pico-sdk/src/rp2_common/pico_double/double_math.c.obj
LOAD usb_msc/CMakeFiles/usb_msc.dir/C_/Program_Files/Raspberry_Pi/Pico_SDK_v1.5.1/pico-sdk/src/rp2_common/pico_double/double_v1_rom_shim.S.obj
LOAD usb_msc/CMakeFiles/usb_msc.dir/C_/Program_Files/Raspberry_Pi/Pico_SDK_v1.5.1/pico-sdk/src/rp2_common/pico_int64_ops/pico_int64_ops_aeabi.S.obj
LOAD usb_msc/CMakeFiles/usb_msc.dir/C_/Program_Files/Raspberry_Pi/Pico_SDK_v1.5.1/pico-sdk/src/rp2_common/pico_float/float_aeabi.S.obj
LOAD usb_msc/CMakeFiles/usb_msc.dir/C_/Program_Files/Raspberry_Pi/Pico_SDK_v1.5.1/pico-sdk/src/rp2_common/pico_float/float_init_rom.c.obj
LOAD usb_msc/CMakeFiles/usb_msc.dir/C_/Program_Files/Raspberry_Pi/Pico_SDK_v1.5.1/pico-sdk/src/rp2_common/pico_float/float_math.c.obj
LOAD usb_msc/CMakeFiles/usb_msc.dir/C_/Program_Files/Raspberry_Pi/Pico_SDK_v1.5.1/pico-sdk/src/rp2_common/pico_float/float_v1_rom_shim.S.obj
LOAD usb_msc/CMakeFiles/usb_msc.dir/C_/Program_Files/Raspberry_Pi/Pico_SDK_v1.5.1/pico-sdk/src/rp2_common/pico_malloc/pico_malloc.c.obj
LOAD usb_msc/CMakeFiles/usb_msc.dir/C_/Program_Files/Raspberry_Pi/Pico_SDK_v1.5.1/pico-sdk/src/rp2_common/pico_mem_ops/mem_ops_aeabi.S.obj
LOAD usb_msc/CMakeFiles/usb_msc.dir/C_/Program_Files/Raspberry_Pi/Pico_SDK_v1.5.1/pico-sdk/src/rp2_common/pico_standard_link/crt0.S.obj
LOAD usb_msc/CMakeFiles/usb_msc.dir/C_/Program_Files/Raspberry_Pi/Pico_SDK_v1.5.1/pico-sdk/src/rp2_common/pico_standard_link/new_delete.cpp.obj
LOAD usb_msc/CMakeFiles/usb_msc.dir/C_/Program_Files/Raspberry_Pi/Pico_SDK_v1.5.1/pico-sdk/src/rp2_common/pico_standard_link/binary_info.c.obj
LOAD usb_msc/CMakeFiles/usb_msc.dir/C_/Program_Files/Raspberry_Pi/Pico_SDK_v1.5.1/pico-sdk/src/rp2_common/pico_stdio/stdio.c.obj
LOAD usb_msc/CMakeFiles/usb_msc.dir/C_/Program_Files/Raspberry_Pi/Pico_SDK_v1.5.1/pico-sdk/src/rp2_common/pico_stdio_uart/stdio_uart.c.obj
LOAD usb_msc/CMakeFiles/usb_msc.dir/C_/Program_Files/Raspberry_Pi/Pico_SDK_v1.5.1/pico-sdk/src/rp2_common/pico_unique_id/unique_id.c.obj
LOAD usb_msc/CMakeFiles/usb_msc.dir/C_/Program_Files/Raspberry_Pi/Pico_SDK_v1.5.1/pico-sdk/src/rp2_common/hardware_flash/flash.c.obj
LOAD usb_msc/CMakeFiles/usb_msc.dir/C_/Program_Files/Raspberry_Pi/Pico_SDK_v1.5.1/pico-sdk/lib/tinyusb/src/portable/raspberrypi/rp2040/dcd_rp2040.c.obj
LOAD usb_msc/CMakeFiles/usb_msc.dir/C_/Program_Files/Raspberry_Pi/Pico_SDK_v1.5.1/pico-sdk/lib/tinyusb/src/portable/raspberrypi/rp2040/rp2040_usb.c.obj
LOAD usb_msc/CMakeFiles/usb_msc.dir/C_/Program_Files/Raspberry_Pi/Pico_SDK_v1.5.1/pico-sdk/lib/tinyusb/src/device/usbd.c.obj
LOAD usb_msc/CMakeFiles/usb_msc.dir/C_/Program_Files/Raspberry_Pi/Pico_SDK_v1.5.1/pico-sdk/lib/tinyusb/src/device/usbd_control.c.obj
LOAD usb_msc/CMakeFiles/usb_msc.dir/C_/Program_Files/Raspberry_Pi/Pico_SDK_v1.5.1/pico-sdk/lib/tinyusb/src/class/audio/audio_device.c.obj
LOAD usb_msc/CMakeFiles/usb_msc.dir/C_/Program_Files/Raspberry_Pi/Pico_SDK_v1.5.1/pico-sdk/lib/tinyusb/src/class/cdc/cdc_device.c.obj
LOAD usb_msc/CMakeFiles/usb_msc.dir/C_/Program_Files/Raspberry_Pi/Pico_SDK_v1.5.1/pico-sdk/lib/tinyusb/src/class/dfu/dfu_device.c.obj
LOAD usb_msc/CMakeFiles/usb_msc.dir/C_/Program_Files/Raspberry_Pi/Pico_SDK_v1.5.1/pico-sdk/lib/tinyusb/src/class/dfu/dfu_rt_device.c.obj
LOAD usb_msc/CMakeFiles/usb_msc.dir/C_/Program_Files/Raspberry_Pi/Pico_SDK_v1.5.1/pico-sdk/lib/tinyusb/src/class/hid/hid_device.c.obj
LOAD usb_msc/CMakeFiles/usb_msc.dir/C_/Program_Files/Raspberry_Pi/Pico_SDK_v1.5.1/pico-sdk/lib/tinyusb/src/class/midi/midi_device.c.obj
LOAD usb_msc/CMakeFiles/usb_msc.dir/C_/Program_Files/Raspberry_Pi/Pico_SDK_v1.5.1/pico-sdk/lib/tinyusb/src/class/msc/msc_device.c.obj
LOAD usb_msc/CMakeFiles/usb_msc.dir/C_/Program_Files/Raspberry_Pi/Pico_SDK_v1.5.1/pico-sdk/lib/tinyusb/src/class/net/ecm_rndis_device.c.obj
LOAD usb_msc/CMakeFiles/usb_msc.dir/C_/Program_Files/Raspberry_Pi/Pico_SDK_v1.5.1/pico-sdk/lib/tinyusb/src/class/net/ncm_device.c.obj
LOAD usb_msc/CMakeFiles/usb_msc.dir/C_/Program_Files/Raspberry_Pi/Pico_SDK_v1.5.1/pico-sdk/lib/tinyusb/src/class/usbtmc/usbtmc_device.c.obj
LOAD usb_msc/CMakeFiles/usb_msc.dir/C_/Program_Files/Raspberry_Pi/Pico_SDK_v1.5.1/pico-sdk/lib/tinyusb/src/class/vendor/vendor_device.c.obj
LOAD usb_msc/CMakeFiles/usb_msc.dir/C_/Program_Files/Raspberry_Pi/Pico_SDK_v1.5.1/pico-sdk/lib/tinyusb/src/class/video/video_device.c.obj
LOAD usb_msc/CMakeFiles/usb_msc.dir/C_/Program_Files/Raspberry_Pi/Pico_SDK_v1.5.1/pico-sdk/lib/tinyusb/src/portable/raspberrypi/pio_usb/dcd_pio_usb.c.obj
LOAD usb_msc/CMakeFiles/usb_msc.dir/C_/Program_Files/Raspberry_Pi/Pico_SDK_v1.5.1/pico-sdk/lib/tinyusb/src/tusb.c.obj
LOAD usb_msc/CMakeFiles/usb_msc.dir/C_/Program_Files/Raspberry_Pi/Pico_SDK_v1.5.1/pico-sdk/lib/tinyusb/src/common/tusb_fifo.c.obj
LOAD usb_msc/CMakeFiles/usb_msc.dir/C_/Program_Files/Raspberry_Pi/Pico_SDK_v1.5.1/pico-sdk/src/rp2_common/pico_fix/rp2040_usb_device_enumeration/rp2040_usb_device_enumeration.c.obj
LOAD usb_msc/CMakeFiles/usb_msc.dir/C_/Program_Files/Raspberry_Pi/Pico_SDK_v1.5.1/pico-sdk/lib/tinyusb/hw/bsp/rp2040/family.c.obj
LOAD C:\Users\adewa\AppData\Local\Temp\ccCyAvBb.o
LOAD c:/progra~1/raspbe~1/picosd~1.1/gcc-ar~1/bin/../lib/gcc/arm-none-eabi/10.3.1/../../../../arm-none-eabi/lib/thumb/v6-m/nofp\libstdc++.a
LOAD c:/progra~1/raspbe~1/picosd~1.1/gcc-ar~1/bin/../lib/gcc/arm-none-eabi/10.3.1/../../../../arm-none-eabi/lib/thumb/v6-m/nofp\libm.a
START GROUP
LOAD c:/progra~1/raspbe~1/picosd~1.1/gcc-ar~1/bin/../lib/gcc/arm-none-eabi/10.3.1/thumb/v6-m/nofp\libgcc.a
LOAD c:/progra~1/raspbe~1/picosd~1.1/gcc-ar~1/bin/../lib/gcc/arm-none-eabi/10.3.1/../../../../arm-none-eabi/lib/thumb/v6-m/nofp\libc.a
END GROUP
START GROUP
LOAD c:/progra~1/raspbe~1/picosd~1.1/gcc-ar~1/bin/../lib/gcc/arm-none-eabi/10.3.1/thumb/v6-m/nofp\libgcc.a
LOAD c:/progra~1/raspbe~1/picosd~1.1/gcc-ar~1/bin/../lib/gcc/arm-none-eabi/10.3.1/../../../../arm-none-eabi/lib/thumb/v6-m/nofp\libc.a
LOAD c:/progra~1/raspbe~1/picosd~1.1/gcc-ar~1/bin/../lib/gcc/arm-none-eabi/10.3.1/../../../../arm-none-eabi/lib/thumb/v6-m/nofp\libnosys.a
END GROUP
LOAD c:/progra~1/raspbe~1/picosd~1.1/gcc-ar~1/bin/../lib/gcc/arm-none-eabi/10.3.1/thumb/v6-m/nofp/crtend.o
LOAD c:/progra~1/raspbe~1/picosd~1.1/gcc-ar~1/bin/../lib/gcc/arm-none-eabi/10.3.1/thumb/v6-m/nofp/crtn.o
OUTPUT(usb_msc\usb_msc.elf elf32-littlearm)
LOAD linker stubs

.ARM.attributes
                0x00000000       0x28
 .ARM.attributes
                0x00000000       0x1e c:/progra~1/raspbe~1/picosd~1.1/gcc-ar~1/bin/../lib/gcc/arm-none-eabi/10.3.1/thumb/v6-m/nofp/crti.o
 .ARM.attributes
                0x0000001e       0x2c c:/progra~1/raspbe~1/picosd~1.1/gcc-ar~1/bin/../lib/gcc/arm-none-eabi/10.3.1/thumb/v6-m/nofp/crtbegin.o
 .ARM.attributes
                0x0000004a       0x2c usb_msc/CMakeFiles/usb_msc.dir/main.c.obj
 .ARM.attributes
                0x00000076       0x2c usb_msc/CMakeFiles/usb_msc.dir/usb_descriptors.c.obj
 .ARM.attributes
                0x000000a2       0x2c usb_msc/CMakeFiles/usb_msc.dir/msc_disk.c.obj
 .ARM.attributes
                0x000000ce       0x2c usb_msc/CMakeFiles/usb_msc.dir/C_/Program_Files/Raspberry_Pi/Pico_SDK_v1.5.1/pico-sdk/src/rp2_common/hardware_gpio/gpio.c.obj
 .ARM.attributes
                0x000000fa       0x2c usb_msc/CMakeFiles/usb_msc.dir/C_/Program_Files/Raspberry_Pi/Pico_SDK_v1.5.1/pico-sdk/src/rp2_common/pico_platform/platform.c.obj
 .ARM.attributes
                0x00000126       0x2c usb_msc/CMakeFiles/usb_msc.dir/C_/Program_Files/Raspberry_Pi/Pico_SDK_v1.5.1/pico-sdk/src/rp2_common/hardware_claim/claim.c.obj
 .ARM.attributes
                0x00000152       0x2c usb_msc/CMakeFiles/usb_msc.dir/C_/Program_Files/Raspberry_Pi/Pico_SDK_v1.5.1/pico-sdk/src/rp2_common/hardware_sync/sync.c.obj
 .ARM.attributes
                0x0000017e       0x2c usb_msc/CMakeFiles/usb_msc.dir/C_/Program_Files/Raspberry_Pi/Pico_SDK_v1.5.1/pico-sdk/src/rp2_common/hardware_irq/irq.c.obj
 .ARM.attributes
                0x000001aa       0x22 usb_msc/CMakeFiles/usb_msc.dir/C_/Program_Files/Raspberry_Pi/Pico_SDK_v1.5.1/pico-sdk/src/rp2_common/hardware_irq/irq_handler_chain.S.obj
 .ARM.attributes
                0x000001cc       0x2c usb_msc/CMakeFiles/usb_msc.dir/C_/Program_Files/Raspberry_Pi/Pico_SDK_v1.5.1/pico-sdk/src/common/pico_sync/lock_core.c.obj
 .ARM.attributes
                0x000001f8       0x2c usb_msc/CMakeFiles/usb_msc.dir/C_/Program_Files/Raspberry_Pi/Pico_SDK_v1.5.1/pico-sdk/src/common/pico_sync/mutex.c.obj
 .ARM.attributes
                0x00000224       0x2c usb_msc/CMakeFiles/usb_msc.dir/C_/Program_Files/Raspberry_Pi/Pico_SDK_v1.5.1/pico-sdk/src/common/pico_sync/critical_section.c.obj
 .ARM.attributes
                0x00000250       0x2c usb_msc/CMakeFiles/usb_msc.dir/C_/Program_Files/Raspberry_Pi/Pico_SDK_v1.5.1/pico-sdk/src/common/pico_time/time.c.obj
 .ARM.attributes
                0x0000027c       0x2c usb_msc/CMakeFiles/usb_msc.dir/C_/Program_Files/Raspberry_Pi/Pico_SDK_v1.5.1/pico-sdk/src/rp2_common/hardware_timer/timer.c.obj
 .ARM.attributes
                0x000002a8       0x2c usb_msc/CMakeFiles/usb_msc.dir/C_/Program_Files/Raspberry_Pi/Pico_SDK_v1.5.1/pico-sdk/src/common/pico_util/pheap.c.obj
 .ARM.attributes
                0x000002d4       0x2c usb_msc/CMakeFiles/usb_msc.dir/C_/Program_Files/Raspberry_Pi/Pico_SDK_v1.5.1/pico-sdk/src/rp2_common/hardware_uart/uart.c.obj
 .ARM.attributes
                0x00000300       0x2c usb_msc/CMakeFiles/usb_msc.dir/C_/Program_Files/Raspberry_Pi/Pico_SDK_v1.5.1/pico-sdk/src/rp2_common/hardware_clocks/clocks.c.obj
 .ARM.attributes
                0x0000032c       0x2c usb_msc/CMakeFiles/usb_msc.dir/C_/Program_Files/Raspberry_Pi/Pico_SDK_v1.5.1/pico-sdk/src/rp2_common/hardware_pll/pll.c.obj
 .ARM.attributes
                0x00000358       0x2c usb_msc/CMakeFiles/usb_msc.dir/C_/Program_Files/Raspberry_Pi/Pico_SDK_v1.5.1/pico-sdk/src/rp2_common/hardware_watchdog/watchdog.c.obj
 .ARM.attributes
                0x00000384       0x2c usb_msc/CMakeFiles/usb_msc.dir/C_/Program_Files/Raspberry_Pi/Pico_SDK_v1.5.1/pico-sdk/src/rp2_common/hardware_xosc/xosc.c.obj
 .ARM.attributes
                0x000003b0       0x2c usb_msc/CMakeFiles/usb_msc.dir/C_/Program_Files/Raspberry_Pi/Pico_SDK_v1.5.1/pico-sdk/src/rp2_common/pico_runtime/runtime.c.obj
 .ARM.attributes
                0x000003dc       0x2c usb_msc/CMakeFiles/usb_msc.dir/C_/Program_Files/Raspberry_Pi/Pico_SDK_v1.5.1/pico-sdk/src/rp2_common/pico_printf/printf.c.obj
 .ARM.attributes
                0x00000408       0x22 usb_msc/CMakeFiles/usb_msc.dir/C_/Program_Files/Raspberry_Pi/Pico_SDK_v1.5.1/pico-sdk/src/rp2_common/pico_bit_ops/bit_ops_aeabi.S.obj
 .ARM.attributes
                0x0000042a       0x2c usb_msc/CMakeFiles/usb_msc.dir/C_/Program_Files/Raspberry_Pi/Pico_SDK_v1.5.1/pico-sdk/src/rp2_common/pico_bootrom/bootrom.c.obj
 .ARM.attributes
                0x00000456       0x22 usb_msc/CMakeFiles/usb_msc.dir/C_/Program_Files/Raspberry_Pi/Pico_SDK_v1.5.1/pico-sdk/src/rp2_common/pico_divider/divider.S.obj
 .ARM.attributes
                0x00000478       0x22 usb_msc/CMakeFiles/usb_msc.dir/C_/Program_Files/Raspberry_Pi/Pico_SDK_v1.5.1/pico-sdk/src/rp2_common/pico_double/double_aeabi.S.obj
 .ARM.attributes
                0x0000049a       0x2c usb_msc/CMakeFiles/usb_msc.dir/C_/Program_Files/Raspberry_Pi/Pico_SDK_v1.5.1/pico-sdk/src/rp2_common/pico_double/double_init_rom.c.obj
 .ARM.attributes
                0x000004c6       0x22 usb_msc/CMakeFiles/usb_msc.dir/C_/Program_Files/Raspberry_Pi/Pico_SDK_v1.5.1/pico-sdk/src/rp2_common/pico_double/double_v1_rom_shim.S.obj
 .ARM.attributes
                0x000004e8       0x22 usb_msc/CMakeFiles/usb_msc.dir/C_/Program_Files/Raspberry_Pi/Pico_SDK_v1.5.1/pico-sdk/src/rp2_common/pico_int64_ops/pico_int64_ops_aeabi.S.obj
 .ARM.attributes
                0x0000050a       0x22 usb_msc/CMakeFiles/usb_msc.dir/C_/Program_Files/Raspberry_Pi/Pico_SDK_v1.5.1/pico-sdk/src/rp2_common/pico_float/float_aeabi.S.obj
 .ARM.attributes
                0x0000052c       0x2c usb_msc/CMakeFiles/usb_msc.dir/C_/Program_Files/Raspberry_Pi/Pico_SDK_v1.5.1/pico-sdk/src/rp2_common/pico_float/float_init_rom.c.obj
 .ARM.attributes
                0x00000558       0x22 usb_msc/CMakeFiles/usb_msc.dir/C_/Program_Files/Raspberry_Pi/Pico_SDK_v1.5.1/pico-sdk/src/rp2_common/pico_float/float_v1_rom_shim.S.obj
 .ARM.attributes
                0x0000057a       0x22 usb_msc/CMakeFiles/usb_msc.dir/C_/Program_Files/Raspberry_Pi/Pico_SDK_v1.5.1/pico-sdk/src/rp2_common/pico_mem_ops/mem_ops_aeabi.S.obj
 .ARM.attributes
                0x0000059c       0x22 usb_msc/CMakeFiles/usb_msc.dir/C_/Program_Files/Raspberry_Pi/Pico_SDK_v1.5.1/pico-sdk/src/rp2_common/pico_standard_link/crt0.S.obj
 .ARM.attributes
                0x000005be       0x2c usb_msc/CMakeFiles/usb_msc.dir/C_/Program_Files/Raspberry_Pi/Pico_SDK_v1.5.1/pico-sdk/src/rp2_common/pico_standard_link/binary_info.c.obj
 .ARM.attributes
                0x000005ea       0x2c usb_msc/CMakeFiles/usb_msc.dir/C_/Program_Files/Raspberry_Pi/Pico_SDK_v1.5.1/pico-sdk/src/rp2_common/pico_stdio/stdio.c.obj
 .ARM.attributes
                0x00000616       0x2c usb_msc/CMakeFiles/usb_msc.dir/C_/Program_Files/Raspberry_Pi/Pico_SDK_v1.5.1/pico-sdk/src/rp2_common/pico_stdio_uart/stdio_uart.c.obj
 .ARM.attributes
                0x00000642       0x2c usb_msc/CMakeFiles/usb_msc.dir/C_/Program_Files/Raspberry_Pi/Pico_SDK_v1.5.1/pico-sdk/src/rp2_common/pico_unique_id/unique_id.c.obj
 .ARM.attributes
                0x0000066e       0x2c usb_msc/CMakeFiles/usb_msc.dir/C_/Program_Files/Raspberry_Pi/Pico_SDK_v1.5.1/pico-sdk/src/rp2_common/hardware_flash/flash.c.obj
 .ARM.attributes
                0x0000069a       0x2c usb_msc/CMakeFiles/usb_msc.dir/C_/Program_Files/Raspberry_Pi/Pico_SDK_v1.5.1/pico-sdk/lib/tinyusb/src/portable/raspberrypi/rp2040/dcd_rp2040.c.obj
 .ARM.attributes
                0x000006c6       0x2c usb_msc/CMakeFiles/usb_msc.dir/C_/Program_Files/Raspberry_Pi/Pico_SDK_v1.5.1/pico-sdk/lib/tinyusb/src/portable/raspberrypi/rp2040/rp2040_usb.c.obj
 .ARM.attributes
                0x000006f2       0x2c usb_msc/CMakeFiles/usb_msc.dir/C_/Program_Files/Raspberry_Pi/Pico_SDK_v1.5.1/pico-sdk/lib/tinyusb/src/device/usbd.c.obj
 .ARM.attributes
                0x0000071e       0x2c usb_msc/CMakeFiles/usb_msc.dir/C_/Program_Files/Raspberry_Pi/Pico_SDK_v1.5.1/pico-sdk/lib/tinyusb/src/device/usbd_control.c.obj
 .ARM.attributes
                0x0000074a       0x2c usb_msc/CMakeFiles/usb_msc.dir/C_/Program_Files/Raspberry_Pi/Pico_SDK_v1.5.1/pico-sdk/lib/tinyusb/src/class/msc/msc_device.c.obj
 .ARM.attributes
                0x00000776       0x2c usb_msc/CMakeFiles/usb_msc.dir/C_/Program_Files/Raspberry_Pi/Pico_SDK_v1.5.1/pico-sdk/lib/tinyusb/src/tusb.c.obj
 .ARM.attributes
                0x000007a2       0x2c usb_msc/CMakeFiles/usb_msc.dir/C_/Program_Files/Raspberry_Pi/Pico_SDK_v1.5.1/pico-sdk/lib/tinyusb/src/common/tusb_fifo.c.obj
 .ARM.attributes
                0x000007ce       0x2c usb_msc/CMakeFiles/usb_msc.dir/C_/Program_Files/Raspberry_Pi/Pico_SDK_v1.5.1/pico-sdk/lib/tinyusb/hw/bsp/rp2040/family.c.obj
 .ARM.attributes
                0x000007fa       0x22 C:\Users\adewa\AppData\Local\Temp\ccCyAvBb.o
 .ARM.attributes
                0x0000081c       0x1e c:/progra~1/raspbe~1/picosd~1.1/gcc-ar~1/bin/../lib/gcc/arm-none-eabi/10.3.1/thumb/v6-m/nofp\libgcc.a(_dvmd_tls.o)
 .ARM.attributes
                0x0000083a       0x2c c:/progra~1/raspbe~1/picosd~1.1/gcc-ar~1/bin/../lib/gcc/arm-none-eabi/10.3.1/../../../../arm-none-eabi/lib/thumb/v6-m/nofp\libc.a(lib_a-memmove.o)
 .ARM.attributes
                0x00000866       0x2c c:/progra~1/raspbe~1/picosd~1.1/gcc-ar~1/bin/../lib/gcc/arm-none-eabi/10.3.1/../../../../arm-none-eabi/lib/thumb/v6-m/nofp\libc.a(lib_a-strlen-stub.o)

.comment        0x00000000       0x49
 .comment       0x00000000       0x49 usb_msc/CMakeFiles/usb_msc.dir/main.c.obj
                                 0x4a (size before relaxing)
 .comment       0x00000049       0x4a usb_msc/CMakeFiles/usb_msc.dir/usb_descriptors.c.obj
 .comment       0x00000049       0x4a usb_msc/CMakeFiles/usb_msc.dir/msc_disk.c.obj
 .comment       0x00000049       0x4a usb_msc/CMakeFiles/usb_msc.dir/C_/Program_Files/Raspberry_Pi/Pico_SDK_v1.5.1/pico-sdk/src/rp2_common/hardware_gpio/gpio.c.obj
 .comment       0x00000049       0x4a usb_msc/CMakeFiles/usb_msc.dir/C_/Program_Files/Raspberry_Pi/Pico_SDK_v1.5.1/pico-sdk/src/rp2_common/pico_platform/platform.c.obj
 .comment       0x00000049       0x4a usb_msc/CMakeFiles/usb_msc.dir/C_/Program_Files/Raspberry_Pi/Pico_SDK_v1.5.1/pico-sdk/src/rp2_common/hardware_claim/claim.c.obj
 .comment       0x00000049       0x4a usb_msc/CMakeFiles/usb_msc.dir/C_/Program_Files/Raspberry_Pi/Pico_SDK_v1.5.1/pico-sdk/src/rp2_common/hardware_sync/sync.c.obj
 .comment       0x00000049       0x4a usb_msc/CMakeFiles/usb_msc.dir/C_/Program_Files/Raspberry_Pi/Pico_SDK_v1.5.1/pico-sdk/src/rp2_common/hardware_irq/irq.c.obj
 .comment       0x00000049       0x4a usb_msc/CMakeFiles/usb_msc.dir/C_/Program_Files/Raspberry_Pi/Pico_SDK_v1.5.1/pico-sdk/src/common/pico_sync/lock_core.c.obj
 .comment       0x00000049       0x4a usb_msc/CMakeFiles/usb_msc.dir/C_/Program_Files/Raspberry_Pi/Pico_SDK_v1.5.1/pico-sdk/src/common/pico_sync/mutex.c.obj
 .comment       0x00000049       0x4a usb_msc/CMakeFiles/usb_msc.dir/C_/Program_Files/Raspberry_Pi/Pico_SDK_v1.5.1/pico-sdk/src/common/pico_sync/critical_section.c.obj
 .comment       0x00000049       0x4a usb_msc/CMakeFiles/usb_msc.dir/C_/Program_Files/Raspberry_Pi/Pico_SDK_v1.5.1/pico-sdk/src/common/pico_time/time.c.obj
 .comment       0x00000049       0x4a usb_msc/CMakeFiles/usb_msc.dir/C_/Program_Files/Raspberry_Pi/Pico_SDK_v1.5.1/pico-sdk/src/rp2_common/hardware_timer/timer.c.obj
 .comment       0x00000049       0x4a usb_msc/CMakeFiles/usb_msc.dir/C_/Program_Files/Raspberry_Pi/Pico_SDK_v1.5.1/pico-sdk/src/common/pico_util/pheap.c.obj
 .comment       0x00000049       0x4a usb_msc/CMakeFiles/usb_msc.dir/C_/Program_Files/Raspberry_Pi/Pico_SDK_v1.5.1/pico-sdk/src/rp2_common/hardware_uart/uart.c.obj
 .comment       0x00000049       0x4a usb_msc/CMakeFiles/usb_msc.dir/C_/Program_Files/Raspberry_Pi/Pico_SDK_v1.5.1/pico-sdk/src/rp2_common/hardware_clocks/clocks.c.obj
 .comment       0x00000049       0x4a usb_msc/CMakeFiles/usb_msc.dir/C_/Program_Files/Raspberry_Pi/Pico_SDK_v1.5.1/pico-sdk/src/rp2_common/hardware_pll/pll.c.obj
 .comment       0x00000049       0x4a usb_msc/CMakeFiles/usb_msc.dir/C_/Program_Files/Raspberry_Pi/Pico_SDK_v1.5.1/pico-sdk/src/rp2_common/hardware_watchdog/watchdog.c.obj
 .comment       0x00000049       0x4a usb_msc/CMakeFiles/usb_msc.dir/C_/Program_Files/Raspberry_Pi/Pico_SDK_v1.5.1/pico-sdk/src/rp2_common/hardware_xosc/xosc.c.obj
 .comment       0x00000049       0x4a usb_msc/CMakeFiles/usb_msc.dir/C_/Program_Files/Raspberry_Pi/Pico_SDK_v1.5.1/pico-sdk/src/rp2_common/pico_runtime/runtime.c.obj
 .comment       0x00000049       0x4a usb_msc/CMakeFiles/usb_msc.dir/C_/Program_Files/Raspberry_Pi/Pico_SDK_v1.5.1/pico-sdk/src/rp2_common/pico_printf/printf.c.obj
 .comment       0x00000049       0x4a usb_msc/CMakeFiles/usb_msc.dir/C_/Program_Files/Raspberry_Pi/Pico_SDK_v1.5.1/pico-sdk/src/rp2_common/pico_bootrom/bootrom.c.obj
 .comment       0x00000049       0x4a usb_msc/CMakeFiles/usb_msc.dir/C_/Program_Files/Raspberry_Pi/Pico_SDK_v1.5.1/pico-sdk/src/rp2_common/pico_double/double_init_rom.c.obj
 .comment       0x00000049       0x4a usb_msc/CMakeFiles/usb_msc.dir/C_/Program_Files/Raspberry_Pi/Pico_SDK_v1.5.1/pico-sdk/src/rp2_common/pico_float/float_init_rom.c.obj
 .comment       0x00000049       0x4a usb_msc/CMakeFiles/usb_msc.dir/C_/Program_Files/Raspberry_Pi/Pico_SDK_v1.5.1/pico-sdk/src/rp2_common/pico_standard_link/binary_info.c.obj
 .comment       0x00000049       0x4a usb_msc/CMakeFiles/usb_msc.dir/C_/Program_Files/Raspberry_Pi/Pico_SDK_v1.5.1/pico-sdk/src/rp2_common/pico_stdio/stdio.c.obj