Archive member included to satisfy reference by file (symbol)

c:/progra~1/raspbe~1/picosd~1.1/gcc-ar~1/bin/../lib/gcc/arm-none-eabi/10.3.1/thumb/v6-m/nofp\libgcc.a(_dvmd_tls.o)
                              usb_msc/CMakeFiles/usb_msc.dir/C_/Program_Files/Raspberry_Pi/Pico_SDK_v1.5.1/pico-sdk/src/rp2_common/pico_divider/divider.S.obj (__aeabi_idiv0)
c:/progra~1/raspbe~1/picosd~1.1/gcc-ar~1/bin/../lib/gcc/arm-none-eabi/10.3.1/../../../../arm-none-eabi/lib/thumb/v6-m/nofp\libg.a(lib_a-calloc.o)
                              usb_msc/CMakeFiles/usb_msc.dir/C_/Program_Files/Raspberry_Pi/Pico_SDK_v1.5.1/pico-sdk/src/rp2_common/pico_malloc/pico_malloc.c.obj (calloc)
c:/progra~1/raspbe~1/picosd~1.1/gcc-ar~1/bin/../lib/gcc/arm-none-eabi/10.3.1/../../../../arm-none-eabi/lib/thumb/v6-m/nofp\libg.a(lib_a-callocr.o)
                              c:/progra~1/raspbe~1/picosd~1.1/gcc-ar~1/bin/../lib/gcc/arm-none-eabi/10.3.1/../../../../arm-none-eabi/lib/thumb/v6-m/nofp\libg.a(lib_a-calloc.o) (_calloc_r)
c:/progra~1/raspbe~1/picosd~1.1/gcc-ar~1/bin/../lib/gcc/arm-none-eabi/10.3.1/../../../../arm-none-eabi/lib/thumb/v6-m/nofp\libg.a(lib_a-errno.o)
                              c:/progra~1/raspbe~1/picosd~1.1/gcc-ar~1/bin/../lib/gcc/arm-none-eabi/10.3.1/../../../../arm-none-eabi/lib/thumb/v6-m/nofp\libg.a(lib_a-callocr.o) (__errno)
c:/progra~1/raspbe~1/picosd~1.1/gcc-ar~1/bin/../lib/gcc/arm-none-eabi/10.3.1/../../../../arm-none-eabi/lib/thumb/v6-m/nofp\libg.a(lib_a-impure.o)
                              c:/progra~1/raspbe~1/picosd~1.1/gcc-ar~1/bin/../lib/gcc/arm-none-eabi/10.3.1/../../../../arm-none-eabi/lib/thumb/v6-m/nofp\libg.a(lib_a-calloc.o) (_impure_ptr)
c:/progra~1/raspbe~1/picosd~1.1/gcc-ar~1/bin/../lib/gcc/arm-none-eabi/10.3.1/../../../../arm-none-eabi/lib/thumb/v6-m/nofp\libg.a(lib_a-init.o)
                              c:/progra~1/raspbe~1/picosd~1.1/gcc-ar~1/bin/../lib/gcc/arm-none-eabi/10.3.1/../../../../arm-none-eabi/lib/thumb/v6-m/nofp/crt0.o (__libc_init_array)
c:/progra~1/raspbe~1/picosd~1.1/gcc-ar~1/bin/../lib/gcc/arm-none-eabi/10.3.1/../../../../arm-none-eabi/lib/thumb/v6-m/nofp\libg.a(lib_a-malloc.o)
                              usb_msc/CMakeFiles/usb_msc.dir/C_/Program_Files/Raspberry_Pi/Pico_SDK_v1.5.1/pico-sdk/src/rp2_common/pico_malloc/pico_malloc.c.obj (malloc)
c:/progra~1/raspbe~1/picosd~1.1/gcc-ar~1/bin/../lib/gcc/arm-none-eabi/10.3.1/../../../../arm-none-eabi/lib/thumb/v6-m/nofp\libg.a(lib_a-mallocr.o)
                              c:/progra~1/raspbe~1/picosd~1.1/gcc-ar~1/bin/../lib/gcc/arm-none-eabi/10.3.1/../../../../arm-none-eabi/lib/thumb/v6-m/nofp\libg.a(lib_a-callocr.o) (_malloc_r)
c:/progra~1/raspbe~1/picosd~1.1/gcc-ar~1/bin/../lib/gcc/arm-none-eabi/10.3.1/../../../../arm-none-eabi/lib/thumb/v6-m/nofp\libg.a(lib_a-memcmp.o)
                              usb_msc/CMakeFiles/usb_msc.dir/fpga_program.c.obj (memcmp)
c:/progra~1/raspbe~1/picosd~1.1/gcc-ar~1/bin/../lib/gcc/arm-none-eabi/10.3.1/../../../../arm-none-eabi/lib/thumb/v6-m/nofp\libg.a(lib_a-memmove.o)
                              usb_msc/CMakeFiles/usb_msc.dir/C_/Program_Files/Raspberry_Pi/Pico_SDK_v1.5.1/pico-sdk/lib/tinyusb/src/class/msc/msc_device.c.obj (memmove)
c:/progra~1/raspbe~1/picosd~1.1/gcc-ar~1/bin/../lib/gcc/arm-none-eabi/10.3.1/../../../../arm-none-eabi/lib/thumb/v6-m/nofp\libg.a(lib_a-mlock.o)
                              c:/progra~1/raspbe~1/picosd~1.1/gcc-ar~1/bin/../lib/gcc/arm-none-eabi/10.3.1/../../../../arm-none-eabi/lib/thumb/v6-m/nofp\libg.a(lib_a-mallocr.o) (__malloc_lock)
c:/progra~1/raspbe~1/picosd~1.1/gcc-ar~1/bin/../lib/gcc/arm-none-eabi/10.3.1/../../../../arm-none-eabi/lib/thumb/v6-m/nofp\libg.a(lib_a-realloc.o)
                              usb_msc/CMakeFiles/usb_msc.dir/C_/Program_Files/Raspberry_Pi/Pico_SDK_v1.5.1/pico-sdk/src/rp2_common/pico_malloc/pico_malloc.c.obj (realloc)
c:/progra~1/raspbe~1/picosd~1.1/gcc-ar~1/bin/../lib/gcc/arm-none-eabi/10.3.1/../../../../arm-none-eabi/lib/thumb/v6-m/nofp\libg.a(lib_a-reallocr.o)
                              c:/progra~1/raspbe~1/picosd~1.1/gcc-ar~1/bin/../lib/gcc/arm-none-eabi/10.3.1/../../../../arm-none-eabi/lib/thumb/v6-m/nofp\libg.a(lib_a-realloc.o) (_realloc_r)
c:/progra~1/raspbe~1/picosd~1.1/gcc-ar~1/bin/../lib/gcc/arm-none-eabi/10.3.1/../../../../arm-none-eabi/lib/thumb/v6-m/nofp\libg.a(lib_a-sbrkr.o)
                              c:/progra~1/raspbe~1/picosd~1.1/gcc-ar~1/bin/../lib/gcc/arm-none-eabi/10.3.1/../../../../arm-none-eabi/lib/thumb/v6-m/nofp\libg.a(lib_a-mallocr.o) (_sbrk_r)
c:/progra~1/raspbe~1/picosd~1.1/gcc-ar~1/bin/../lib/gcc/arm-none-eabi/10.3.1/../../../../arm-none-eabi/lib/thumb/v6-m/nofp\libg.a(lib_a-strlen-stub.o)
                              usb_msc/CMakeFiles/usb_msc.dir/usb_descriptors.c.obj (strlen)
c:/progra~1/raspbe~1/picosd~1.1/gcc-ar~1/bin/../lib/gcc/arm-none-eabi/10.3.1/../../../../arm-none-eabi/lib/thumb/v6-m/nofp\libg.a(lib_a-strncpy.o)
                              usb_msc/CMakeFiles/usb_msc.dir/fat_util.c.obj (strncpy)
[...]
Memory Configuration

Name             Origin             Length             Attributes
FLASH            0x10000000         0x00200000         xr
RAM              0x20000000         0x00040000         xrw
SCRATCH_X        0x20040000         0x00001000         xrw
SCRATCH_Y        0x20041000         0x00001000         xrw
*default*        0x00000000         0xffffffff

Linker script and memory map

LOAD c:/progra~1/raspbe~1/picosd~1.1/gcc-ar~1/bin/../lib/gcc/arm-none-eabi/10.3.1/thumb/v6-m/nofp/crti.o
LOAD c:/progra~1/raspbe~1/picosd~1.1/gcc-ar~1/bin/../lib/gcc/arm-none-eabi/10.3.1/thumb/v6-m/nofp/crtbegin.o
LOAD c:/progra~1/raspbe~1/picosd~1.1/gcc-ar~1/bin/../lib/gcc/arm-none-eabi/10.3.1/../../../../arm-none-eabi/lib/thumb/v6-m/nofp/crt0.o

.flash_begin    0x10000000        0x0
                0x10000000                __flash_binary_start = .

.boot2          0x10000000      0x100
                0x10000000                __boot2_start__ = .
 *(.boot2)
 .boot2         0x10000000      0x100 C:\Users\alexl\AppData\Local\Temp\cc6qlpyJ.o
                0x10000100                __boot2_end__ = .
                0x00000001                ASSERT (((__boot2_end__ - __boot2_start__) == 0x100), ERROR: Pico second stage bootloader must be 256 bytes in size)

.text           0x10000100     0x6ec0
                0x10000100                __logical_binary_start = .
 *(.vectors)
 .vectors       0x10000100       0xd4 usb_msc/CMakeFiles/usb_msc.dir/C_/Program_Files/Raspberry_Pi/Pico_SDK_v1.5.1/pico-sdk/src/rp2_common/pico_standard_link/crt0.S.obj
                0x10000100                __VECTOR_TABLE
                0x10000100                __vectors
                0x100001c0                isr_invalid
                0x100001c0                __default_isrs_start
                0x100001c2                isr_nmi
                0x100001c4                isr_hardfault
                0x100001c6                isr_svcall
                0x100001c8                isr_pendsv
                0x100001ca                isr_systick
                0x100001cc                isr_irq23
                0x100001cc                isr_irq18
                0x100001cc                isr_irq11
                0x100001cc                isr_irq28
                0x100001cc                isr_irq19
                0x100001cc                isr_irq0
                0x100001cc                isr_irq6
                0x100001cc                isr_irq5
                0x100001cc                isr_irq12
                0x100001cc                isr_irq22
                0x100001cc                isr_irq31
                0x100001cc                isr_irq17
                0x100001cc                isr_irq27
                0x100001cc                isr_irq30
                0x100001cc                isr_irq2
                0x100001cc                isr_irq10
                0x100001cc                isr_irq8
                0x100001cc                isr_irq24
                0x100001cc                isr_irq1
                0x100001cc                isr_irq7
                0x100001cc                isr_irq21
                0x100001cc                isr_irq20
                0x100001cc                isr_irq15
                0x100001cc                isr_irq25
                0x100001cc                isr_irq13
                0x100001cc                __unhandled_user_irq
                0x100001cc                isr_irq4
                0x100001cc                isr_irq16
                0x100001cc                isr_irq29
                0x100001cc                isr_irq26
                0x100001cc                __default_isrs_end
                0x100001cc                isr_irq3
                0x100001cc                isr_irq14
                0x100001cc                isr_irq9
                0x100001d2                unhandled_user_irq_num_in_r0
 *(.binary_info_header)
 .binary_info_header
                0x100001d4       0x14 usb_msc/CMakeFiles/usb_msc.dir/C_/Program_Files/Raspberry_Pi/Pico_SDK_v1.5.1/pico-sdk/src/rp2_common/pico_standard_link/crt0.S.obj
                0x100001e8                __binary_info_header_end = .
 *(.reset)
 .reset         0x100001e8       0xa0 usb_msc/CMakeFiles/usb_msc.dir/C_/Program_Files/Raspberry_Pi/Pico_SDK_v1.5.1/pico-sdk/src/rp2_common/pico_standard_link/crt0.S.obj
                0x100001e8                _entry_point
 .reset         0x10000288       0x30 usb_msc/CMakeFiles/usb_msc.dir/C_/Program_Files/Raspberry_Pi/Pico_SDK_v1.5.1/pico-sdk/src/rp2_common/pico_standard_link/binary_info.c.obj
 *(.init)
 .init          0x100002b8        0x4 c:/progra~1/raspbe~1/picosd~1.1/gcc-ar~1/bin/../lib/gcc/arm-none-eabi/10.3.1/thumb/v6-m/nofp/crti.o
                0x100002b8                _init
 *(EXCLUDE_FILE(*libm.a: *libc.a:*lib_a-mem*.o *libgcc.a:) .text*)
 .text          0x100002bc       0x48 c:/progra~1/raspbe~1/picosd~1.1/gcc-ar~1/bin/../lib/gcc/arm-none-eabi/10.3.1/thumb/v6-m/nofp/crtbegin.o
 .text.tud_mount_cb
                0x10000304       0x10 usb_msc/CMakeFiles/usb_msc.dir/main.c.obj
                0x10000304                tud_mount_cb
 .text.tud_umount_cb
                0x10000314       0x10 usb_msc/CMakeFiles/usb_msc.dir/main.c.obj
                0x10000314                tud_umount_cb
 .text.tud_suspend_cb
                0x10000324       0x10 usb_msc/CMakeFiles/usb_msc.dir/main.c.obj
                0x10000324                tud_suspend_cb
 .text.tud_resume_cb
                0x10000334       0x10 usb_msc/CMakeFiles/usb_msc.dir/main.c.obj
                0x10000334                tud_resume_cb
 .text.led_blinking_task
                0x10000344       0x6c usb_msc/CMakeFiles/usb_msc.dir/main.c.obj
                0x10000344                led_blinking_task
 .text.main     0x100003b0       0xb4 usb_msc/CMakeFiles/usb_msc.dir/main.c.obj
                0x100003b0                main
 .text.tud_descriptor_device_cb
                0x10000464        0x8 usb_msc/CMakeFiles/usb_msc.dir/usb_descriptors.c.obj
                0x10000464                tud_descriptor_device_cb
 .text.tud_descriptor_configuration_cb
                0x1000046c        0x8 usb_msc/CMakeFiles/usb_msc.dir/usb_descriptors.c.obj
                0x1000046c                tud_descriptor_configuration_cb
 .text.tud_descriptor_string_cb
                0x10000474       0x60 usb_msc/CMakeFiles/usb_msc.dir/usb_descriptors.c.obj
                0x10000474                tud_descriptor_string_cb
 .text.sector_to_cluster
                0x100004d4        0xc usb_msc/CMakeFiles/usb_msc.dir/msc_disk.c.obj
 .text.tud_msc_get_maxlun_cb
                0x100004e0        0x4 usb_msc/CMakeFiles/usb_msc.dir/msc_disk.c.obj
                0x100004e0                tud_msc_get_maxlun_cb
 .text.tud_msc_inquiry_cb
                0x100004e4       0x74 usb_msc/CMakeFiles/usb_msc.dir/msc_disk.c.obj
                0x100004e4                tud_msc_inquiry_cb
 .text.tud_msc_test_unit_ready_cb
                0x10000558       0x1a usb_msc/CMakeFiles/usb_msc.dir/msc_disk.c.obj
                0x10000558                tud_msc_test_unit_ready_cb
 *fill*         0x10000572        0x2 
 .text.tud_msc_capacity_cb
                0x10000574       0x10 usb_msc/CMakeFiles/usb_msc.dir/msc_disk.c.obj
                0x10000574                tud_msc_capacity_cb
 .text.tud_msc_start_stop_cb
                0x10000584        0x4 usb_msc/CMakeFiles/usb_msc.dir/msc_disk.c.obj
                0x10000584                tud_msc_start_stop_cb
 .text.tud_msc_read10_cb
                0x10000588       0x30 usb_msc/CMakeFiles/usb_msc.dir/msc_disk.c.obj
                0x10000588                tud_msc_read10_cb
 .text.tud_msc_is_writable_cb
                0x100005b8        0x4 usb_msc/CMakeFiles/usb_msc.dir/msc_disk.c.obj
                0x100005b8                tud_msc_is_writable_cb
 .text.tud_msc_write10_cb
                0x100005bc      0x1c0 usb_msc/CMakeFiles/usb_msc.dir/msc_disk.c.obj
                0x100005bc                tud_msc_write10_cb
 .text.tud_msc_scsi_cb
                0x1000077c       0x12 usb_msc/CMakeFiles/usb_msc.dir/msc_disk.c.obj
                0x1000077c                tud_msc_scsi_cb
 *fill*         0x1000078e        0x2 
 .text.fpga_program_sendchunk
                0x10000790       0x14 usb_msc/CMakeFiles/usb_msc.dir/fpga_program.c.obj
                0x10000790                fpga_program_sendchunk
 .text.fpga_program_setup1
                0x100007a4        0xc usb_msc/CMakeFiles/usb_msc.dir/fpga_program.c.obj
                0x100007a4                fpga_program_setup1
 .text.fpga_program_setup2
                0x100007b0        0xc usb_msc/CMakeFiles/usb_msc.dir/fpga_program.c.obj
                0x100007b0                fpga_program_setup2
 .text.find_bitstream_len_offset
                0x100007bc       0x7c usb_msc/CMakeFiles/usb_msc.dir/fpga_program.c.obj
                0x100007bc                find_bitstream_len_offset
 .text.cstr_to_fatstr
                0x10000838       0x3e usb_msc/CMakeFiles/usb_msc.dir/fat_util.c.obj
                0x10000838                cstr_to_fatstr
 *fill*         0x10000876        0x2 
 .text.get_filesystem
                0x10000878        0x8 usb_msc/CMakeFiles/usb_msc.dir/fat_util.c.obj
                0x10000878                get_filesystem
 .text.cluster_to_fat_table_val
                0x10000880       0x16 usb_msc/CMakeFiles/usb_msc.dir/fat_util.c.obj
                0x10000880                cluster_to_fat_table_val
 .text.get_file_cluster
                0x10000896       0x90 usb_msc/CMakeFiles/usb_msc.dir/fat_util.c.obj
                0x10000896                get_file_cluster
 *fill*         0x10000926        0x2 
 .text.gpio_set_function
                0x10000928       0x30 usb_msc/CMakeFiles/usb_msc.dir/C_/Program_Files/Raspberry_Pi/Pico_SDK_v1.5.1/pico-sdk/src/rp2_common/hardware_gpio/gpio.c.obj
                0x10000928                gpio_set_function
 .text.gpio_init
                0x10000958       0x16 usb_msc/CMakeFiles/usb_msc.dir/C_/Program_Files/Raspberry_Pi/Pico_SDK_v1.5.1/pico-sdk/src/rp2_common/hardware_gpio/gpio.c.obj
                0x10000958                gpio_init
 *fill*         0x1000096e        0x2 
 .text.running_on_fpga
                0x10000970       0x14 usb_msc/CMakeFiles/usb_msc.dir/C_/Program_Files/Raspberry_Pi/Pico_SDK_v1.5.1/pico-sdk/src/rp2_common/pico_platform/platform.c.obj
                0x10000970                running_on_fpga
 .text.hw_claim_lock
                0x10000984       0x18 usb_msc/CMakeFiles/usb_msc.dir/C_/Program_Files/Raspberry_Pi/Pico_SDK_v1.5.1/pico-sdk/src/rp2_common/hardware_claim/claim.c.obj
                0x10000984                hw_claim_lock
 .text.hw_claim_unlock
                0x1000099c       0x14 usb_msc/CMakeFiles/usb_msc.dir/C_/Program_Files/Raspberry_Pi/Pico_SDK_v1.5.1/pico-sdk/src/rp2_common/hardware_claim/claim.c.obj
                0x1000099c                hw_claim_unlock
 .text.hw_claim_or_assert
                0x100009b0       0x32 usb_msc/CMakeFiles/usb_msc.dir/C_/Program_Files/Raspberry_Pi/Pico_SDK_v1.5.1/pico-sdk/src/rp2_common/hardware_claim/claim.c.obj
                0x100009b0                hw_claim_or_assert
 .text.hw_claim_unused_from_range
                0x100009e2       0x50 usb_msc/CMakeFiles/usb_msc.dir/C_/Program_Files/Raspberry_Pi/Pico_SDK_v1.5.1/pico-sdk/src/rp2_common/hardware_claim/claim.c.obj
                0x100009e2                hw_claim_unused_from_range
 *fill*         0x10000a32        0x2 
 .text.spin_locks_reset
                0x10000a34       0x20 usb_msc/CMakeFiles/usb_msc.dir/C_/Program_Files/Raspberry_Pi/Pico_SDK_v1.5.1/pico-sdk/src/rp2_common/hardware_sync/sync.c.obj
                0x10000a34                spin_locks_reset
 .text.next_striped_spin_lock_num
                0x10000a54       0x1c usb_msc/CMakeFiles/usb_msc.dir/C_/Program_Files/Raspberry_Pi/Pico_SDK_v1.5.1/pico-sdk/src/rp2_common/hardware_sync/sync.c.obj
                0x10000a54                next_striped_spin_lock_num
 .text.spin_lock_claim_unused
                0x10000a70       0x20 usb_msc/CMakeFiles/usb_msc.dir/C_/Program_Files/Raspberry_Pi/Pico_SDK_v1.5.1/pico-sdk/src/rp2_common/hardware_sync/sync.c.obj
                0x10000a70                spin_lock_claim_unused
 .text.set_raw_irq_handler_and_unlock
                0x10000a90       0x28 usb_msc/CMakeFiles/usb_msc.dir/C_/Program_Files/Raspberry_Pi/Pico_SDK_v1.5.1/pico-sdk/src/rp2_common/hardware_irq/irq.c.obj
 .text.make_branch
                0x10000ab8       0x48 usb_msc/CMakeFiles/usb_msc.dir/C_/Program_Files/Raspberry_Pi/Pico_SDK_v1.5.1/pico-sdk/src/rp2_common/hardware_irq/irq.c.obj
 .text.insert_branch_and_link
                0x10000b00       0x40 usb_msc/CMakeFiles/usb_msc.dir/C_/Program_Files/Raspberry_Pi/Pico_SDK_v1.5.1/pico-sdk/src/rp2_common/hardware_irq/irq.c.obj
 .text.irq_is_enabled
                0x10000b40       0x18 usb_msc/CMakeFiles/usb_msc.dir/C_/Program_Files/Raspberry_Pi/Pico_SDK_v1.5.1/pico-sdk/src/rp2_common/hardware_irq/irq.c.obj
                0x10000b40                irq_is_enabled
 .text.irq_set_mask_enabled
                0x10000b58       0x20 usb_msc/CMakeFiles/usb_msc.dir/C_/Program_Files/Raspberry_Pi/Pico_SDK_v1.5.1/pico-sdk/src/rp2_common/hardware_irq/irq.c.obj
                0x10000b58                irq_set_mask_enabled
 .text.irq_set_enabled
                0x10000b78        0xe usb_msc/CMakeFiles/usb_msc.dir/C_/Program_Files/Raspberry_Pi/Pico_SDK_v1.5.1/pico-sdk/src/rp2_common/hardware_irq/irq.c.obj
                0x10000b78                irq_set_enabled
 *fill*         0x10000b86        0x2 
 .text.irq_get_vtable_handler
                0x10000b88       0x10 usb_msc/CMakeFiles/usb_msc.dir/C_/Program_Files/Raspberry_Pi/Pico_SDK_v1.5.1/pico-sdk/src/rp2_common/hardware_irq/irq.c.obj
                0x10000b88                irq_get_vtable_handler
 .text.irq_set_exclusive_handler
                0x10000b98       0x54 usb_msc/CMakeFiles/usb_msc.dir/C_/Program_Files/Raspberry_Pi/Pico_SDK_v1.5.1/pico-sdk/src/rp2_common/hardware_irq/irq.c.obj
                0x10000b98                irq_set_exclusive_handler
 .text.irq_add_shared_handler
                0x10000bec      0x234 usb_msc/CMakeFiles/usb_msc.dir/C_/Program_Files/Raspberry_Pi/Pico_SDK_v1.5.1/pico-sdk/src/rp2_common/hardware_irq/irq.c.obj
                0x10000bec                irq_add_shared_handler
 .text.irq_remove_handler
                0x10000e20      0x1ac usb_msc/CMakeFiles/usb_msc.dir/C_/Program_Files/Raspberry_Pi/Pico_SDK_v1.5.1/pico-sdk/src/rp2_common/hardware_irq/irq.c.obj
                0x10000e20                irq_remove_handler
 .text.irq_add_tail_to_free_list
                0x10000fcc       0xf0 usb_msc/CMakeFiles/usb_msc.dir/C_/Program_Files/Raspberry_Pi/Pico_SDK_v1.5.1/pico-sdk/src/rp2_common/hardware_irq/irq.c.obj
                0x10000fcc                irq_add_tail_to_free_list
 .text.irq_init_priorities
                0x100010bc       0x1c usb_msc/CMakeFiles/usb_msc.dir/C_/Program_Files/Raspberry_Pi/Pico_SDK_v1.5.1/pico-sdk/src/rp2_common/hardware_irq/irq.c.obj
                0x100010bc                irq_init_priorities
 .text.lock_init
                0x100010d8       0x10 usb_msc/CMakeFiles/usb_msc.dir/C_/Program_Files/Raspberry_Pi/Pico_SDK_v1.5.1/pico-sdk/src/common/pico_sync/lock_core.c.obj
                0x100010d8                lock_init
 .text.mutex_init
                0x100010e8       0x1a usb_msc/CMakeFiles/usb_msc.dir/C_/Program_Files/Raspberry_Pi/Pico_SDK_v1.5.1/pico-sdk/src/common/pico_sync/mutex.c.obj
                0x100010e8                mutex_init
 .text.recursive_mutex_init
                0x10001102       0x1e usb_msc/CMakeFiles/usb_msc.dir/C_/Program_Files/Raspberry_Pi/Pico_SDK_v1.5.1/pico-sdk/src/common/pico_sync/mutex.c.obj
                0x10001102                recursive_mutex_init
 .text.critical_section_init_with_lock_num
                0x10001120       0x14 usb_msc/CMakeFiles/usb_msc.dir/C_/Program_Files/Raspberry_Pi/Pico_SDK_v1.5.1/pico-sdk/src/common/pico_sync/critical_section.c.obj
                0x10001120                critical_section_init_with_lock_num
 .text.critical_section_init
                0x10001134       0x14 usb_msc/CMakeFiles/usb_msc.dir/C_/Program_Files/Raspberry_Pi/Pico_SDK_v1.5.1/pico-sdk/src/common/pico_sync/critical_section.c.obj
                0x10001134                critical_section_init
 .text.alarm_pool_post_alloc_init
                0x10001148       0x40 usb_msc/CMakeFiles/usb_msc.dir/C_/Program_Files/Raspberry_Pi/Pico_SDK_v1.5.1/pico-sdk/src/common/pico_time/time.c.obj
 .text.sleep_until_callback
                0x10001188       0x30 usb_msc/CMakeFiles/usb_msc.dir/C_/Program_Files/Raspberry_Pi/Pico_SDK_v1.5.1/pico-sdk/src/common/pico_time/time.c.obj
 .text.timer_pool_entry_comparator
                0x100011b8       0x7c usb_msc/CMakeFiles/usb_msc.dir/C_/Program_Files/Raspberry_Pi/Pico_SDK_v1.5.1/pico-sdk/src/common/pico_time/time.c.obj
                0x100011b8                timer_pool_entry_comparator
 .text.ph_add_child_node
                0x10001234       0xa4 usb_msc/CMakeFiles/usb_msc.dir/C_/Program_Files/Raspberry_Pi/Pico_SDK_v1.5.1/pico-sdk/src/common/pico_time/time.c.obj
 .text.ph_merge_nodes
                0x100012d8       0x3e usb_msc/CMakeFiles/usb_msc.dir/C_/Program_Files/Raspberry_Pi/Pico_SDK_v1.5.1/pico-sdk/src/common/pico_time/time.c.obj
 *fill*         0x10001316        0x2 
 .text.add_alarm_under_lock
                0x10001318      0x174 usb_msc/CMakeFiles/usb_msc.dir/C_/Program_Files/Raspberry_Pi/Pico_SDK_v1.5.1/pico-sdk/src/common/pico_time/time.c.obj
 .text.alarm_pool_alarm_callback
                0x1000148c      0x33c usb_msc/CMakeFiles/usb_msc.dir/C_/Program_Files/Raspberry_Pi/Pico_SDK_v1.5.1/pico-sdk/src/common/pico_time/time.c.obj
 .text.alarm_pool_init_default
                0x100017c8       0x40 usb_msc/CMakeFiles/usb_msc.dir/C_/Program_Files/Raspberry_Pi/Pico_SDK_v1.5.1/pico-sdk/src/common/pico_time/time.c.obj
                0x100017c8                alarm_pool_init_default
 .text.alarm_pool_get_default
                0x10001808       0x2c usb_msc/CMakeFiles/usb_msc.dir/C_/Program_Files/Raspberry_Pi/Pico_SDK_v1.5.1/pico-sdk/src/common/pico_time/time.c.obj
                0x10001808                alarm_pool_get_default
 .text.alarm_pool_add_alarm_at
                0x10001834      0x168 usb_msc/CMakeFiles/usb_msc.dir/C_/Program_Files/Raspberry_Pi/Pico_SDK_v1.5.1/pico-sdk/src/common/pico_time/time.c.obj
                0x10001834                alarm_pool_add_alarm_at
 .text.alarm_pool_cancel_alarm
                0x1000199c       0xf8 usb_msc/CMakeFiles/usb_msc.dir/C_/Program_Files/Raspberry_Pi/Pico_SDK_v1.5.1/pico-sdk/src/common/pico_time/time.c.obj
                0x1000199c                alarm_pool_cancel_alarm
 .text.best_effort_wfe_or_timeout
                0x10001a94       0xac usb_msc/CMakeFiles/usb_msc.dir/C_/Program_Files/Raspberry_Pi/Pico_SDK_v1.5.1/pico-sdk/src/common/pico_time/time.c.obj
                0x10001a94                best_effort_wfe_or_timeout
 .text.hardware_alarm_irq_handler
                0x10001b40       0x90 usb_msc/CMakeFiles/usb_msc.dir/C_/Program_Files/Raspberry_Pi/Pico_SDK_v1.5.1/pico-sdk/src/rp2_common/hardware_timer/timer.c.obj
 .text.hardware_alarm_claim
                0x10001bd0       0x18 usb_msc/CMakeFiles/usb_msc.dir/C_/Program_Files/Raspberry_Pi/Pico_SDK_v1.5.1/pico-sdk/src/rp2_common/hardware_timer/timer.c.obj
                0x10001bd0                hardware_alarm_claim
 .text.time_us_64
                0x10001be8       0x18 usb_msc/CMakeFiles/usb_msc.dir/C_/Program_Files/Raspberry_Pi/Pico_SDK_v1.5.1/pico-sdk/src/rp2_common/hardware_timer/timer.c.obj
                0x10001be8                time_us_64
 .text.busy_wait_until
                0x10001c00       0x28 usb_msc/CMakeFiles/usb_msc.dir/C_/Program_Files/Raspberry_Pi/Pico_SDK_v1.5.1/pico-sdk/src/rp2_common/hardware_timer/timer.c.obj
                0x10001c00                busy_wait_until
 .text.busy_wait_us
                0x10001c28       0x48 usb_msc/CMakeFiles/usb_msc.dir/C_/Program_Files/Raspberry_Pi/Pico_SDK_v1.5.1/pico-sdk/src/rp2_common/hardware_timer/timer.c.obj
                0x10001c28                busy_wait_us
 .text.hardware_alarm_set_callback
                0x10001c70       0x90 usb_msc/CMakeFiles/usb_msc.dir/C_/Program_Files/Raspberry_Pi/Pico_SDK_v1.5.1/pico-sdk/src/rp2_common/hardware_timer/timer.c.obj
                0x10001c70                hardware_alarm_set_callback
 .text.hardware_alarm_set_target
                0x10001d00       0xe8 usb_msc/CMakeFiles/usb_msc.dir/C_/Program_Files/Raspberry_Pi/Pico_SDK_v1.5.1/pico-sdk/src/rp2_common/hardware_timer/timer.c.obj
                0x10001d00                hardware_alarm_set_target
 .text.hardware_alarm_cancel
                0x10001de8       0x40 usb_msc/CMakeFiles/usb_msc.dir/C_/Program_Files/Raspberry_Pi/Pico_SDK_v1.5.1/pico-sdk/src/rp2_common/hardware_timer/timer.c.obj
                0x10001de8                hardware_alarm_cancel
 .text.ph_add_child_node
                0x10001e28       0xa4 usb_msc/CMakeFiles/usb_msc.dir/C_/Program_Files/Raspberry_Pi/Pico_SDK_v1.5.1/pico-sdk/src/common/pico_util/pheap.c.obj
 .text.ph_merge_nodes
                0x10001ecc       0x3e usb_msc/CMakeFiles/usb_msc.dir/C_/Program_Files/Raspberry_Pi/Pico_SDK_v1.5.1/pico-sdk/src/common/pico_util/pheap.c.obj
 *fill*         0x10001f0a        0x2 
 .text.ph_clear
                0x10001f0c       0x70 usb_msc/CMakeFiles/usb_msc.dir/C_/Program_Files/Raspberry_Pi/Pico_SDK_v1.5.1/pico-sdk/src/common/pico_util/pheap.c.obj
                0x10001f0c                ph_clear
 .text.ph_post_alloc_init
                0x10001f7c        0xe usb_msc/CMakeFiles/usb_msc.dir/C_/Program_Files/Raspberry_Pi/Pico_SDK_v1.5.1/pico-sdk/src/common/pico_util/pheap.c.obj
                0x10001f7c                ph_post_alloc_init
 *fill*         0x10001f8a        0x2 
 .text.ph_merge_two_pass
                0x10001f8c       0xa8 usb_msc/CMakeFiles/usb_msc.dir/C_/Program_Files/Raspberry_Pi/Pico_SDK_v1.5.1/pico-sdk/src/common/pico_util/pheap.c.obj
                0x10001f8c                ph_merge_two_pass
 .text.ph_remove_any_head
                0x10002034      0x128 usb_msc/CMakeFiles/usb_msc.dir/C_/Program_Files/Raspberry_Pi/Pico_SDK_v1.5.1/pico-sdk/src/common/pico_util/pheap.c.obj
 .text.ph_remove_head
                0x1000215c       0x14 usb_msc/CMakeFiles/usb_msc.dir/C_/Program_Files/Raspberry_Pi/Pico_SDK_v1.5.1/pico-sdk/src/common/pico_util/pheap.c.obj
                0x1000215c                ph_remove_head
 .text.ph_remove_and_free_node
                0x10002170       0xf8 usb_msc/CMakeFiles/usb_msc.dir/C_/Program_Files/Raspberry_Pi/Pico_SDK_v1.5.1/pico-sdk/src/common/pico_util/pheap.c.obj
                0x10002170                ph_remove_and_free_node
 .text.uart_disable_before_lcr_write
                0x10002268       0x48 usb_msc/CMakeFiles/usb_msc.dir/C_/Program_Files/Raspberry_Pi/Pico_SDK_v1.5.1/pico-sdk/src/rp2_common/hardware_uart/uart.c.obj
 .text.uart_write_lcr_bits_masked
                0x100022b0       0x22 usb_msc/CMakeFiles/usb_msc.dir/C_/Program_Files/Raspberry_Pi/Pico_SDK_v1.5.1/pico-sdk/src/rp2_common/hardware_uart/uart.c.obj
 *fill*         0x100022d2        0x2 
 .text.uart_set_baudrate
                0x100022d4       0x5c usb_msc/CMakeFiles/usb_msc.dir/C_/Program_Files/Raspberry_Pi/Pico_SDK_v1.5.1/pico-sdk/src/rp2_common/hardware_uart/uart.c.obj
                0x100022d4                uart_set_baudrate
 .text.uart_set_format
                0x10002330       0x2c usb_msc/CMakeFiles/usb_msc.dir/C_/Program_Files/Raspberry_Pi/Pico_SDK_v1.5.1/pico-sdk/src/rp2_common/hardware_uart/uart.c.obj
                0x10002330                uart_set_format
 .text.uart_set_translate_crlf
                0x1000235c       0x28 usb_msc/CMakeFiles/usb_msc.dir/C_/Program_Files/Raspberry_Pi/Pico_SDK_v1.5.1/pico-sdk/src/rp2_common/hardware_uart/uart.c.obj
                0x1000235c                uart_set_translate_crlf
 .text.uart_init
                0x10002384       0x80 usb_msc/CMakeFiles/usb_msc.dir/C_/Program_Files/Raspberry_Pi/Pico_SDK_v1.5.1/pico-sdk/src/rp2_common/hardware_uart/uart.c.obj
                0x10002384                uart_init
 .text.clock_configure
                0x10002404      0x108 usb_msc/CMakeFiles/usb_msc.dir/C_/Program_Files/Raspberry_Pi/Pico_SDK_v1.5.1/pico-sdk/src/rp2_common/hardware_clocks/clocks.c.obj
                0x10002404                clock_configure
 .text.clocks_init
                0x1000250c      0x100 usb_msc/CMakeFiles/usb_msc.dir/C_/Program_Files/Raspberry_Pi/Pico_SDK_v1.5.1/pico-sdk/src/rp2_common/hardware_clocks/clocks.c.obj
                0x1000250c                clocks_init
 .text.clock_get_hz
                0x1000260c        0xc usb_msc/CMakeFiles/usb_msc.dir/C_/Program_Files/Raspberry_Pi/Pico_SDK_v1.5.1/pico-sdk/src/rp2_common/hardware_clocks/clocks.c.obj
                0x1000260c                clock_get_hz
 .text.pll_init
                0x10002618      0x120 usb_msc/CMakeFiles/usb_msc.dir/C_/Program_Files/Raspberry_Pi/Pico_SDK_v1.5.1/pico-sdk/src/rp2_common/hardware_pll/pll.c.obj
                0x10002618                pll_init
 .text.watchdog_start_tick
                0x10002738       0x10 usb_msc/CMakeFiles/usb_msc.dir/C_/Program_Files/Raspberry_Pi/Pico_SDK_v1.5.1/pico-sdk/src/rp2_common/hardware_watchdog/watchdog.c.obj
                0x10002738                watchdog_start_tick
 .text.xosc_init
                0x10002748       0x28 usb_msc/CMakeFiles/usb_msc.dir/C_/Program_Files/Raspberry_Pi/Pico_SDK_v1.5.1/pico-sdk/src/rp2_common/hardware_xosc/xosc.c.obj
                0x10002748                xosc_init
 .text._exit    0x10002770        0x4 usb_msc/CMakeFiles/usb_msc.dir/C_/Program_Files/Raspberry_Pi/Pico_SDK_v1.5.1/pico-sdk/src/rp2_common/pico_runtime/runtime.c.obj
                0x10002770                _exit
 .text.exit     0x10002774        0x6 usb_msc/CMakeFiles/usb_msc.dir/C_/Program_Files/Raspberry_Pi/Pico_SDK_v1.5.1/pico-sdk/src/rp2_common/pico_runtime/runtime.c.obj
                0x10002774                exit
 *fill*         0x1000277a        0x2 
 .text.__assert_func
                0x1000277c       0x3c usb_msc/CMakeFiles/usb_msc.dir/C_/Program_Files/Raspberry_Pi/Pico_SDK_v1.5.1/pico-sdk/src/rp2_common/pico_runtime/runtime.c.obj
                0x1000277c                __assert_func
 .text.runtime_init
                0x100027b8       0xf8 usb_msc/CMakeFiles/usb_msc.dir/C_/Program_Files/Raspberry_Pi/Pico_SDK_v1.5.1/pico-sdk/src/rp2_common/pico_runtime/runtime.c.obj
                0x100027b8                runtime_init
 .text.panic    0x100028b0       0x30 usb_msc/CMakeFiles/usb_msc.dir/C_/Program_Files/Raspberry_Pi/Pico_SDK_v1.5.1/pico-sdk/src/rp2_common/pico_runtime/runtime.c.obj
                0x100028b0                panic
 .text._out_null
                0x100028e0        0x2 usb_msc/CMakeFiles/usb_msc.dir/C_/Program_Files/Raspberry_Pi/Pico_SDK_v1.5.1/pico-sdk/src/rp2_common/pico_printf/printf.c.obj
 .text._out_fct
                0x100028e2        0xe usb_msc/CMakeFiles/usb_msc.dir/C_/Program_Files/Raspberry_Pi/Pico_SDK_v1.5.1/pico-sdk/src/rp2_common/pico_printf/printf.c.obj
 .text._atoi    0x100028f0       0x24 usb_msc/CMakeFiles/usb_msc.dir/C_/Program_Files/Raspberry_Pi/Pico_SDK_v1.5.1/pico-sdk/src/rp2_common/pico_printf/printf.c.obj
 .text._out_rev
                0x10002914       0xae usb_msc/CMakeFiles/usb_msc.dir/C_/Program_Files/Raspberry_Pi/Pico_SDK_v1.5.1/pico-sdk/src/rp2_common/pico_printf/printf.c.obj
 .text._ntoa_format
                0x100029c2      0x112 usb_msc/CMakeFiles/usb_msc.dir/C_/Program_Files/Raspberry_Pi/Pico_SDK_v1.5.1/pico-sdk/src/rp2_common/pico_printf/printf.c.obj
 .text._ntoa_long
                0x10002ad4       0xbc usb_msc/CMakeFiles/usb_msc.dir/C_/Program_Files/Raspberry_Pi/Pico_SDK_v1.5.1/pico-sdk/src/rp2_common/pico_printf/printf.c.obj
 .text._ntoa_long_long
                0x10002b90       0xe2 usb_msc/CMakeFiles/usb_msc.dir/C_/Program_Files/Raspberry_Pi/Pico_SDK_v1.5.1/pico-sdk/src/rp2_common/pico_printf/printf.c.obj
 *fill*         0x10002c72        0x2 
 .text._etoa    0x10002c74      0x414 usb_msc/CMakeFiles/usb_msc.dir/C_/Program_Files/Raspberry_Pi/Pico_SDK_v1.5.1/pico-sdk/src/rp2_common/pico_printf/printf.c.obj
 .text._ftoa    0x10003088      0x354 usb_msc/CMakeFiles/usb_msc.dir/C_/Program_Files/Raspberry_Pi/Pico_SDK_v1.5.1/pico-sdk/src/rp2_common/pico_printf/printf.c.obj
 .text._vsnprintf
                0x100033dc      0x624 usb_msc/CMakeFiles/usb_msc.dir/C_/Program_Files/Raspberry_Pi/Pico_SDK_v1.5.1/pico-sdk/src/rp2_common/pico_printf/printf.c.obj
 .text.vfctprintf
                0x10003a00       0x20 usb_msc/CMakeFiles/usb_msc.dir/C_/Program_Files/Raspberry_Pi/Pico_SDK_v1.5.1/pico-sdk/src/rp2_common/pico_printf/printf.c.obj
                0x10003a00                vfctprintf
 .text          0x10003a20       0x10 usb_msc/CMakeFiles/usb_msc.dir/C_/Program_Files/Raspberry_Pi/Pico_SDK_v1.5.1/pico-sdk/src/rp2_common/pico_bit_ops/bit_ops_aeabi.S.obj
 .text.rom_func_lookup
                0x10003a30       0x10 usb_msc/CMakeFiles/usb_msc.dir/C_/Program_Files/Raspberry_Pi/Pico_SDK_v1.5.1/pico-sdk/src/rp2_common/pico_bootrom/bootrom.c.obj
                0x10003a30                rom_func_lookup
 .text.rom_data_lookup
                0x10003a40       0x10 usb_msc/CMakeFiles/usb_msc.dir/C_/Program_Files/Raspberry_Pi/Pico_SDK_v1.5.1/pico-sdk/src/rp2_common/pico_bootrom/bootrom.c.obj
                0x10003a40                rom_data_lookup
 .text.rom_funcs_lookup
                0x10003a50       0x36 usb_msc/CMakeFiles/usb_msc.dir/C_/Program_Files/Raspberry_Pi/Pico_SDK_v1.5.1/pico-sdk/src/rp2_common/pico_bootrom/bootrom.c.obj
                0x10003a50                rom_funcs_lookup
 *fill*         0x10003a86        0x2 
 .text.__wrap___aeabi_idiv
                0x10003a88       0x50 usb_msc/CMakeFiles/usb_msc.dir/C_/Program_Files/Raspberry_Pi/Pico_SDK_v1.5.1/pico-sdk/src/rp2_common/pico_divider/divider.S.obj
                0x10003a88                __wrap___aeabi_idivmod
                0x10003a88                divmod_s32s32
                0x10003a88                div_s32s32
                0x10003a88                __wrap___aeabi_idiv
                0x10003a90                divmod_s32s32_unsafe
                0x10003abc                divmod_s32s32_savestate
 .text.__wrap___aeabi_uidiv
                0x10003ad8       0x4c usb_msc/CMakeFiles/usb_msc.dir/C_/Program_Files/Raspberry_Pi/Pico_SDK_v1.5.1/pico-sdk/src/rp2_common/pico_divider/divider.S.obj
                0x10003ad8                __wrap___aeabi_uidiv
                0x10003ad8                __wrap___aeabi_uidivmod
                0x10003ad8                div_u32u32
                0x10003ad8                divmod_u32u32
                0x10003ae0                divmod_u32u32_unsafe
                0x10003b08                divmod_u32u32_savestate
 .text.__wrap___aeabi_ldiv
                0x10003b24      0x424 usb_msc/CMakeFiles/usb_msc.dir/C_/Program_Files/Raspberry_Pi/Pico_SDK_v1.5.1/pico-sdk/src/rp2_common/pico_divider/divider.S.obj
                0x10003b24                div_s64s64
                0x10003b24                divmod_s64s64
                0x10003b24                __wrap___aeabi_ldivmod
                0x10003b54                divmod_u64u64
                0x10003b54                div_u64u64
                0x10003b54                __wrap___aeabi_uldivmod
                0x10003b64                divmod_u64u64_savestate
                0x10003b84                divmod_s64s64_unsafe
                0x10003c0c                divmod_u64u64_unsafe
 .text.__wrap___aeabi_darithmetic
                0x10003f48       0x80 usb_msc/CMakeFiles/usb_msc.dir/C_/Program_Files/Raspberry_Pi/Pico_SDK_v1.5.1/pico-sdk/src/rp2_common/pico_double/double_aeabi.S.obj
                0x10003f48                __wrap___aeabi_drsub
                0x10003f4e                __wrap___aeabi_dsub
                0x10003f60                __wrap___aeabi_dadd
                0x10003f72                __wrap___aeabi_ddiv
                0x10003fae                __wrap___aeabi_dmul
 .text.__wrap___aeabi_cdcmple
                0x10003fc8       0x6c usb_msc/CMakeFiles/usb_msc.dir/C_/Program_Files/Raspberry_Pi/Pico_SDK_v1.5.1/pico-sdk/src/rp2_common/pico_double/double_aeabi.S.obj
                0x10003fc8                __wrap___aeabi_cdrcmple
                0x10003fd8                __wrap___aeabi_cdcmpeq
                0x10003fd8                __wrap___aeabi_cdcmple
 .text.__wrap___aeabi_dcmplt
                0x10004034        0xc usb_msc/CMakeFiles/usb_msc.dir/C_/Program_Files/Raspberry_Pi/Pico_SDK_v1.5.1/pico-sdk/src/rp2_common/pico_double/double_aeabi.S.obj
                0x10004034                __wrap___aeabi_dcmplt
 .text.__wrap___aeabi_dcmple
                0x10004040       0x10 usb_msc/CMakeFiles/usb_msc.dir/C_/Program_Files/Raspberry_Pi/Pico_SDK_v1.5.1/pico-sdk/src/rp2_common/pico_double/double_aeabi.S.obj
                0x10004040                __wrap___aeabi_dcmple
 .text.__wrap___aeabi_dcmpge
                0x10004050       0x10 usb_msc/CMakeFiles/usb_msc.dir/C_/Program_Files/Raspberry_Pi/Pico_SDK_v1.5.1/pico-sdk/src/rp2_common/pico_double/double_aeabi.S.obj
                0x10004050                __wrap___aeabi_dcmpge
 .text.__wrap___aeabi_dcmpgt
                0x10004060        0xa usb_msc/CMakeFiles/usb_msc.dir/C_/Program_Files/Raspberry_Pi/Pico_SDK_v1.5.1/pico-sdk/src/rp2_common/pico_double/double_aeabi.S.obj
                0x10004060                __wrap___aeabi_dcmpgt
 .text.__wrap___aeabi_dcmpun
                0x1000406a       0x1c usb_msc/CMakeFiles/usb_msc.dir/C_/Program_Files/Raspberry_Pi/Pico_SDK_v1.5.1/pico-sdk/src/rp2_common/pico_double/double_aeabi.S.obj
                0x1000406a                __wrap___aeabi_dcmpun
 *fill*         0x10004086        0x2 
 .text.__wrap___aeabi_i2d
                0x10004088       0x38 usb_msc/CMakeFiles/usb_msc.dir/C_/Program_Files/Raspberry_Pi/Pico_SDK_v1.5.1/pico-sdk/src/rp2_common/pico_double/double_aeabi.S.obj
                0x10004088                __wrap___aeabi_ui2d
                0x10004090                __wrap___aeabi_i2d
 .text.__wrap___aeabi_d2iz
                0x100040c0       0x48 usb_msc/CMakeFiles/usb_msc.dir/C_/Program_Files/Raspberry_Pi/Pico_SDK_v1.5.1/pico-sdk/src/rp2_common/pico_double/double_aeabi.S.obj
                0x100040c0                double2int_z
                0x100040c0                __wrap___aeabi_d2iz
 .text.__wrap___aeabi_d2uiz
                0x10004108       0x18 usb_msc/CMakeFiles/usb_msc.dir/C_/Program_Files/Raspberry_Pi/Pico_SDK_v1.5.1/pico-sdk/src/rp2_common/pico_double/double_aeabi.S.obj
                0x10004108                __wrap___aeabi_d2uiz
                0x10004108                double2uint
 .text.__aeabi_double_init
                0x10004120       0xc8 usb_msc/CMakeFiles/usb_msc.dir/C_/Program_Files/Raspberry_Pi/Pico_SDK_v1.5.1/pico-sdk/src/rp2_common/pico_double/double_init_rom.c.obj
                0x10004120                __aeabi_double_init
 .text.double_table_shim_on_use_helper
                0x100041e8       0x34 usb_msc/CMakeFiles/usb_msc.dir/C_/Program_Files/Raspberry_Pi/Pico_SDK_v1.5.1/pico-sdk/src/rp2_common/pico_double/double_v1_rom_shim.S.obj
                0x100041e8                double_table_shim_on_use_helper
 .text.__wrap___aeabi_dsub
                0x1000421c       0x10 usb_msc/CMakeFiles/usb_msc.dir/C_/Program_Files/Raspberry_Pi/Pico_SDK_v1.5.1/pico-sdk/src/rp2_common/pico_double/double_v1_rom_shim.S.obj
                0x1000421c                drsub_shim
                0x10004222                dsub_shim
 .text.dadd_shim
                0x1000422c      0x15c usb_msc/CMakeFiles/usb_msc.dir/C_/Program_Files/Raspberry_Pi/Pico_SDK_v1.5.1/pico-sdk/src/rp2_common/pico_double/double_v1_rom_shim.S.obj
                0x1000422c                dadd_shim
 .text.dmul_shim
                0x10004388      0x15c usb_msc/CMakeFiles/usb_msc.dir/C_/Program_Files/Raspberry_Pi/Pico_SDK_v1.5.1/pico-sdk/src/rp2_common/pico_double/double_v1_rom_shim.S.obj
                0x10004388                dmul_shim
 .text.ddiv_shim
                0x100044e4      0x1b0 usb_msc/CMakeFiles/usb_msc.dir/C_/Program_Files/Raspberry_Pi/Pico_SDK_v1.5.1/pico-sdk/src/rp2_common/pico_double/double_v1_rom_shim.S.obj
                0x100044e4                ddiv_shim
 .text.double2uint_shim
                0x10004694        0xe usb_msc/CMakeFiles/usb_msc.dir/C_/Program_Files/Raspberry_Pi/Pico_SDK_v1.5.1/pico-sdk/src/rp2_common/pico_double/double_v1_rom_shim.S.obj
                0x10004694                double2uint_shim
                0x10004696                double2ufix_shim
 *fill*         0x100046a2        0x2 
 .text.double2uint64_shim
                0x100046a4       0x70 usb_msc/CMakeFiles/usb_msc.dir/C_/Program_Files/Raspberry_Pi/Pico_SDK_v1.5.1/pico-sdk/src/rp2_common/pico_double/double_v1_rom_shim.S.obj
                0x100046a4                double2uint64_shim
                0x100046a6                double2ufix64_shim
                0x100046c6                d2fix_a
 .text.dunpacks
                0x10004714       0x3c usb_msc/CMakeFiles/usb_msc.dir/C_/Program_Files/Raspberry_Pi/Pico_SDK_v1.5.1/pico-sdk/src/rp2_common/pico_double/double_v1_rom_shim.S.obj
                0x10004714                dunpacks
 .text.__aeabi_lmul
                0x10004750       0x32 usb_msc/CMakeFiles/usb_msc.dir/C_/Program_Files/Raspberry_Pi/Pico_SDK_v1.5.1/pico-sdk/src/rp2_common/pico_int64_ops/pico_int64_ops_aeabi.S.obj
                0x10004750                __wrap___aeabi_lmul
 *fill*         0x10004782        0x2 
 .text.__aeabi_float_init
                0x10004784       0xfc usb_msc/CMakeFiles/usb_msc.dir/C_/Program_Files/Raspberry_Pi/Pico_SDK_v1.5.1/pico-sdk/src/rp2_common/pico_float/float_init_rom.c.obj
                0x10004784                __aeabi_float_init
 .text.float_table_shim_on_use_helper
                0x10004880       0x34 usb_msc/CMakeFiles/usb_msc.dir/C_/Program_Files/Raspberry_Pi/Pico_SDK_v1.5.1/pico-sdk/src/rp2_common/pico_float/float_v1_rom_shim.S.obj
                0x10004880                float_table_shim_on_use_helper
 .text          0x100048b4       0x10 usb_msc/CMakeFiles/usb_msc.dir/C_/Program_Files/Raspberry_Pi/Pico_SDK_v1.5.1/pico-sdk/src/rp2_common/pico_mem_ops/mem_ops_aeabi.S.obj
                0x100048b4                __aeabi_mem_init
 .text.memset   0x100048c4        0xc usb_msc/CMakeFiles/usb_msc.dir/C_/Program_Files/Raspberry_Pi/Pico_SDK_v1.5.1/pico-sdk/src/rp2_common/pico_mem_ops/mem_ops_aeabi.S.obj
                0x100048c4                __wrap_memset
 .text.memcpy   0x100048d0        0xc usb_msc/CMakeFiles/usb_msc.dir/C_/Program_Files/Raspberry_Pi/Pico_SDK_v1.5.1/pico-sdk/src/rp2_common/pico_mem_ops/mem_ops_aeabi.S.obj
                0x100048d0                __wrap_memcpy
                0x100048d0                __wrap___aeabi_memcpy
 .text.stdio_out_chars_no_crlf
                0x100048dc        0xe usb_msc/CMakeFiles/usb_msc.dir/C_/Program_Files/Raspberry_Pi/Pico_SDK_v1.5.1/pico-sdk/src/rp2_common/pico_stdio/stdio.c.obj
 *fill*         0x100048ea        0x2 
 .text.stdio_out_chars_crlf
                0x100048ec       0x80 usb_msc/CMakeFiles/usb_msc.dir/C_/Program_Files/Raspberry_Pi/Pico_SDK_v1.5.1/pico-sdk/src/rp2_common/pico_stdio/stdio.c.obj
 .text.stdio_stack_buffer_flush
                0x1000496c       0x44 usb_msc/CMakeFiles/usb_msc.dir/C_/Program_Files/Raspberry_Pi/Pico_SDK_v1.5.1/pico-sdk/src/rp2_common/pico_stdio/stdio.c.obj
 .text.stdio_buffered_printer
                0x100049b0       0x20 usb_msc/CMakeFiles/usb_msc.dir/C_/Program_Files/Raspberry_Pi/Pico_SDK_v1.5.1/pico-sdk/src/rp2_common/pico_stdio/stdio.c.obj
 .text.stdout_serialize_begin
                0x100049d0       0x5c usb_msc/CMakeFiles/usb_msc.dir/C_/Program_Files/Raspberry_Pi/Pico_SDK_v1.5.1/pico-sdk/src/rp2_common/pico_stdio/stdio.c.obj
                0x100049d0                stdout_serialize_begin
 .text.stdout_serialize_end
                0x10004a2c       0x10 usb_msc/CMakeFiles/usb_msc.dir/C_/Program_Files/Raspberry_Pi/Pico_SDK_v1.5.1/pico-sdk/src/rp2_common/pico_stdio/stdio.c.obj
                0x10004a2c                stdout_serialize_end
 .text.stdio_put_string
                0x10004a3c       0x98 usb_msc/CMakeFiles/usb_msc.dir/C_/Program_Files/Raspberry_Pi/Pico_SDK_v1.5.1/pico-sdk/src/rp2_common/pico_stdio/stdio.c.obj
 .text.stdio_set_driver_enabled
                0x10004ad4       0x2c usb_msc/CMakeFiles/usb_msc.dir/C_/Program_Files/Raspberry_Pi/Pico_SDK_v1.5.1/pico-sdk/src/rp2_common/pico_stdio/stdio.c.obj
                0x10004ad4                stdio_set_driver_enabled
 .text.stdio_flush
                0x10004b00       0x20 usb_msc/CMakeFiles/usb_msc.dir/C_/Program_Files/Raspberry_Pi/Pico_SDK_v1.5.1/pico-sdk/src/rp2_common/pico_stdio/stdio.c.obj
                0x10004b00                stdio_flush
 .text.__wrap_puts
                0x10004b20       0x1e usb_msc/CMakeFiles/usb_msc.dir/C_/Program_Files/Raspberry_Pi/Pico_SDK_v1.5.1/pico-sdk/src/rp2_common/pico_stdio/stdio.c.obj
                0x10004b20                __wrap_puts
 *fill*         0x10004b3e        0x2 
 .text.__wrap_vprintf
                0x10004b40       0x40 usb_msc/CMakeFiles/usb_msc.dir/C_/Program_Files/Raspberry_Pi/Pico_SDK_v1.5.1/pico-sdk/src/rp2_common/pico_stdio/stdio.c.obj
                0x10004b40                __wrap_vprintf
 .text.__wrap_printf
                0x10004b80       0x18 usb_msc/CMakeFiles/usb_msc.dir/C_/Program_Files/Raspberry_Pi/Pico_SDK_v1.5.1/pico-sdk/src/rp2_common/pico_stdio/stdio.c.obj
                0x10004b80                __wrap_printf
 .text.stdio_uart_out_chars
                0x10004b98       0x74 usb_msc/CMakeFiles/usb_msc.dir/C_/Program_Files/Raspberry_Pi/Pico_SDK_v1.5.1/pico-sdk/src/rp2_common/pico_stdio_uart/stdio_uart.c.obj
 .text.stdio_uart_in_chars
                0x10004c0c       0x80 usb_msc/CMakeFiles/usb_msc.dir/C_/Program_Files/Raspberry_Pi/Pico_SDK_v1.5.1/pico-sdk/src/rp2_common/pico_stdio_uart/stdio_uart.c.obj
                0x10004c0c                stdio_uart_in_chars
 .text.on_uart_rx
                0x10004c8c       0x28 usb_msc/CMakeFiles/usb_msc.dir/C_/Program_Files/Raspberry_Pi/Pico_SDK_v1.5.1/pico-sdk/src/rp2_common/pico_stdio_uart/stdio_uart.c.obj
 .text.stdio_uart_set_chars_available_callback
                0x10004cb4       0x8c usb_msc/CMakeFiles/usb_msc.dir/C_/Program_Files/Raspberry_Pi/Pico_SDK_v1.5.1/pico-sdk/src/rp2_common/pico_stdio_uart/stdio_uart.c.obj
 .text.stdio_uart_init_full
                0x10004d40       0x44 usb_msc/CMakeFiles/usb_msc.dir/C_/Program_Files/Raspberry_Pi/Pico_SDK_v1.5.1/pico-sdk/src/rp2_common/pico_stdio_uart/stdio_uart.c.obj
                0x10004d40                stdio_uart_init_full
 .text._retrieve_unique_id_on_boot
                0x10004d84       0x10 usb_msc/CMakeFiles/usb_msc.dir/C_/Program_Files/Raspberry_Pi/Pico_SDK_v1.5.1/pico-sdk/src/rp2_common/pico_unique_id/unique_id.c.obj
 .text.flash_get_unique_id
                0x10004d94       0x46 usb_msc/CMakeFiles/usb_msc.dir/C_/Program_Files/Raspberry_Pi/Pico_SDK_v1.5.1/pico-sdk/src/rp2_common/hardware_flash/flash.c.obj
                0x10004d94                flash_get_unique_id
 *fill*         0x10004dda        0x2 
 .text.hw_endpoint_get_by_addr
                0x10004ddc       0x18 usb_msc/CMakeFiles/usb_msc.dir/C_/Program_Files/Raspberry_Pi/Pico_SDK_v1.5.1/pico-sdk/lib/tinyusb/src/portable/raspberrypi/rp2040/dcd_rp2040.c.obj
 .text._hw_endpoint_alloc
                0x10004df4       0x70 usb_msc/CMakeFiles/usb_msc.dir/C_/Program_Files/Raspberry_Pi/Pico_SDK_v1.5.1/pico-sdk/lib/tinyusb/src/portable/raspberrypi/rp2040/dcd_rp2040.c.obj
 .text.hw_endpoint_init
                0x10004e64       0x88 usb_msc/CMakeFiles/usb_msc.dir/C_/Program_Files/Raspberry_Pi/Pico_SDK_v1.5.1/pico-sdk/lib/tinyusb/src/portable/raspberrypi/rp2040/dcd_rp2040.c.obj
 .text.hw_endpoint_xfer
                0x10004eec       0x14 usb_msc/CMakeFiles/usb_msc.dir/C_/Program_Files/Raspberry_Pi/Pico_SDK_v1.5.1/pico-sdk/lib/tinyusb/src/portable/raspberrypi/rp2040/dcd_rp2040.c.obj
 .text.dcd_int_enable
                0x10004f00       0x2c usb_msc/CMakeFiles/usb_msc.dir/C_/Program_Files/Raspberry_Pi/Pico_SDK_v1.5.1/pico-sdk/lib/tinyusb/src/portable/raspberrypi/rp2040/dcd_rp2040.c.obj
                0x10004f00                dcd_int_enable
 .text.dcd_set_address
                0x10004f2c       0x2c usb_msc/CMakeFiles/usb_msc.dir/C_/Program_Files/Raspberry_Pi/Pico_SDK_v1.5.1/pico-sdk/lib/tinyusb/src/portable/raspberrypi/rp2040/dcd_rp2040.c.obj
                0x10004f2c                dcd_set_address
 .text.dcd_connect
                0x10004f58       0x10 usb_msc/CMakeFiles/usb_msc.dir/C_/Program_Files/Raspberry_Pi/Pico_SDK_v1.5.1/pico-sdk/lib/tinyusb/src/portable/raspberrypi/rp2040/dcd_rp2040.c.obj
                0x10004f58                dcd_connect
 .text.dcd_init
                0x10004f68       0x80 usb_msc/CMakeFiles/usb_msc.dir/C_/Program_Files/Raspberry_Pi/Pico_SDK_v1.5.1/pico-sdk/lib/tinyusb/src/portable/raspberrypi/rp2040/dcd_rp2040.c.obj
                0x10004f68                dcd_init
 .text.dcd_edpt0_status_complete
                0x10004fe8       0x1c usb_msc/CMakeFiles/usb_msc.dir/C_/Program_Files/Raspberry_Pi/Pico_SDK_v1.5.1/pico-sdk/lib/tinyusb/src/portable/raspberrypi/rp2040/dcd_rp2040.c.obj
                0x10004fe8                dcd_edpt0_status_complete
 .text.dcd_edpt_open
                0x10005004       0x40 usb_msc/CMakeFiles/usb_msc.dir/C_/Program_Files/Raspberry_Pi/Pico_SDK_v1.5.1/pico-sdk/lib/tinyusb/src/portable/raspberrypi/rp2040/dcd_rp2040.c.obj
                0x10005004                dcd_edpt_open
 .text.dcd_edpt_close_all
                0x10005044        0x8 usb_msc/CMakeFiles/usb_msc.dir/C_/Program_Files/Raspberry_Pi/Pico_SDK_v1.5.1/pico-sdk/lib/tinyusb/src/portable/raspberrypi/rp2040/dcd_rp2040.c.obj
                0x10005044                dcd_edpt_close_all
 .text.dcd_edpt_xfer
                0x1000504c       0x34 usb_msc/CMakeFiles/usb_msc.dir/C_/Program_Files/Raspberry_Pi/Pico_SDK_v1.5.1/pico-sdk/lib/tinyusb/src/portable/raspberrypi/rp2040/dcd_rp2040.c.obj
                0x1000504c                dcd_edpt_xfer
 .text.dcd_edpt_stall
                0x10005080       0x2c usb_msc/CMakeFiles/usb_msc.dir/C_/Program_Files/Raspberry_Pi/Pico_SDK_v1.5.1/pico-sdk/lib/tinyusb/src/portable/raspberrypi/rp2040/dcd_rp2040.c.obj
                0x10005080                dcd_edpt_stall
 .text.dcd_edpt_clear_stall
                0x100050ac       0x20 usb_msc/CMakeFiles/usb_msc.dir/C_/Program_Files/Raspberry_Pi/Pico_SDK_v1.5.1/pico-sdk/lib/tinyusb/src/portable/raspberrypi/rp2040/dcd_rp2040.c.obj
                0x100050ac                dcd_edpt_clear_stall
 .text.rp2040_usb_init
                0x100050cc       0x4c usb_msc/CMakeFiles/usb_msc.dir/C_/Program_Files/Raspberry_Pi/Pico_SDK_v1.5.1/pico-sdk/lib/tinyusb/src/portable/raspberrypi/rp2040/rp2040_usb.c.obj
                0x100050cc                rp2040_usb_init
 .text.hw_endpoint_xfer_start
                0x10005118       0x50 usb_msc/CMakeFiles/usb_msc.dir/C_/Program_Files/Raspberry_Pi/Pico_SDK_v1.5.1/pico-sdk/lib/tinyusb/src/portable/raspberrypi/rp2040/rp2040_usb.c.obj
                0x10005118                hw_endpoint_xfer_start
 .text.configuration_reset
                0x10005168       0x84 usb_msc/CMakeFiles/usb_msc.dir/C_/Program_Files/Raspberry_Pi/Pico_SDK_v1.5.1/pico-sdk/lib/tinyusb/src/device/usbd.c.obj
 .text.usbd_reset
                0x100051ec        0xc usb_msc/CMakeFiles/usb_msc.dir/C_/Program_Files/Raspberry_Pi/Pico_SDK_v1.5.1/pico-sdk/lib/tinyusb/src/device/usbd.c.obj
 .text.invoke_class_control
                0x100051f8       0x1a usb_msc/CMakeFiles/usb_msc.dir/C_/Program_Files/Raspberry_Pi/Pico_SDK_v1.5.1/pico-sdk/lib/tinyusb/src/device/usbd.c.obj
 *fill*         0x10005212        0x2 
 .text.process_set_config
                0x10005214      0x15c usb_msc/CMakeFiles/usb_msc.dir/C_/Program_Files/Raspberry_Pi/Pico_SDK_v1.5.1/pico-sdk/lib/tinyusb/src/device/usbd.c.obj
 .text.process_get_descriptor
                0x10005370       0xdc usb_msc/CMakeFiles/usb_msc.dir/C_/Program_Files/Raspberry_Pi/Pico_SDK_v1.5.1/pico-sdk/lib/tinyusb/src/device/usbd.c.obj
 .text.tud_inited
                0x1000544c       0x14 usb_msc/CMakeFiles/usb_msc.dir/C_/Program_Files/Raspberry_Pi/Pico_SDK_v1.5.1/pico-sdk/lib/tinyusb/src/device/usbd.c.obj
                0x1000544c                tud_inited
 .text.tud_init
                0x10005460       0xcc usb_msc/CMakeFiles/usb_msc.dir/C_/Program_Files/Raspberry_Pi/Pico_SDK_v1.5.1/pico-sdk/lib/tinyusb/src/device/usbd.c.obj
                0x10005460                tud_init
 .text.usbd_edpt_open
                0x1000552c       0x34 usb_msc/CMakeFiles/usb_msc.dir/C_/Program_Files/Raspberry_Pi/Pico_SDK_v1.5.1/pico-sdk/lib/tinyusb/src/device/usbd.c.obj
                0x1000552c                usbd_edpt_open
 .text.usbd_open_edpt_pair
                0x10005560       0x62 usb_msc/CMakeFiles/usb_msc.dir/C_/Program_Files/Raspberry_Pi/Pico_SDK_v1.5.1/pico-sdk/lib/tinyusb/src/device/usbd.c.obj
                0x10005560                usbd_open_edpt_pair
 *fill*         0x100055c2        0x2 
 .text.usbd_edpt_xfer
                0x100055c4       0x78 usb_msc/CMakeFiles/usb_msc.dir/C_/Program_Files/Raspberry_Pi/Pico_SDK_v1.5.1/pico-sdk/lib/tinyusb/src/device/usbd.c.obj
                0x100055c4                usbd_edpt_xfer
 .text.usbd_edpt_busy
                0x1000563c       0x1c usb_msc/CMakeFiles/usb_msc.dir/C_/Program_Files/Raspberry_Pi/Pico_SDK_v1.5.1/pico-sdk/lib/tinyusb/src/device/usbd.c.obj
                0x1000563c                usbd_edpt_busy
 .text.usbd_edpt_stall
                0x10005658       0x48 usb_msc/CMakeFiles/usb_msc.dir/C_/Program_Files/Raspberry_Pi/Pico_SDK_v1.5.1/pico-sdk/lib/tinyusb/src/device/usbd.c.obj
                0x10005658                usbd_edpt_stall
 .text.usbd_edpt_clear_stall
                0x100056a0       0x48 usb_msc/CMakeFiles/usb_msc.dir/C_/Program_Files/Raspberry_Pi/Pico_SDK_v1.5.1/pico-sdk/lib/tinyusb/src/device/usbd.c.obj
                0x100056a0                usbd_edpt_clear_stall
 .text.usbd_edpt_stalled
                0x100056e8       0x1c usb_msc/CMakeFiles/usb_msc.dir/C_/Program_Files/Raspberry_Pi/Pico_SDK_v1.5.1/pico-sdk/lib/tinyusb/src/device/usbd.c.obj
                0x100056e8                usbd_edpt_stalled
 .text.process_control_request
                0x10005704      0x37c usb_msc/CMakeFiles/usb_msc.dir/C_/Program_Files/Raspberry_Pi/Pico_SDK_v1.5.1/pico-sdk/lib/tinyusb/src/device/usbd.c.obj
 .text.tud_task_ext
                0x10005a80      0x1b8 usb_msc/CMakeFiles/usb_msc.dir/C_/Program_Files/Raspberry_Pi/Pico_SDK_v1.5.1/pico-sdk/lib/tinyusb/src/device/usbd.c.obj
                0x10005a80                tud_task_ext
 .text._data_stage_xact
                0x10005c38       0x58 usb_msc/CMakeFiles/usb_msc.dir/C_/Program_Files/Raspberry_Pi/Pico_SDK_v1.5.1/pico-sdk/lib/tinyusb/src/device/usbd_control.c.obj
 .text.tud_control_status
                0x10005c90       0x38 usb_msc/CMakeFiles/usb_msc.dir/C_/Program_Files/Raspberry_Pi/Pico_SDK_v1.5.1/pico-sdk/lib/tinyusb/src/device/usbd_control.c.obj
                0x10005c90                tud_control_status
 .text.tud_control_xfer
                0x10005cc8       0x74 usb_msc/CMakeFiles/usb_msc.dir/C_/Program_Files/Raspberry_Pi/Pico_SDK_v1.5.1/pico-sdk/lib/tinyusb/src/device/usbd_control.c.obj
                0x10005cc8                tud_control_xfer
 .text.usbd_control_reset
                0x10005d3c       0x14 usb_msc/CMakeFiles/usb_msc.dir/C_/Program_Files/Raspberry_Pi/Pico_SDK_v1.5.1/pico-sdk/lib/tinyusb/src/device/usbd_control.c.obj
                0x10005d3c                usbd_control_reset
 .text.usbd_control_set_complete_callback
                0x10005d50        0xc usb_msc/CMakeFiles/usb_msc.dir/C_/Program_Files/Raspberry_Pi/Pico_SDK_v1.5.1/pico-sdk/lib/tinyusb/src/device/usbd_control.c.obj
                0x10005d50                usbd_control_set_complete_callback
 .text.usbd_control_set_request
                0x10005d5c       0x1c usb_msc/CMakeFiles/usb_msc.dir/C_/Program_Files/Raspberry_Pi/Pico_SDK_v1.5.1/pico-sdk/lib/tinyusb/src/device/usbd_control.c.obj
                0x10005d5c                usbd_control_set_request
 .text.usbd_control_xfer_cb
                0x10005d78       0xcc usb_msc/CMakeFiles/usb_msc.dir/C_/Program_Files/Raspberry_Pi/Pico_SDK_v1.5.1/pico-sdk/lib/tinyusb/src/device/usbd_control.c.obj
                0x10005d78                usbd_control_xfer_cb
 .text.proc_bot_reset
                0x10005e44       0x18 usb_msc/CMakeFiles/usb_msc.dir/C_/Program_Files/Raspberry_Pi/Pico_SDK_v1.5.1/pico-sdk/lib/tinyusb/src/class/msc/msc_device.c.obj
 .text.rdwr10_validate_cmd
                0x10005e5c       0x62 usb_msc/CMakeFiles/usb_msc.dir/C_/Program_Files/Raspberry_Pi/Pico_SDK_v1.5.1/pico-sdk/lib/tinyusb/src/class/msc/msc_device.c.obj
                0x10005e5c                rdwr10_validate_cmd
 *fill*         0x10005ebe        0x2 
 .text.tud_msc_set_sense
                0x10005ec0       0x18 usb_msc/CMakeFiles/usb_msc.dir/C_/Program_Files/Raspberry_Pi/Pico_SDK_v1.5.1/pico-sdk/lib/tinyusb/src/class/msc/msc_device.c.obj
                0x10005ec0                tud_msc_set_sense
 .text.proc_builtin_scsi
                0x10005ed8      0x288 usb_msc/CMakeFiles/usb_msc.dir/C_/Program_Files/Raspberry_Pi/Pico_SDK_v1.5.1/pico-sdk/lib/tinyusb/src/class/msc/msc_device.c.obj
 .text.fail_scsi_op
                0x10006160       0x94 usb_msc/CMakeFiles/usb_msc.dir/C_/Program_Files/Raspberry_Pi/Pico_SDK_v1.5.1/pico-sdk/lib/tinyusb/src/class/msc/msc_device.c.obj
 .text.proc_read10_cmd
                0x100061f4       0xf0 usb_msc/CMakeFiles/usb_msc.dir/C_/Program_Files/Raspberry_Pi/Pico_SDK_v1.5.1/pico-sdk/lib/tinyusb/src/class/msc/msc_device.c.obj
 .text.proc_write10_cmd
                0x100062e4       0x68 usb_msc/CMakeFiles/usb_msc.dir/C_/Program_Files/Raspberry_Pi/Pico_SDK_v1.5.1/pico-sdk/lib/tinyusb/src/class/msc/msc_device.c.obj
 .text.proc_write10_new_data
                0x1000634c      0x10c usb_msc/CMakeFiles/usb_msc.dir/C_/Program_Files/Raspberry_Pi/Pico_SDK_v1.5.1/pico-sdk/lib/tinyusb/src/class/msc/msc_device.c.obj
 .text.mscd_init
                0x10006458       0x14 usb_msc/CMakeFiles/usb_msc.dir/C_/Program_Files/Raspberry_Pi/Pico_SDK_v1.5.1/pico-sdk/lib/tinyusb/src/class/msc/msc_device.c.obj
                0x10006458                mscd_init
 .text.mscd_reset
                0x1000646c       0x14 usb_msc/CMakeFiles/usb_msc.dir/C_/Program_Files/Raspberry_Pi/Pico_SDK_v1.5.1/pico-sdk/lib/tinyusb/src/class/msc/msc_device.c.obj
                0x1000646c                mscd_reset
 .text.mscd_open
                0x10006480       0x74 usb_msc/CMakeFiles/usb_msc.dir/C_/Program_Files/Raspberry_Pi/Pico_SDK_v1.5.1/pico-sdk/lib/tinyusb/src/class/msc/msc_device.c.obj
                0x10006480                mscd_open
 .text.mscd_control_xfer_cb
                0x100064f4      0x168 usb_msc/CMakeFiles/usb_msc.dir/C_/Program_Files/Raspberry_Pi/Pico_SDK_v1.5.1/pico-sdk/lib/tinyusb/src/class/msc/msc_device.c.obj
                0x100064f4                mscd_control_xfer_cb
 .text.mscd_xfer_cb
                0x1000665c      0x2ec usb_msc/CMakeFiles/usb_msc.dir/C_/Program_Files/Raspberry_Pi/Pico_SDK_v1.5.1/pico-sdk/lib/tinyusb/src/class/msc/msc_device.c.obj
                0x1000665c                mscd_xfer_cb
 .text.tusb_inited
                0x10006948        0xe usb_msc/CMakeFiles/usb_msc.dir/C_/Program_Files/Raspberry_Pi/Pico_SDK_v1.5.1/pico-sdk/lib/tinyusb/src/tusb.c.obj
                0x10006948                tusb_inited
 *fill*         0x10006956        0x2 
 .text.tu_edpt_validate
                0x10006958       0x78 usb_msc/CMakeFiles/usb_msc.dir/C_/Program_Files/Raspberry_Pi/Pico_SDK_v1.5.1/pico-sdk/lib/tinyusb/src/tusb.c.obj
                0x10006958                tu_edpt_validate
 .text.tu_edpt_bind_driver
                0x100069d0       0x26 usb_msc/CMakeFiles/usb_msc.dir/C_/Program_Files/Raspberry_Pi/Pico_SDK_v1.5.1/pico-sdk/lib/tinyusb/src/tusb.c.obj
                0x100069d0                tu_edpt_bind_driver
 .text.advance_index
                0x100069f6       0x1a usb_msc/CMakeFiles/usb_msc.dir/C_/Program_Files/Raspberry_Pi/Pico_SDK_v1.5.1/pico-sdk/lib/tinyusb/src/common/tusb_fifo.c.obj
 .text._tu_fifo_peek
                0x10006a10       0x56 usb_msc/CMakeFiles/usb_msc.dir/C_/Program_Files/Raspberry_Pi/Pico_SDK_v1.5.1/pico-sdk/lib/tinyusb/src/common/tusb_fifo.c.obj
 .text.tu_fifo_full
                0x10006a66       0x28 usb_msc/CMakeFiles/usb_msc.dir/C_/Program_Files/Raspberry_Pi/Pico_SDK_v1.5.1/pico-sdk/lib/tinyusb/src/common/tusb_fifo.c.obj
                0x10006a66                tu_fifo_full
 .text.tu_fifo_read
                0x10006a8e       0x42 usb_msc/CMakeFiles/usb_msc.dir/C_/Program_Files/Raspberry_Pi/Pico_SDK_v1.5.1/pico-sdk/lib/tinyusb/src/common/tusb_fifo.c.obj
                0x10006a8e                tu_fifo_read
 .text.tu_fifo_write
                0x10006ad0       0x64 usb_msc/CMakeFiles/usb_msc.dir/C_/Program_Files/Raspberry_Pi/Pico_SDK_v1.5.1/pico-sdk/lib/tinyusb/src/common/tusb_fifo.c.obj
                0x10006ad0                tu_fifo_write
 .text.tu_fifo_clear
                0x10006b34       0x3e usb_msc/CMakeFiles/usb_msc.dir/C_/Program_Files/Raspberry_Pi/Pico_SDK_v1.5.1/pico-sdk/lib/tinyusb/src/common/tusb_fifo.c.obj
                0x10006b34                tu_fifo_clear
 *fill*         0x10006b72        0x2 
 .text.board_init
                0x10006b74       0x30 usb_msc/CMakeFiles/usb_msc.dir/C_/Program_Files/Raspberry_Pi/Pico_SDK_v1.5.1/pico-sdk/lib/tinyusb/hw/bsp/rp2040/family.c.obj
                0x10006b74                board_init
 .text.board_led_write
                0x10006ba4       0x1c usb_msc/CMakeFiles/usb_msc.dir/C_/Program_Files/Raspberry_Pi/Pico_SDK_v1.5.1/pico-sdk/lib/tinyusb/hw/bsp/rp2040/family.c.obj
                0x10006ba4                board_led_write
 .text.board_button_read
                0x10006bc0        0xe usb_msc/CMakeFiles/usb_msc.dir/C_/Program_Files/Raspberry_Pi/Pico_SDK_v1.5.1/pico-sdk/lib/tinyusb/hw/bsp/rp2040/family.c.obj
                0x10006bc0                board_button_read
 .text.spi_set_baudrate
                0x10006bce       0xcc usb_msc/CMakeFiles/usb_msc.dir/C_/Program_Files/Raspberry_Pi/Pico_SDK_v1.5.1/pico-sdk/src/rp2_common/hardware_spi/spi.c.obj
                0x10006bce                spi_set_baudrate
 *fill*         0x10006c9a        0x2 
 .text.spi_init
                0x10006c9c       0x74 usb_msc/CMakeFiles/usb_msc.dir/C_/Program_Files/Raspberry_Pi/Pico_SDK_v1.5.1/pico-sdk/src/rp2_common/hardware_spi/spi.c.obj
                0x10006c9c                spi_init
 .text.memcmp   0x10006d10       0x48 c:/progra~1/raspbe~1/picosd~1.1/gcc-ar~1/bin/../lib/gcc/arm-none-eabi/10.3.1/../../../../arm-none-eabi/lib/thumb/v6-m/nofp\libg.a(lib_a-memcmp.o)
                0x10006d10                memcmp
 .text.memmove  0x10006d58       0xac c:/progra~1/raspbe~1/picosd~1.1/gcc-ar~1/bin/../lib/gcc/arm-none-eabi/10.3.1/../../../../arm-none-eabi/lib/thumb/v6-m/nofp\libg.a(lib_a-memmove.o)
                0x10006d58                memmove
 .text.strlen   0x10006e04       0x5c c:/progra~1/raspbe~1/picosd~1.1/gcc-ar~1/bin/../lib/gcc/arm-none-eabi/10.3.1/../../../../arm-none-eabi/lib/thumb/v6-m/nofp\libg.a(lib_a-strlen-stub.o)
                0x10006e04                strlen
 .text.strncpy  0x10006e60       0x6c c:/progra~1/raspbe~1/picosd~1.1/gcc-ar~1/bin/../lib/gcc/arm-none-eabi/10.3.1/../../../../arm-none-eabi/lib/thumb/v6-m/nofp\libg.a(lib_a-strncpy.o)
                0x10006e60                strncpy
 *(.fini)
 .fini          0x10006ecc        0x4 c:/progra~1/raspbe~1/picosd~1.1/gcc-ar~1/bin/../lib/gcc/arm-none-eabi/10.3.1/thumb/v6-m/nofp/crti.o
                0x10006ecc                _fini
 .fini.__stub   0x10006ed0       0xf0 linker stubs
 *crtbegin.o(.ctors)
 *crtbegin?.o(.ctors)
 *(EXCLUDE_FILE(*crtend.o *crtend?.o) .ctors)
 *(SORT_BY_NAME(.ctors.*))
 *(.ctors)
 *crtbegin.o(.dtors)
 *crtbegin?.o(.dtors)
 *(EXCLUDE_FILE(*crtend.o *crtend?.o) .dtors)
 *(SORT_BY_NAME(.dtors.*))
 *(.dtors)
 *(.eh_frame*)
 .eh_frame      0x10006fc0        0x0 c:/progra~1/raspbe~1/picosd~1.1/gcc-ar~1/bin/../lib/gcc/arm-none-eabi/10.3.1/thumb/v6-m/nofp/crtbegin.o
                0x10006fc0                . = ALIGN (0x4)

.glue_7         0x10006fc0        0x0
 .glue_7        0x10006fc0        0x0 linker stubs

.glue_7t        0x10006fc0        0x0
 .glue_7t       0x10006fc0        0x0 linker stubs

.vfp11_veneer   0x10006fc0        0x0
 .vfp11_veneer  0x10006fc0        0x0 linker stubs

.v4_bx          0x10006fc0        0x0
 .v4_bx         0x10006fc0        0x0 linker stubs

.iplt           0x10006fc0        0x0
 .iplt          0x10006fc0        0x0 c:/progra~1/raspbe~1/picosd~1.1/gcc-ar~1/bin/../lib/gcc/arm-none-eabi/10.3.1/thumb/v6-m/nofp/crtbegin.o

.rodata         0x10006fc0     0x1648
 *(EXCLUDE_FILE(*libm.a: *libc.a:*lib_a-mem*.o *libgcc.a:) .rodata*)
 .rodata.led_blinking_task.str1.4
                0x10006fc0       0x7d usb_msc/CMakeFiles/usb_msc.dir/main.c.obj
 *fill*         0x1000703d        0x3 
 .rodata.__func__.0
                0x10007040       0x15 usb_msc/CMakeFiles/usb_msc.dir/main.c.obj
 *fill*         0x10007055        0x3 
 .rodata.str1.4
                0x10007058       0x25 usb_msc/CMakeFiles/usb_msc.dir/usb_descriptors.c.obj
 *fill*         0x1000707d        0x3 
 .rodata.__compound_literal.0
                0x10007080        0x2 usb_msc/CMakeFiles/usb_msc.dir/usb_descriptors.c.obj
 *fill*         0x10007082        0x2 
 .rodata.desc_device
                0x10007084       0x12 usb_msc/CMakeFiles/usb_msc.dir/usb_descriptors.c.obj
                0x10007084                desc_device
 *fill*         0x10007096        0x2 
 .rodata.desc_fs_configuration
                0x10007098       0x20 usb_msc/CMakeFiles/usb_msc.dir/usb_descriptors.c.obj
                0x10007098                desc_fs_configuration
 .rodata.tud_msc_inquiry_cb.str1.4
                0x100070b8        0xd usb_msc/CMakeFiles/usb_msc.dir/msc_disk.c.obj
                                 0x15 (size before relaxing)
 *fill*         0x100070c5        0x3 
 .rodata.tud_msc_write10_cb.str1.4
                0x100070c8       0x10 usb_msc/CMakeFiles/usb_msc.dir/msc_disk.c.obj
                                 0x8d (size before relaxing)
 .rodata.__func__.0
                0x100070d8       0x15 usb_msc/CMakeFiles/usb_msc.dir/msc_disk.c.obj
 *fill*         0x100070ed        0x3 
 .rodata        0x100070f0        0x8 usb_msc/CMakeFiles/usb_msc.dir/fpga_program.c.obj
 .rodata.spin_lock_claim_unused.str1.4
                0x100070f8       0x1b usb_msc/CMakeFiles/usb_msc.dir/C_/Program_Files/Raspberry_Pi/Pico_SDK_v1.5.1/pico-sdk/src/rp2_common/hardware_sync/sync.c.obj
 *fill*         0x10007113        0x1 
 .rodata.make_branch.str1.4
                0x10007114       0x89 usb_msc/CMakeFiles/usb_msc.dir/C_/Program_Files/Raspberry_Pi/Pico_SDK_v1.5.1/pico-sdk/src/rp2_common/hardware_irq/irq.c.obj
 *fill*         0x1000719d        0x3 
 .rodata.insert_branch_and_link.str1.4
                0x100071a0       0x10 usb_msc/CMakeFiles/usb_msc.dir/C_/Program_Files/Raspberry_Pi/Pico_SDK_v1.5.1/pico-sdk/src/rp2_common/hardware_irq/irq.c.obj
 .rodata.irq_set_exclusive_handler.str1.4
                0x100071b0       0x36 usb_msc/CMakeFiles/usb_msc.dir/C_/Program_Files/Raspberry_Pi/Pico_SDK_v1.5.1/pico-sdk/src/rp2_common/hardware_irq/irq.c.obj
 *fill*         0x100071e6        0x2 
 .rodata.irq_add_shared_handler.str1.4
                0x100071e8       0xd9 usb_msc/CMakeFiles/usb_msc.dir/C_/Program_Files/Raspberry_Pi/Pico_SDK_v1.5.1/pico-sdk/src/rp2_common/hardware_irq/irq.c.obj
 *fill*         0x100072c1        0x3 
 .rodata.irq_remove_handler.str1.4
                0x100072c4       0x3a usb_msc/CMakeFiles/usb_msc.dir/C_/Program_Files/Raspberry_Pi/Pico_SDK_v1.5.1/pico-sdk/src/rp2_common/hardware_irq/irq.c.obj
 *fill*         0x100072fe        0x2 
 .rodata.irq_add_tail_to_free_list.str1.4
                0x10007300       0x3a usb_msc/CMakeFiles/usb_msc.dir/C_/Program_Files/Raspberry_Pi/Pico_SDK_v1.5.1/pico-sdk/src/rp2_common/hardware_irq/irq.c.obj
 *fill*         0x1000733a        0x2 
 .rodata.__func__.0
                0x1000733c       0x1a usb_msc/CMakeFiles/usb_msc.dir/C_/Program_Files/Raspberry_Pi/Pico_SDK_v1.5.1/pico-sdk/src/rp2_common/hardware_irq/irq.c.obj
 *fill*         0x10007356        0x2 
 .rodata.__func__.1
                0x10007358       0x17 usb_msc/CMakeFiles/usb_msc.dir/C_/Program_Files/Raspberry_Pi/Pico_SDK_v1.5.1/pico-sdk/src/rp2_common/hardware_irq/irq.c.obj
 *fill*         0x1000736f        0x1 
 .rodata.__func__.2
                0x10007370       0x13 usb_msc/CMakeFiles/usb_msc.dir/C_/Program_Files/Raspberry_Pi/Pico_SDK_v1.5.1/pico-sdk/src/rp2_common/hardware_irq/irq.c.obj
 *fill*         0x10007383        0x1 
 .rodata.__func__.3
                0x10007384        0xc usb_msc/CMakeFiles/usb_msc.dir/C_/Program_Files/Raspberry_Pi/Pico_SDK_v1.5.1/pico-sdk/src/rp2_common/hardware_irq/irq.c.obj
 .rodata.__func__.4
                0x10007390        0xf usb_msc/CMakeFiles/usb_msc.dir/C_/Program_Files/Raspberry_Pi/Pico_SDK_v1.5.1/pico-sdk/src/rp2_common/hardware_irq/irq.c.obj
 *fill*         0x1000739f        0x1 
 .rodata.__func__.5
                0x100073a0       0x17 usb_msc/CMakeFiles/usb_msc.dir/C_/Program_Files/Raspberry_Pi/Pico_SDK_v1.5.1/pico-sdk/src/rp2_common/hardware_irq/irq.c.obj
 *fill*         0x100073b7        0x1 
 .rodata.__func__.6
                0x100073b8       0x1a usb_msc/CMakeFiles/usb_msc.dir/C_/Program_Files/Raspberry_Pi/Pico_SDK_v1.5.1/pico-sdk/src/rp2_common/hardware_irq/irq.c.obj
 *fill*         0x100073d2        0x2 
 .rodata.str1.4
                0x100073d4       0xa5 usb_msc/CMakeFiles/usb_msc.dir/C_/Program_Files/Raspberry_Pi/Pico_SDK_v1.5.1/pico-sdk/src/common/pico_sync/mutex.c.obj
                                0x125 (size before relaxing)
 *fill*         0x10007479        0x3 
 .rodata.__func__.1
                0x1000747c        0xb usb_msc/CMakeFiles/usb_msc.dir/C_/Program_Files/Raspberry_Pi/Pico_SDK_v1.5.1/pico-sdk/src/common/pico_sync/mutex.c.obj
 *fill*         0x10007487        0x1 
 .rodata.__func__.3
                0x10007488       0x18 usb_msc/CMakeFiles/usb_msc.dir/C_/Program_Files/Raspberry_Pi/Pico_SDK_v1.5.1/pico-sdk/src/common/pico_sync/mutex.c.obj
 .rodata.__func__.4
                0x100074a0       0x15 usb_msc/CMakeFiles/usb_msc.dir/C_/Program_Files/Raspberry_Pi/Pico_SDK_v1.5.1/pico-sdk/src/common/pico_sync/mutex.c.obj
 *fill*         0x100074b5        0x3 
 .rodata.repeating_timer_callback.str1.4
                0x100074b8       0x67 usb_msc/CMakeFiles/usb_msc.dir/C_/Program_Files/Raspberry_Pi/Pico_SDK_v1.5.1/pico-sdk/src/common/pico_time/time.c.obj
 *fill*         0x1000751f        0x1 
 .rodata.timer_pool_entry_comparator.str1.4
                0x10007520       0x22 usb_msc/CMakeFiles/usb_msc.dir/C_/Program_Files/Raspberry_Pi/Pico_SDK_v1.5.1/pico-sdk/src/common/pico_time/time.c.obj
 *fill*         0x10007542        0x2 
 .rodata.ph_add_child_node.str1.4
                0x10007544       0xb2 usb_msc/CMakeFiles/usb_msc.dir/C_/Program_Files/Raspberry_Pi/Pico_SDK_v1.5.1/pico-sdk/src/common/pico_time/time.c.obj
 *fill*         0x100075f6        0x2 
 .rodata.add_alarm_under_lock.str1.4
                0x100075f8       0x28 usb_msc/CMakeFiles/usb_msc.dir/C_/Program_Files/Raspberry_Pi/Pico_SDK_v1.5.1/pico-sdk/src/common/pico_time/time.c.obj
                                 0x2b (size before relaxing)
 .rodata.alarm_pool_alarm_callback.str1.4
                0x10007620       0x98 usb_msc/CMakeFiles/usb_msc.dir/C_/Program_Files/Raspberry_Pi/Pico_SDK_v1.5.1/pico-sdk/src/common/pico_time/time.c.obj
                                0x118 (size before relaxing)
 .rodata.alarm_pool_get_default.str1.4
                0x100076b8       0x21 usb_msc/CMakeFiles/usb_msc.dir/C_/Program_Files/Raspberry_Pi/Pico_SDK_v1.5.1/pico-sdk/src/common/pico_time/time.c.obj
 *fill*         0x100076d9        0x3 
 .rodata.alarm_pool_cancel_alarm.str1.4
                0x100076dc       0x27 usb_msc/CMakeFiles/usb_msc.dir/C_/Program_Files/Raspberry_Pi/Pico_SDK_v1.5.1/pico-sdk/src/common/pico_time/time.c.obj
 *fill*         0x10007703        0x1 
 .rodata.__func__.1
                0x10007704       0x18 usb_msc/CMakeFiles/usb_msc.dir/C_/Program_Files/Raspberry_Pi/Pico_SDK_v1.5.1/pico-sdk/src/common/pico_time/time.c.obj
 .rodata.__func__.10
                0x1000771c       0x15 usb_msc/CMakeFiles/usb_msc.dir/C_/Program_Files/Raspberry_Pi/Pico_SDK_v1.5.1/pico-sdk/src/common/pico_time/time.c.obj
 *fill*         0x10007731        0x3 
 .rodata.__func__.11
                0x10007734       0x1a usb_msc/CMakeFiles/usb_msc.dir/C_/Program_Files/Raspberry_Pi/Pico_SDK_v1.5.1/pico-sdk/src/common/pico_time/time.c.obj
 *fill*         0x1000774e        0x2 
 .rodata.__func__.12
                0x10007750        0xa usb_msc/CMakeFiles/usb_msc.dir/C_/Program_Files/Raspberry_Pi/Pico_SDK_v1.5.1/pico-sdk/src/common/pico_time/time.c.obj
 *fill*         0x1000775a        0x2 
 .rodata.__func__.3
                0x1000775c       0x17 usb_msc/CMakeFiles/usb_msc.dir/C_/Program_Files/Raspberry_Pi/Pico_SDK_v1.5.1/pico-sdk/src/common/pico_time/time.c.obj
 *fill*         0x10007773        0x1 
 .rodata.__func__.4
                0x10007774       0x12 usb_msc/CMakeFiles/usb_msc.dir/C_/Program_Files/Raspberry_Pi/Pico_SDK_v1.5.1/pico-sdk/src/common/pico_time/time.c.obj
 *fill*         0x10007786        0x2 
 .rodata.__func__.5
                0x10007788        0xd usb_msc/CMakeFiles/usb_msc.dir/C_/Program_Files/Raspberry_Pi/Pico_SDK_v1.5.1/pico-sdk/src/common/pico_time/time.c.obj
 *fill*         0x10007795        0x3 
 .rodata.__func__.6
                0x10007798       0x12 usb_msc/CMakeFiles/usb_msc.dir/C_/Program_Files/Raspberry_Pi/Pico_SDK_v1.5.1/pico-sdk/src/common/pico_time/time.c.obj
 *fill*         0x100077aa        0x2 
 .rodata.__func__.7
                0x100077ac        0xf usb_msc/CMakeFiles/usb_msc.dir/C_/Program_Files/Raspberry_Pi/Pico_SDK_v1.5.1/pico-sdk/src/common/pico_time/time.c.obj
 *fill*         0x100077bb        0x1 
 .rodata.__func__.8
                0x100077bc        0xc usb_msc/CMakeFiles/usb_msc.dir/C_/Program_Files/Raspberry_Pi/Pico_SDK_v1.5.1/pico-sdk/src/common/pico_time/time.c.obj
 .rodata.__func__.9
                0x100077c8       0x15 usb_msc/CMakeFiles/usb_msc.dir/C_/Program_Files/Raspberry_Pi/Pico_SDK_v1.5.1/pico-sdk/src/common/pico_time/time.c.obj
 *fill*         0x100077dd        0x3 
 .rodata.hardware_alarm_claim.str1.4
                0x100077e0       0x22 usb_msc/CMakeFiles/usb_msc.dir/C_/Program_Files/Raspberry_Pi/Pico_SDK_v1.5.1/pico-sdk/src/rp2_common/hardware_timer/timer.c.obj
 .rodata.busy_wait_us.str1.4
                0x10007802       0x7d usb_msc/CMakeFiles/usb_msc.dir/C_/Program_Files/Raspberry_Pi/Pico_SDK_v1.5.1/pico-sdk/src/rp2_common/hardware_timer/timer.c.obj
 *fill*         0x10007802        0x2 
 .rodata.hardware_alarm_set_target.str1.4
                0x10007804       0x81 usb_msc/CMakeFiles/usb_msc.dir/C_/Program_Files/Raspberry_Pi/Pico_SDK_v1.5.1/pico-sdk/src/rp2_common/hardware_timer/timer.c.obj
 *fill*         0x10007885        0x3 
 .rodata.__func__.0
                0x10007888       0x1a usb_msc/CMakeFiles/usb_msc.dir/C_/Program_Files/Raspberry_Pi/Pico_SDK_v1.5.1/pico-sdk/src/rp2_common/hardware_timer/timer.c.obj
 *fill*         0x100078a2        0x2 
 .rodata.__func__.1
                0x100078a4       0x15 usb_msc/CMakeFiles/usb_msc.dir/C_/Program_Files/Raspberry_Pi/Pico_SDK_v1.5.1/pico-sdk/src/rp2_common/hardware_timer/timer.c.obj
 .rodata.ph_add_child_node.str1.4
                0x100078b9       0xb2 usb_msc/CMakeFiles/usb_msc.dir/C_/Program_Files/Raspberry_Pi/Pico_SDK_v1.5.1/pico-sdk/src/common/pico_util/pheap.c.obj
 *fill*         0x100078b9        0x3 
 .rodata.ph_remove_any_head.str1.4
                0x100078bc       0xa8 usb_msc/CMakeFiles/usb_msc.dir/C_/Program_Files/Raspberry_Pi/Pico_SDK_v1.5.1/pico-sdk/src/common/pico_util/pheap.c.obj
                                 0xbc (size before relaxing)
 .rodata.ph_remove_and_free_node.str1.4
                0x10007964       0x1e usb_msc/CMakeFiles/usb_msc.dir/C_/Program_Files/Raspberry_Pi/Pico_SDK_v1.5.1/pico-sdk/src/common/pico_util/pheap.c.obj
                                 0x26 (size before relaxing)
 *fill*         0x10007982        0x2 
 .rodata.__func__.0
                0x10007984       0x18 usb_msc/CMakeFiles/usb_msc.dir/C_/Program_Files/Raspberry_Pi/Pico_SDK_v1.5.1/pico-sdk/src/common/pico_util/pheap.c.obj
 .rodata.__func__.1
                0x1000799c       0x13 usb_msc/CMakeFiles/usb_msc.dir/C_/Program_Files/Raspberry_Pi/Pico_SDK_v1.5.1/pico-sdk/src/common/pico_util/pheap.c.obj
 *fill*         0x100079af        0x1 
 .rodata.__func__.2
                0x100079b0       0x12 usb_msc/CMakeFiles/usb_msc.dir/C_/Program_Files/Raspberry_Pi/Pico_SDK_v1.5.1/pico-sdk/src/common/pico_util/pheap.c.obj
 *fill*         0x100079c2        0x2 
 .rodata.__func__.3
                0x100079c4        0xc usb_msc/CMakeFiles/usb_msc.dir/C_/Program_Files/Raspberry_Pi/Pico_SDK_v1.5.1/pico-sdk/src/common/pico_util/pheap.c.obj
 .rodata.clock_configure.str1.4
                0x100079d0       0x73 usb_msc/CMakeFiles/usb_msc.dir/C_/Program_Files/Raspberry_Pi/Pico_SDK_v1.5.1/pico-sdk/src/rp2_common/hardware_clocks/clocks.c.obj
 *fill*         0x10007a43        0x1 
 .rodata.__func__.1
                0x10007a44       0x10 usb_msc/CMakeFiles/usb_msc.dir/C_/Program_Files/Raspberry_Pi/Pico_SDK_v1.5.1/pico-sdk/src/rp2_common/hardware_clocks/clocks.c.obj
 .rodata.pll_init.str1.4
                0x10007a54      0x140 usb_msc/CMakeFiles/usb_msc.dir/C_/Program_Files/Raspberry_Pi/Pico_SDK_v1.5.1/pico-sdk/src/rp2_common/hardware_pll/pll.c.obj
 .rodata.__func__.0
                0x10007b94        0x9 usb_msc/CMakeFiles/usb_msc.dir/C_/Program_Files/Raspberry_Pi/Pico_SDK_v1.5.1/pico-sdk/src/rp2_common/hardware_pll/pll.c.obj
 *fill*         0x10007b9d        0x3 
 .rodata.__assert_func.str1.4
                0x10007ba0       0x3f usb_msc/CMakeFiles/usb_msc.dir/C_/Program_Files/Raspberry_Pi/Pico_SDK_v1.5.1/pico-sdk/src/rp2_common/pico_runtime/runtime.c.obj
                                 0x43 (size before relaxing)
 *fill*         0x10007bdf        0x1 
 .rodata.runtime_init.str1.4
                0x10007be0       0x7d usb_msc/CMakeFiles/usb_msc.dir/C_/Program_Files/Raspberry_Pi/Pico_SDK_v1.5.1/pico-sdk/src/rp2_common/pico_runtime/runtime.c.obj
 *fill*         0x10007c5d        0x3 
 .rodata.panic.str1.4
                0x10007c60       0x12 usb_msc/CMakeFiles/usb_msc.dir/C_/Program_Files/Raspberry_Pi/Pico_SDK_v1.5.1/pico-sdk/src/rp2_common/pico_runtime/runtime.c.obj
 *fill*         0x10007c72        0x2 
 .rodata.__func__.2
                0x10007c74        0xd usb_msc/CMakeFiles/usb_msc.dir/C_/Program_Files/Raspberry_Pi/Pico_SDK_v1.5.1/pico-sdk/src/rp2_common/pico_runtime/runtime.c.obj
 *fill*         0x10007c81        0x3 
 .rodata._ftoa.str1.4
                0x10007c84       0x15 usb_msc/CMakeFiles/usb_msc.dir/C_/Program_Files/Raspberry_Pi/Pico_SDK_v1.5.1/pico-sdk/src/rp2_common/pico_printf/printf.c.obj
 *fill*         0x10007c99        0x3 
 .rodata._vsnprintf
                0x10007c9c      0x1e0 usb_msc/CMakeFiles/usb_msc.dir/C_/Program_Files/Raspberry_Pi/Pico_SDK_v1.5.1/pico-sdk/src/rp2_common/pico_printf/printf.c.obj
 *fill*         0x10007e7c        0x4 
 .rodata.pow10.0
                0x10007e80       0x50 usb_msc/CMakeFiles/usb_msc.dir/C_/Program_Files/Raspberry_Pi/Pico_SDK_v1.5.1/pico-sdk/src/rp2_common/pico_printf/printf.c.obj
 .rodata.__aeabi_double_init.str1.4
                0x10007ed0       0xb8 usb_msc/CMakeFiles/usb_msc.dir/C_/Program_Files/Raspberry_Pi/Pico_SDK_v1.5.1/pico-sdk/src/rp2_common/pico_double/double_init_rom.c.obj
 .rodata.__func__.0
                0x10007f88       0x14 usb_msc/CMakeFiles/usb_msc.dir/C_/Program_Files/Raspberry_Pi/Pico_SDK_v1.5.1/pico-sdk/src/rp2_common/pico_double/double_init_rom.c.obj
 .rodata.__aeabi_float_init.str1.4
                0x10007f9c       0x96 usb_msc/CMakeFiles/usb_msc.dir/C_/Program_Files/Raspberry_Pi/Pico_SDK_v1.5.1/pico-sdk/src/rp2_common/pico_float/float_init_rom.c.obj
                                 0x9a (size before relaxing)
 *fill*         0x10008032        0x2 
 .rodata.__func__.0
                0x10008034       0x13 usb_msc/CMakeFiles/usb_msc.dir/C_/Program_Files/Raspberry_Pi/Pico_SDK_v1.5.1/pico-sdk/src/rp2_common/pico_float/float_init_rom.c.obj
 *fill*         0x10008047        0x1 
 .rodata.str1.4
                0x10008048       0x3c usb_msc/CMakeFiles/usb_msc.dir/C_/Program_Files/Raspberry_Pi/Pico_SDK_v1.5.1/pico-sdk/src/rp2_common/pico_standard_link/binary_info.c.obj
 .rodata.__bi_44
                0x10008084        0xc usb_msc/CMakeFiles/usb_msc.dir/C_/Program_Files/Raspberry_Pi/Pico_SDK_v1.5.1/pico-sdk/src/rp2_common/pico_standard_link/binary_info.c.obj
 .rodata.__bi_75
                0x10008090        0xc usb_msc/CMakeFiles/usb_msc.dir/C_/Program_Files/Raspberry_Pi/Pico_SDK_v1.5.1/pico-sdk/src/rp2_common/pico_standard_link/binary_info.c.obj
 .rodata.__bi_81
                0x1000809c        0xc usb_msc/CMakeFiles/usb_msc.dir/C_/Program_Files/Raspberry_Pi/Pico_SDK_v1.5.1/pico-sdk/src/rp2_common/pico_standard_link/binary_info.c.obj
 .rodata.stdout_serialize_begin.str1.4
                0x100080a8       0x7d usb_msc/CMakeFiles/usb_msc.dir/C_/Program_Files/Raspberry_Pi/Pico_SDK_v1.5.1/pico-sdk/src/rp2_common/pico_stdio/stdio.c.obj
 .rodata.__func__.3
                0x100080a8       0x15 usb_msc/CMakeFiles/usb_msc.dir/C_/Program_Files/Raspberry_Pi/Pico_SDK_v1.5.1/pico-sdk/src/rp2_common/pico_stdio/stdio.c.obj
 *fill*         0x100080bd        0x3 
 .rodata.crlf_str.2
                0x100080c0        0x2 usb_msc/CMakeFiles/usb_msc.dir/C_/Program_Files/Raspberry_Pi/Pico_SDK_v1.5.1/pico-sdk/src/rp2_common/pico_stdio/stdio.c.obj
 *fill*         0x100080c2        0x2 
 .rodata.str1.4
                0x100080c4      0x176 usb_msc/CMakeFiles/usb_msc.dir/C_/Program_Files/Raspberry_Pi/Pico_SDK_v1.5.1/pico-sdk/src/rp2_common/hardware_flash/flash.c.obj
 *fill*         0x1000823a        0x2 
 .rodata.__func__.0
                0x1000823c        0xd usb_msc/CMakeFiles/usb_msc.dir/C_/Program_Files/Raspberry_Pi/Pico_SDK_v1.5.1/pico-sdk/src/rp2_common/hardware_flash/flash.c.obj
 *fill*         0x10008249        0x3 
 .rodata._hw_endpoint_alloc.str1.4
                0x1000824c       0xd1 usb_msc/CMakeFiles/usb_msc.dir/C_/Program_Files/Raspberry_Pi/Pico_SDK_v1.5.1/pico-sdk/lib/tinyusb/src/portable/raspberrypi/rp2040/dcd_rp2040.c.obj
 *fill*         0x1000831d        0x3 
 .rodata.str1.4
                0x10008320       0x14 usb_msc/CMakeFiles/usb_msc.dir/C_/Program_Files/Raspberry_Pi/Pico_SDK_v1.5.1/pico-sdk/lib/tinyusb/src/portable/raspberrypi/rp2040/dcd_rp2040.c.obj
 .rodata.dcd_int_enable.str1.4
                0x10008334        0xc usb_msc/CMakeFiles/usb_msc.dir/C_/Program_Files/Raspberry_Pi/Pico_SDK_v1.5.1/pico-sdk/lib/tinyusb/src/portable/raspberrypi/rp2040/dcd_rp2040.c.obj
 .rodata.__func__.0
                0x10008340        0xe usb_msc/CMakeFiles/usb_msc.dir/C_/Program_Files/Raspberry_Pi/Pico_SDK_v1.5.1/pico-sdk/lib/tinyusb/src/portable/raspberrypi/rp2040/dcd_rp2040.c.obj
 *fill*         0x1000834e        0x2 
 .rodata.__func__.1
                0x10008350        0xe usb_msc/CMakeFiles/usb_msc.dir/C_/Program_Files/Raspberry_Pi/Pico_SDK_v1.5.1/pico-sdk/lib/tinyusb/src/portable/raspberrypi/rp2040/dcd_rp2040.c.obj
 *fill*         0x1000835e        0x2 
 .rodata.__func__.3
                0x10008360       0x10 usb_msc/CMakeFiles/usb_msc.dir/C_/Program_Files/Raspberry_Pi/Pico_SDK_v1.5.1/pico-sdk/lib/tinyusb/src/portable/raspberrypi/rp2040/dcd_rp2040.c.obj
 .rodata.__func__.5
                0x10008370        0xf usb_msc/CMakeFiles/usb_msc.dir/C_/Program_Files/Raspberry_Pi/Pico_SDK_v1.5.1/pico-sdk/lib/tinyusb/src/portable/raspberrypi/rp2040/dcd_rp2040.c.obj
 *fill*         0x1000837f        0x1 
 .rodata.__func__.6
                0x10008380       0x13 usb_msc/CMakeFiles/usb_msc.dir/C_/Program_Files/Raspberry_Pi/Pico_SDK_v1.5.1/pico-sdk/lib/tinyusb/src/portable/raspberrypi/rp2040/dcd_rp2040.c.obj
 *fill*         0x10008393        0x1 
 .rodata.__func__.7
                0x10008394        0x9 usb_msc/CMakeFiles/usb_msc.dir/C_/Program_Files/Raspberry_Pi/Pico_SDK_v1.5.1/pico-sdk/lib/tinyusb/src/portable/raspberrypi/rp2040/dcd_rp2040.c.obj
 *fill*         0x1000839d        0x3 
 .rodata.str1.4
                0x100083a0      0x103 usb_msc/CMakeFiles/usb_msc.dir/C_/Program_Files/Raspberry_Pi/Pico_SDK_v1.5.1/pico-sdk/lib/tinyusb/src/portable/raspberrypi/rp2040/rp2040_usb.c.obj
 *fill*         0x100084a3        0x1 
 .rodata.__func__.0
                0x100084a4        0xf usb_msc/CMakeFiles/usb_msc.dir/C_/Program_Files/Raspberry_Pi/Pico_SDK_v1.5.1/pico-sdk/lib/tinyusb/src/portable/raspberrypi/rp2040/rp2040_usb.c.obj
 *fill*         0x100084b3        0x1 
 .rodata.process_get_descriptor
                0x100084b4       0x40 usb_msc/CMakeFiles/usb_msc.dir/C_/Program_Files/Raspberry_Pi/Pico_SDK_v1.5.1/pico-sdk/lib/tinyusb/src/device/usbd.c.obj
 .rodata.process_control_request
                0x100084f4       0x28 usb_msc/CMakeFiles/usb_msc.dir/C_/Program_Files/Raspberry_Pi/Pico_SDK_v1.5.1/pico-sdk/lib/tinyusb/src/device/usbd.c.obj
 .rodata.tud_task_ext
                0x1000851c       0x24 usb_msc/CMakeFiles/usb_msc.dir/C_/Program_Files/Raspberry_Pi/Pico_SDK_v1.5.1/pico-sdk/lib/tinyusb/src/device/usbd.c.obj
 .rodata._usbd_driver
                0x10008540       0x18 usb_msc/CMakeFiles/usb_msc.dir/C_/Program_Files/Raspberry_Pi/Pico_SDK_v1.5.1/pico-sdk/lib/tinyusb/src/device/usbd.c.obj
 .rodata.proc_builtin_scsi
                0x10008558       0x98 usb_msc/CMakeFiles/usb_msc.dir/C_/Program_Files/Raspberry_Pi/Pico_SDK_v1.5.1/pico-sdk/lib/tinyusb/src/class/msc/msc_device.c.obj
 .rodata.str1.4
                0x100085f0        0x4 usb_msc/CMakeFiles/usb_msc.dir/C_/Program_Files/Raspberry_Pi/Pico_SDK_v1.5.1/pico-sdk/lib/tinyusb/hw/bsp/rp2040/family.c.obj
 .rodata.__bi_142.0
                0x100085f4        0xc usb_msc/CMakeFiles/usb_msc.dir/C_/Program_Files/Raspberry_Pi/Pico_SDK_v1.5.1/pico-sdk/lib/tinyusb/hw/bsp/rp2040/family.c.obj
 .rodata.__bi_152.1
                0x10008600        0x8 usb_msc/CMakeFiles/usb_msc.dir/C_/Program_Files/Raspberry_Pi/Pico_SDK_v1.5.1/pico-sdk/lib/tinyusb/hw/bsp/rp2040/family.c.obj
                0x10008608                . = ALIGN (0x4)
 *(SORT_BY_ALIGNMENT(SORT_BY_NAME(.flashdata*)))
                0x10008608                . = ALIGN (0x4)

.ARM.extab
 *(.ARM.extab* .gnu.linkonce.armextab.*)
                0x10008608                __exidx_start = .

.ARM.exidx
 *(.ARM.exidx* .gnu.linkonce.armexidx.*)
                0x10008608                __exidx_end = .
                0x10008608                . = ALIGN (0x4)
                0x10008608                __binary_info_start = .

.binary_info    0x10008608       0x24
 *(.binary_info.keep.*)
 .binary_info.keep.__bi_ptr22
                0x10008608        0x4 usb_msc/CMakeFiles/usb_msc.dir/C_/Program_Files/Raspberry_Pi/Pico_SDK_v1.5.1/pico-sdk/src/rp2_common/pico_standard_link/binary_info.c.obj
 .binary_info.keep.__bi_ptr30
                0x1000860c        0x4 usb_msc/CMakeFiles/usb_msc.dir/C_/Program_Files/Raspberry_Pi/Pico_SDK_v1.5.1/pico-sdk/src/rp2_common/pico_standard_link/binary_info.c.obj
 .binary_info.keep.__bi_ptr38
                0x10008610        0x4 usb_msc/CMakeFiles/usb_msc.dir/C_/Program_Files/Raspberry_Pi/Pico_SDK_v1.5.1/pico-sdk/src/rp2_common/pico_standard_link/binary_info.c.obj
 .binary_info.keep.__bi_ptr44
                0x10008614        0x4 usb_msc/CMakeFiles/usb_msc.dir/C_/Program_Files/Raspberry_Pi/Pico_SDK_v1.5.1/pico-sdk/src/rp2_common/pico_standard_link/binary_info.c.obj
 .binary_info.keep.__bi_ptr50
                0x10008618        0x4 usb_msc/CMakeFiles/usb_msc.dir/C_/Program_Files/Raspberry_Pi/Pico_SDK_v1.5.1/pico-sdk/src/rp2_common/pico_standard_link/binary_info.c.obj
 .binary_info.keep.__bi_ptr75
                0x1000861c        0x4 usb_msc/CMakeFiles/usb_msc.dir/C_/Program_Files/Raspberry_Pi/Pico_SDK_v1.5.1/pico-sdk/src/rp2_common/pico_standard_link/binary_info.c.obj
 .binary_info.keep.__bi_ptr81
                0x10008620        0x4 usb_msc/CMakeFiles/usb_msc.dir/C_/Program_Files/Raspberry_Pi/Pico_SDK_v1.5.1/pico-sdk/src/rp2_common/pico_standard_link/binary_info.c.obj
 .binary_info.keep.__bi_ptr142
                0x10008624        0x4 usb_msc/CMakeFiles/usb_msc.dir/C_/Program_Files/Raspberry_Pi/Pico_SDK_v1.5.1/pico-sdk/lib/tinyusb/hw/bsp/rp2040/family.c.obj
 .binary_info.keep.__bi_ptr152
                0x10008628        0x4 usb_msc/CMakeFiles/usb_msc.dir/C_/Program_Files/Raspberry_Pi/Pico_SDK_v1.5.1/pico-sdk/lib/tinyusb/hw/bsp/rp2040/family.c.obj
 *(.binary_info.*)
                0x1000862c                __binary_info_end = .

.rel.dyn        0x1000862c        0x0
 .rel.iplt      0x1000862c        0x0 c:/progra~1/raspbe~1/picosd~1.1/gcc-ar~1/bin/../lib/gcc/arm-none-eabi/10.3.1/thumb/v6-m/nofp/crtbegin.o
                0x1000862c                . = ALIGN (0x4)

.ram_vector_table
                0x20000000       0xc0
 *(.ram_vector_table)
 .ram_vector_table
                0x20000000       0xc0 usb_msc/CMakeFiles/usb_msc.dir/C_/Program_Files/Raspberry_Pi/Pico_SDK_v1.5.1/pico-sdk/src/rp2_common/pico_runtime/runtime.c.obj
                0x20000000                ram_vector_table

.data           0x200000c0    0x16ca0 load address 0x1000862c
                0x200000c0                __data_start__ = .
 *(vtable)
 *(.time_critical*)
 .time_critical.mutex_try_enter
                0x200000c0       0x46 usb_msc/CMakeFiles/usb_msc.dir/C_/Program_Files/Raspberry_Pi/Pico_SDK_v1.5.1/pico-sdk/src/common/pico_sync/mutex.c.obj
                0x200000c0                mutex_try_enter
 *fill*         0x20000106        0x2 
 .time_critical.mutex_enter_block_until
                0x20000108       0x8c usb_msc/CMakeFiles/usb_msc.dir/C_/Program_Files/Raspberry_Pi/Pico_SDK_v1.5.1/pico-sdk/src/common/pico_sync/mutex.c.obj
                0x20000108                mutex_enter_block_until
 .time_critical.mutex_try_enter_block_until
                0x20000194       0x34 usb_msc/CMakeFiles/usb_msc.dir/C_/Program_Files/Raspberry_Pi/Pico_SDK_v1.5.1/pico-sdk/src/common/pico_sync/mutex.c.obj
                0x20000194                mutex_try_enter_block_until
 .time_critical.mutex_enter_timeout_ms
                0x200001c8       0x68 usb_msc/CMakeFiles/usb_msc.dir/C_/Program_Files/Raspberry_Pi/Pico_SDK_v1.5.1/pico-sdk/src/common/pico_sync/mutex.c.obj
                0x200001c8                mutex_enter_timeout_ms
 .time_critical.mutex_exit
                0x20000230       0x4c usb_msc/CMakeFiles/usb_msc.dir/C_/Program_Files/Raspberry_Pi/Pico_SDK_v1.5.1/pico-sdk/src/common/pico_sync/mutex.c.obj
                0x20000230                mutex_exit
 .time_critical.flash_init_boot2_copyout
                0x2000027c       0x30 usb_msc/CMakeFiles/usb_msc.dir/C_/Program_Files/Raspberry_Pi/Pico_SDK_v1.5.1/pico-sdk/src/rp2_common/hardware_flash/flash.c.obj
 .time_critical.flash_enable_xip_via_boot2
                0x200002ac       0x10 usb_msc/CMakeFiles/usb_msc.dir/C_/Program_Files/Raspberry_Pi/Pico_SDK_v1.5.1/pico-sdk/src/rp2_common/hardware_flash/flash.c.obj
 .time_critical.flash_cs_force
                0x200002bc       0x28 usb_msc/CMakeFiles/usb_msc.dir/C_/Program_Files/Raspberry_Pi/Pico_SDK_v1.5.1/pico-sdk/src/rp2_common/hardware_flash/flash.c.obj
 .time_critical.flash_do_cmd
                0x200002e4       0xd8 usb_msc/CMakeFiles/usb_msc.dir/C_/Program_Files/Raspberry_Pi/Pico_SDK_v1.5.1/pico-sdk/src/rp2_common/hardware_flash/flash.c.obj
                0x200002e4                flash_do_cmd
 .time_critical.reset_non_control_endpoints
                0x200003bc       0x40 usb_msc/CMakeFiles/usb_msc.dir/C_/Program_Files/Raspberry_Pi/Pico_SDK_v1.5.1/pico-sdk/lib/tinyusb/src/portable/raspberrypi/rp2040/dcd_rp2040.c.obj
 .time_critical.hw_handle_buff_status
                0x200003fc       0xa4 usb_msc/CMakeFiles/usb_msc.dir/C_/Program_Files/Raspberry_Pi/Pico_SDK_v1.5.1/pico-sdk/lib/tinyusb/src/portable/raspberrypi/rp2040/dcd_rp2040.c.obj
 .time_critical.dcd_rp2040_irq
                0x200004a0      0x1cc usb_msc/CMakeFiles/usb_msc.dir/C_/Program_Files/Raspberry_Pi/Pico_SDK_v1.5.1/pico-sdk/lib/tinyusb/src/portable/raspberrypi/rp2040/dcd_rp2040.c.obj
 .time_critical.e15_is_bulkin_ep
                0x2000066c       0x2c usb_msc/CMakeFiles/usb_msc.dir/C_/Program_Files/Raspberry_Pi/Pico_SDK_v1.5.1/pico-sdk/lib/tinyusb/src/portable/raspberrypi/rp2040/rp2040_usb.c.obj
 .time_critical.e15_is_critical_frame_period
                0x20000698       0x30 usb_msc/CMakeFiles/usb_msc.dir/C_/Program_Files/Raspberry_Pi/Pico_SDK_v1.5.1/pico-sdk/lib/tinyusb/src/portable/raspberrypi/rp2040/rp2040_usb.c.obj
 .time_critical.prepare_ep_buffer
                0x200006c8       0x70 usb_msc/CMakeFiles/usb_msc.dir/C_/Program_Files/Raspberry_Pi/Pico_SDK_v1.5.1/pico-sdk/lib/tinyusb/src/portable/raspberrypi/rp2040/rp2040_usb.c.obj
 .time_critical.sync_ep_buffer
                0x20000738       0x80 usb_msc/CMakeFiles/usb_msc.dir/C_/Program_Files/Raspberry_Pi/Pico_SDK_v1.5.1/pico-sdk/lib/tinyusb/src/portable/raspberrypi/rp2040/rp2040_usb.c.obj
 .time_critical._hw_endpoint_xfer_sync
                0x200007b8       0x28 usb_msc/CMakeFiles/usb_msc.dir/C_/Program_Files/Raspberry_Pi/Pico_SDK_v1.5.1/pico-sdk/lib/tinyusb/src/portable/raspberrypi/rp2040/rp2040_usb.c.obj
 .time_critical.hw_endpoint_reset_transfer
                0x200007e0        0xc usb_msc/CMakeFiles/usb_msc.dir/C_/Program_Files/Raspberry_Pi/Pico_SDK_v1.5.1/pico-sdk/lib/tinyusb/src/portable/raspberrypi/rp2040/rp2040_usb.c.obj
                0x200007e0                hw_endpoint_reset_transfer
 .time_critical._hw_endpoint_buffer_control_update32
                0x200007ec       0x58 usb_msc/CMakeFiles/usb_msc.dir/C_/Program_Files/Raspberry_Pi/Pico_SDK_v1.5.1/pico-sdk/lib/tinyusb/src/portable/raspberrypi/rp2040/rp2040_usb.c.obj
                0x200007ec                _hw_endpoint_buffer_control_update32
 .time_critical.hw_endpoint_start_next_buffer
                0x20000844       0x88 usb_msc/CMakeFiles/usb_msc.dir/C_/Program_Files/Raspberry_Pi/Pico_SDK_v1.5.1/pico-sdk/lib/tinyusb/src/portable/raspberrypi/rp2040/rp2040_usb.c.obj
                0x20000844                hw_endpoint_start_next_buffer
 .time_critical.hw_endpoint_xfer_continue
                0x200008cc       0x50 usb_msc/CMakeFiles/usb_msc.dir/C_/Program_Files/Raspberry_Pi/Pico_SDK_v1.5.1/pico-sdk/lib/tinyusb/src/portable/raspberrypi/rp2040/rp2040_usb.c.obj
                0x200008cc                hw_endpoint_xfer_continue
 .time_critical.tinyusb
                0x2000091c      0x200 usb_msc/CMakeFiles/usb_msc.dir/C_/Program_Files/Raspberry_Pi/Pico_SDK_v1.5.1/pico-sdk/lib/tinyusb/src/device/usbd.c.obj
                0x2000091c                dcd_event_handler
 .time_critical.get_bootsel_button
                0x20000b1c       0x60 usb_msc/CMakeFiles/usb_msc.dir/C_/Program_Files/Raspberry_Pi/Pico_SDK_v1.5.1/pico-sdk/lib/tinyusb/hw/bsp/rp2040/family.c.obj
                0x20000b1c                get_bootsel_button
 .time_critical.spi_write_blocking
                0x20000b7c       0x3a usb_msc/CMakeFiles/usb_msc.dir/C_/Program_Files/Raspberry_Pi/Pico_SDK_v1.5.1/pico-sdk/src/rp2_common/hardware_spi/spi.c.obj
                0x20000b7c                spi_write_blocking
 *(.text*)
 *fill*         0x20000bb6        0x2 
 .text          0x20000bb8        0x4 c:/progra~1/raspbe~1/picosd~1.1/gcc-ar~1/bin/../lib/gcc/arm-none-eabi/10.3.1/thumb/v6-m/nofp\libgcc.a(_dvmd_tls.o)
                0x20000bb8                __aeabi_idiv0
                0x20000bb8                __aeabi_ldiv0
 *fill*         0x20000bbc        0x4 
 .text.__stub   0x20000bc0       0x90 linker stubs
                0x20000c50                . = ALIGN (0x4)
 *(.rodata*)
                0x20000c50                . = ALIGN (0x4)
 *(.data*)
 .data.blink_interval_ms
                0x20000c50        0x4 usb_msc/CMakeFiles/usb_msc.dir/main.c.obj
                0x20000c50                blink_interval_ms
 .data.string_desc_arr
                0x20000c54       0x10 usb_msc/CMakeFiles/usb_msc.dir/usb_descriptors.c.obj
                0x20000c54                string_desc_arr
 .data.FILESYSTEM
                0x20000c64    0x16000 usb_msc/CMakeFiles/usb_msc.dir/fat_util.c.obj
 .data.striped_spin_lock_num
                0x20016c64        0x1 usb_msc/CMakeFiles/usb_msc.dir/C_/Program_Files/Raspberry_Pi/Pico_SDK_v1.5.1/pico-sdk/src/rp2_common/hardware_sync/sync.c.obj
 *fill*         0x20016c65        0x3 
 .data          0x20016c68       0x48 usb_msc/CMakeFiles/usb_msc.dir/C_/Program_Files/Raspberry_Pi/Pico_SDK_v1.5.1/pico-sdk/src/rp2_common/hardware_irq/irq_handler_chain.S.obj
                0x20016c68                irq_handler_chain_slots
                0x20016c98                irq_handler_chain_first_slot
                0x20016ca2                irq_handler_chain_remove_tail
 .data.default_alarm_pool
                0x20016cb0       0x18 usb_msc/CMakeFiles/usb_msc.dir/C_/Program_Files/Raspberry_Pi/Pico_SDK_v1.5.1/pico-sdk/src/common/pico_time/time.c.obj
 .data.default_alarm_pool_heap
                0x20016cc8       0x10 usb_msc/CMakeFiles/usb_msc.dir/C_/Program_Files/Raspberry_Pi/Pico_SDK_v1.5.1/pico-sdk/src/common/pico_time/time.c.obj
 *fill*         0x20016cd8        0x8 
 .data.aeabi_bits_funcs
                0x20016ce0       0x10 usb_msc/CMakeFiles/usb_msc.dir/C_/Program_Files/Raspberry_Pi/Pico_SDK_v1.5.1/pico-sdk/src/rp2_common/pico_bit_ops/bit_ops_aeabi.S.obj
                0x20016ce0                aeabi_bits_funcs
                0x20016cf0                aeabi_bits_funcs_end
 .data.aeabi_mem_funcs
                0x20016cf0       0x10 usb_msc/CMakeFiles/usb_msc.dir/C_/Program_Files/Raspberry_Pi/Pico_SDK_v1.5.1/pico-sdk/src/rp2_common/pico_mem_ops/mem_ops_aeabi.S.obj
                0x20016cf0                aeabi_mem_funcs
                0x20016d00                aeabi_mem_funcs_end
 .data.stdio_uart